
[1m[46m RUN [49m[22m [36mv3.2.4 [39m[90mC:/Users/dbcdk/Desktop/?ъ＜?ъ씠?몄갹??[39m

 [31m횞[39m src/test/useSajuAnalysisFlow.single-service.test.tsx[2m > [22museSajuAnalysisFlow single service mode[2m > [22mprioritizes serviceId over mode=lifetime and saves identifiers as the selected service[32m 130[2mms[22m[39m
[31m   ??expected "spy" to be called with arguments: [ ObjectContaining{?? ][90m

Received: 

[1m  1st spy call:

[22m[2m  [[22m
[32m-   ObjectContaining {[90m
[31m+   {[90m
[2m      "consultationType": "saju-career-timing",[22m
[31m+     "dataPrivacyMode": "local-only",[90m
[31m+     "freeQuestion": "test question",[90m
[31m+     "guestSessionId": "guest-session-1",[90m
[31m+     "interests": [],[90m
[31m+     "isLocked": true,[90m
[31m+     "oheng": [],[90m
[31m+     "palja": {[90m
[31m+       "day": {[90m
[31m+         "gan": "蹂?,[90m
[31m+         "ji": "??,[90m
[31m+         "ohengGan": "??,[90m
[31m+         "ohengJi": "紐?,[90m
[31m+       },[90m
[31m+       "month": {[90m
[31m+         "gan": "??,[90m
[31m+         "ji": "異?,[90m
[31m+         "ohengGan": "紐?,[90m
[31m+         "ohengJi": "??,[90m
[31m+       },[90m
[31m+       "time": {[90m
[31m+         "gan": "??,[90m
[31m+         "ji": "臾?,[90m
[31m+         "ohengGan": "??,[90m
[31m+         "ohengJi": "紐?,[90m
[31m+       },[90m
[31m+       "year": {[90m
[31m+         "gan": "媛?,[90m
[31m+         "ji": "??,[90m
[31m+         "ohengGan": "紐?,[90m
[31m+         "ohengJi": "??,[90m
[31m+       },[90m
[31m+     },[90m
[31m+     "profileData": {[90m
[31m+       "birthPrecision": "exact",[90m
[31m+       "calendarType": "solar",[90m
[31m+       "day": 29,[90m
[31m+       "gender": "male",[90m
[31m+       "hour": 4,[90m
[31m+       "location": "Seoul",[90m
[31m+       "minute": 30,[90m
[31m+       "month": 6,[90m
[31m+       "name": "Tester",[90m
[31m+       "year": 1995,[90m
[31m+     },[90m
[31m+     "promptVersion": "2026-03-19",[90m
[31m+     "reportPayload": {[90m
[31m+       "actionNow": [],[90m
[31m+       "analysisBlocks": [],[90m
[31m+       "coreInsights": [],[90m
[31m+       "coreQuestion": "core question",[90m
[31m+       "evidence": [],[90m
[31m+     },[90m
[31m+     "reportPayloads": {[90m
[31m+       "saju-career-timing": {[90m
[31m+         "actionNow": [],[90m
[31m+         "analysisBlocks": [],[90m
[31m+         "coreInsights": [],[90m
[31m+         "coreQuestion": "core question",[90m
[31m+         "evidence": [],[90m
[31m+       },[90m
[31m+     },[90m
[31m+     "reportTemplateVersion": "saju-report-v2",[90m
[31m+     "requestFingerprint": "fp-single-service",[90m
[31m+     "sections": [],[90m
[31m+     "sectionsMap": {[90m
[31m+       "saju-career-timing": [],[90m
[31m+     },[90m
[31m+     "sinsal": [],[90m
[2m      "sourceServiceId": "saju-career-timing",[22m
[32m-     "unlockedItems": [[90m
[32m-       "saju-career-timing",[90m
[32m-     ],[90m
[31m+     "summaries": {[90m
[31m+       "saju-career-timing": "saju-career-timing summary",[90m
[31m+     },[90m
[31m+     "summary": "saju-career-timing summary",[90m
[31m+     "unlockedItems": [],[90m
[31m+     "yongsin": [],[90m
[2m    },[22m
[2m  ][22m
[31m[90m

Number of calls: [1m1[22m
[31m[39m
 [32m??[39m src/test/useSajuAnalysisFlow.single-service.test.tsx[2m > [22museSajuAnalysisFlow single service mode[2m > [22mprioritizes serviceId over mode=new-year-2026[32m 8[2mms[22m[39m
 [32m??[39m src/test/useSajuAnalysisFlow.single-service.test.tsx[2m > [22museSajuAnalysisFlow single service mode[2m > [22mpreloads selected today category before navigating to personal fortune page[32m 14[2mms[22m[39m
 [32m??[39m src/test/useSajuAnalysisFlow.single-service.test.tsx[2m > [22museSajuAnalysisFlow single service mode[2m > [22mpreloads total category when today mode categoryId is missing[32m 9[2mms[22m[39m
 [32m??[39m src/test/love.input-stepper.test.tsx[2m > [22mLoveInputStepper[2m > [22mdoes not render partner input card for future-partner[33m 352[2mms[22m[39m
 [32m??[39m src/test/love.input-stepper.test.tsx[2m > [22mLoveInputStepper[2m > [22mrenders partner input card for couple-report[32m 112[2mms[22m[39m
 [32m??[39m src/test/love.input-stepper.test.tsx[2m > [22mLoveInputStepper[2m > [22mblocks navigation without required selection[32m 151[2mms[22m[39m
 [32m??[39m src/test/love.input-stepper.test.tsx[2m > [22mLoveInputStepper[2m > [22mshows detail question after selecting scenario in step 1[32m 114[2mms[22m[39m
[90mstdout[2m | src/test/cosmic.calendar.page.test.tsx
[22m[39mSupabase URL in use: https://wyotcagrklohprtaarqa.supabase.co

 [32m??[39m src/test/love.input-stepper.test.tsx[2m > [22mLoveInputStepper[2m > [22mshows breakup branch questions for crush-reunion[32m 144[2mms[22m[39m
 [32m??[39m src/test/cosmic.calendar.page.test.tsx[2m > [22mCosmicCalendarPage[2m > [22mdoes not auto-run and uses only manually entered profile[33m 600[2mms[22m[39m
 [32m??[39m src/test/love.input-stepper.test.tsx[2m > [22mLoveInputStepper[2m > [22mkeeps chosen answers when user goes back[33m 502[2mms[22m[39m
 [32m??[39m src/test/cosmic.calendar.page.test.tsx[2m > [22mCosmicCalendarPage[2m > [22mrenders safely when expert notes is empty[33m 335[2mms[22m[39m
[90mstdout[2m | src/test/astrology.checkout-flow.test.tsx
[22m[39mSupabase URL in use: https://wyotcagrklohprtaarqa.supabase.co

 [32m??[39m src/test/cosmic.calendar.page.test.tsx[2m > [22mCosmicCalendarPage[2m > [22mshows api error state when request fails[33m 385[2mms[22m[39m
 [32m??[39m src/test/saju.collection-tabs.single-view.test.tsx[2m > [22mSajuCollectionTabs single service view[2m > [22mdoes not render tab list when only one service id is provided[32m 147[2mms[22m[39m
 [32m??[39m src/test/saju.collection-tabs.single-view.test.tsx[2m > [22mSajuCollectionTabs single service view[2m > [22mkeeps overview focus cards for 2026 overview service[32m 109[2mms[22m[39m
 [31m횞[39m src/test/saju.collection-tabs.daeun-timeline.test.tsx[2m > [22mSajuCollectionTabs daeun timeline[2m > [22mrenders daeun timeline and long horizon sections before core cards[33m 379[2mms[22m[39m
[31m   ??Found multiple elements with the text: /3~5??

Here are the matching elements:

Ignored nodes: comments, script, style
[36m<p[31m
  [33mclass[31m=[32m"mt-2 text-sm font-semibold leading-relaxed text-[#24303F]"[31m
[36m>[31m
  [0m?꾪솚湲??듭떖 ?먮쫫. 2026???꾪솚 珥됰컻 ?곕룄?낅땲?? ?꾪솚 ?좏샇 2. 3~5?? ?щ같移섎맂 異?諛섎났.[0m
[36m</p>[31m

Ignored nodes: comments, script, style
[36m<p[31m
  [33mclass[31m=[32m"text-xs font-black text-[#24303F]"[31m
[36m>[31m
  [0m[[0m
  [0m3~5??[0m
  [0m][0m
  [0m [0m
  [36m<span[31m
    [33mclass[31m=[32m"text-slate-500"[31m
  [36m>[31m
    [0m2029~2031??[0m
  [36m</span>[31m
[36m</p>[31m

Ignored nodes: comments, script, style
[36m<p[31m
  [33mclass[31m=[32m"text-sm leading-relaxed text-slate-700"[31m
[36m>[31m
  [0m3~5?? ?щ같移섎맂 異?諛섎났.[0m
[36m</p>[31m

(If this is intentional, then use the `*AllBy*` variant of the query (like `queryAllByText`, `getAllByText`, or `findAllByText`)).

Ignored nodes: comments, script, style
[36m<body>[31m
  [36m<div>[31m
    [36m<section[31m
      [33mclass[31m=[32m"space-y-5 md:space-y-6"[31m
    [36m>[31m
      [36m<article[31m
        [33mclass[31m=[32m"rounded-3xl border border-[#24303F]/10 bg-[#F8FBFF] p-6"[31m
      [36m>[31m
        [36m<p[31m
          [33mclass[31m=[32m"text-[11px] font-bold tracking-wide text-slate-500"[31m
        [36m>[31m
          [0m由ы룷???붿빟[0m
        [36m</p>[31m
        [36m<h3[31m
          [33mclass[31m=[32m"mt-2 text-lg font-black text-[#24303F]"[31m
        [36m>[31m
          [0m????꾪솚 ?쒓렇??[0m
        [36m</h3>[31m
        [36m<p[31m
          [33mclass[31m=[32m"mt-2 whitespace-pre-line text-[15px] leading-[1.8] text-[#24303F]"[31m
        [36m>[31m
          [0m????꾪솚 ?붿빟[0m
        [36m</p>[31m
        [36m<div[31m
          [33mclass[31m=[32m"mt-4 rounded-xl border border-amber-200 bg-amber-50/70 px-4 py-3"[31m
        [36m>[31m
          [36m<p[31m
            [33mclass[31m=[32m"text-[11px] font-black text-amber-700"[31m
          [36m>[31m
            [0m?듭떖 吏덈Ц[0m
          [36m</p>[31m
          [36m<p[31m
            [33mclass[31m=[32m"mt-1 text-sm font-semibold text-amber-900"[31m
          [36m>[31m
            [0m吏湲??꾪솚湲곗뿉??臾댁뾿??諛붾뚭퀬 ?대뼸寃??鍮꾪븷源?[0m
          [36m</p>[31m
        [36m</div>[31m
      [36m</article>[31m
      [36m<section[31m
        [33mclass[31m=[32m"space-y-4 rounded-3xl border border-[#24303F]/10 bg-white p-6"[31m
      [36m>[31m
        [36m<h4[31m
          [33mclass[31m=[32m"text-base font-black text-[#24303F]"[31m
        [36m>[31m
          [0m?꾪솚 ?좏샇[0m
        [36m</h4>[31m
        [36m<ul[31m
          [33mclass[31m=[32m"space-y-2.5 text-sm leading-relaxed text-slate-700"[31m
        [36m>[31m
          [36m<li>[31m
            [0m2026???꾪솚 珥됰컻 ?곕룄?낅땲??[0m
          [36m</li>[31m
          [36m<li>[31m
            [0m?꾪솚 ?좏샇 1.[0m
          [36m</li>[31m
          [36m<li>[31m
            [0m?꾪솚 ?좏샇 2.[0m
          [36m</li>[31m
          [36m<li>[31m
            [0m蹂???ъ씤??1.[0m
          [36m</li>[31m
          [36m<li>[31m
            [0m蹂???ъ씤??2.[0m
          [36m</li>[31m
        [36m</ul>[31m
      [36m</section>[31m
      [36m<section[31m
        [33mclass[31m=[32m"space-y-4 rounded-3xl border border-[#24303F]/10 bg-white p-6"[31m
      [36m>[31m
        [36m<h4[31m
          [33mclass[31m=[32m"text-base font-black text-[#24303F]"[31m
        [36m>[31m
          [0m?꾪솚 ?먮쫫 ??꾨씪??4?④퀎)[0m
        [36m</h4>[31m
        [36m<div[31m
          [33mclass[31m=[32m"grid grid-cols-1 gap-4 md:grid-cols-2"[31m
        [36m>[31m
          [36m<article[31m
            [33mclass[31m=[32m"rounded-2xl border border-[#24303F]/10 bg-[#F8FBFF] p-5"[31m
          [36m>[31m
            [36m<p[31m
              [33mclass[31m=[32m"text-xs font-black text-slate-500"[31m
            [36m>[31m
              [0m1[0m
              [0m?④퀎[0m
            [36m</p>[31m
            [36m<p[31m
              [33mclass[31m=[32m"mt-1 text-sm font-black text-[#24303F]"[31m
            [36m>[31m
              [0m?꾪솚 ??以鍮꾧린[0m
            [36m</p>[31m
            [36m<p[31m
              [33mclass[31m=[32m"mt-1 text-xs font-semibold text-slate-500"[31m
            [36m>[31m
              [0m2024~2025??[0m
            [36m</p>[31m
            [36m<p[31m
              [33mclass[31m=[32m"text-xs text-slate-500"[31m
            [36m>[31m
              [0m34~35??[0m
            [36m</p>[31m
            [36m<p[31m
              [33mclass[31m=[32m"mt-2 text-sm font-semibold leading-relaxed text-[#24303F]"[31m
            [36m>[31m
              [0m?꾪솚 ??以鍮꾧린 ?듭떖 ?먮쫫. 2026???꾪솚 珥됰컻 ?곕룄?낅땲?? ?꾪솚 ?좏샇 1. 1~2?? ?꾪솚 吏곹썑 湲곗? 怨좎젙.[0m
            [36m</p>[31m
            [36m<p[31m
              [33mclass[31m=[32m"mt-2 text-sm leading-relaxed text-slate-600"[31m
            [36m>[31m
              [0m?꾪솚 ??以鍮꾧린 洹쇨굅. 洹쇨굅 1. 蹂???ъ씤??1.[0m
            [36m</p>[31m
            [36m<div[31m
              [33mclass[31m=[32m"mt-4 grid grid-cols-1 gap-3 md:grid-cols-3"[31m
            [36m>[31m
              [36m<section[31m
                [33mclass[31m=[32m"rounded-xl border border-[#24303F]/10 bg-white/90 p-3"[31m
              [36m>[31m
                [36m<p[31m
                  [33mclass[31m=[32m"text-[11px] font-black text-[#24303F]"[31m
                [36m>[31m
                  [0m湲고쉶 異?[0m
                [36m</p>[31m
                [36m<ul[31m
                  [33mclass[31m=[32m"mt-1 space-y-1.5 text-xs leading-relaxed text-slate-700"[31m
                [36m>[31m
                  [36m<li>[31m
                    [0m以鍮꾧린 湲고쉶 1.[0m
                  [36m</li>[31m
                  [36m<li>[31m
                    [0m以鍮꾧린 湲고쉶 2.[0m
                  [36m</li>[31m
                [36m</ul>[31m
              [36m</section>[31m
              [36m<section[31m
                [33mclass[31m=[32m"rounded-xl border border-[#24303F]/10 bg-white/90 p-3"[31m
              [36m>[31m
                [36m<p[31m
                  [33mclass[31m=[32m"text-[11px] font-black text-[#24303F]"[31m
                [36m>[31m
                  [0m由ъ뒪??異?[0m
                [36m</p>[31m
                [36m<ul[31m
                  [33mclass[31m=[32m"mt-1 space-y-1.5 text-xs leading-relaxed text-slate-700"[31m
                [36m>[31m
                  [36m<li>[31m
                    [0m以鍮꾧린 由ъ뒪??1.[0m
                  [36m</li>[31m
                  [36m<li>[31m
                    [0m以鍮꾧린 由ъ뒪??2.[0m
                  [36m</li>[31m
                [36m</ul>[31m
              [36m</section>[31m
              [36m<section[31m
                [33mclass[31m=[32m"rounded-xl border border-[#24303F]/10 bg-white/90 p-3"[31m
              [36m>[31m
                [36m<p[31m
                  [33mclass[31m=[32m"text-[11px] font-black text-[#24303F]"[31m
                [36m>[31m
                  [0m?됰룞 異?[0m
                [36m</p>[31m
                [36m<ul[31m
                  [33mclass[31m=[32m"mt-1 space-y-1.5 text-xs leading-relaxed text-slate-700"[31m
                [36m>[31m
                  [36m<li>[31m
                    [0m以鍮꾧린 ?됰룞 1.[0m
                  [36m</li>[31m
                  [36m<li>[31m
                    [0m以鍮꾧린 ?됰룞 2.[0m
                  [36m</li>[31m
                [36m</ul>[31m
              [36m</section>[31m
            [36m</div>[31m
          [36m</article>[31m
          [36m<article[31m
            [33mclass[31m=[32m"rounded-2xl border border-[#24303F]/10 bg-[#F8FBFF] p-5"[31m
          [36m>[31m
            [36m<p[31m
              [33mclass[31m=[32m"text-xs font-black text-slate-500"[31m
            [36m>[31m
              [0m2[0m
              [0m?④퀎[0m
  ...[39m
 [32m??[39m src/test/saju.collection-tabs.daeun-timeline.test.tsx[2m > [22mSajuCollectionTabs daeun timeline[2m > [22mkeeps daeun comparison as a compact summary and hides generic analysis block labels[32m 166[2mms[22m[39m
 [31m횞[39m src/test/saju.collection-tabs.single-view.test.tsx[2m > [22mSajuCollectionTabs single service view[2m > [22mrenders focused study deep-dive section instead of shared focus cards[32m 191[2mms[22m[39m
[31m   ??Unable to find an element with the text: 湲고쉶 ?쒖젏. This could be because the text is broken up by multiple elements. In this case, you can provide a function for your text matcher to make your matcher more flexible.

Ignored nodes: comments, script, style
[36m<body>[31m
  [36m<div>[31m
    [36m<section[31m
      [33mclass[31m=[32m"space-y-5 md:space-y-6"[31m
    [36m>[31m
      [36m<article[31m
        [33mclass[31m=[32m"rounded-3xl border border-[#24303F]/10 bg-[#F8FBFF] p-6"[31m
      [36m>[31m
        [36m<p[31m
          [33mclass[31m=[32m"text-[11px] font-bold tracking-wide text-slate-500"[31m
        [36m>[31m
          [0m由ы룷???붿빟[0m
        [36m</p>[31m
        [36m<h3[31m
          [33mclass[31m=[32m"mt-2 text-lg font-black text-[#24303F]"[31m
        [36m>[31m
          [0m2026 ?숈뾽/?쒗뿕??[0m
        [36m</h3>[31m
        [36m<p[31m
          [33mclass[31m=[32m"mt-2 whitespace-pre-line text-[15px] leading-[1.8] text-[#24303F]"[31m
        [36m>[31m
          [0m2026 ?쒗뿕쨌?숈뾽??[0m
        [36m</p>[31m
        [36m<div[31m
          [33mclass[31m=[32m"mt-4 rounded-xl border border-amber-200 bg-amber-50/70 px-4 py-3"[31m
        [36m>[31m
          [36m<p[31m
            [33mclass[31m=[32m"text-[11px] font-black text-amber-700"[31m
          [36m>[31m
            [0m?듭떖 吏덈Ц[0m
          [36m</p>[31m
          [36m<p[31m
            [33mclass[31m=[32m"mt-1 text-sm font-semibold text-amber-900"[31m
          [36m>[31m
            [0m2026???쒗뿕쨌?숈뾽 ?먮쫫?먯꽌 ?깃낵瑜??믪씠?ㅻ㈃ 臾댁뾿???곗꽑?댁빞 ?섎뒗媛?[0m
          [36m</p>[31m
        [36m</div>[31m
      [36m</article>[31m
      [36m<div[31m
        [33mclass[31m=[32m"grid grid-cols-1 gap-4 md:grid-cols-3"[31m
      [36m>[31m
        [36m<article[31m
          [33mclass[31m=[32m"rounded-3xl border border-[#24303F]/10 bg-white p-5"[31m
        [36m>[31m
          [36m<h4[31m
            [33mclass[31m=[32m"text-sm font-black text-[#24303F]"[31m
          [36m>[31m
            [0m?듭떖 ?몄궗?댄듃[0m
          [36m</h4>[31m
          [36m<ul[31m
            [33mclass[31m=[32m"mt-2 space-y-2.5 text-sm leading-relaxed text-slate-700"[31m
          [36m>[31m
            [36m<li>[31m
              [0m猷⑦떞 ?좎?媛 ?먯닔 ?덉젙?쇰줈 ?댁뼱吏묐땲??[0m
            [36m</li>[31m
          [36m</ul>[31m
        [36m</article>[31m
        [36m<article[31m
          [33mclass[31m=[32m"rounded-3xl border border-[#24303F]/10 bg-white p-5"[31m
        [36m>[31m
          [36m<h4[31m
            [33mclass[31m=[32m"text-sm font-black text-[#24303F]"[31m
          [36m>[31m
            [0m吏湲??≪뀡[0m
          [36m</h4>[31m
          [36m<ul[31m
            [33mclass[31m=[32m"mt-2 space-y-2.5 text-sm leading-relaxed text-slate-700"[31m
          [36m>[31m
            [36m<li>[31m
              [0m?ㅼ쟾 怨쇰ぉ 1媛쒕? 癒쇱? 怨좎젙?섏꽭??[0m
            [36m</li>[31m
          [36m</ul>[31m
        [36m</article>[31m
        [36m<article[31m
          [33mclass[31m=[32m"rounded-3xl border border-[#24303F]/10 bg-white p-5"[31m
        [36m>[31m
          [36m<h4[31m
            [33mclass[31m=[32m"text-sm font-black text-[#24303F]"[31m
          [36m>[31m
            [0m洹쇨굅[0m
          [36m</h4>[31m
          [36m<ul[31m
            [33mclass[31m=[32m"mt-2 space-y-2.5 text-sm leading-relaxed text-slate-700"[31m
          [36m>[31m
            [36m<li>[31m
              [0m珥덈컲 吏묒쨷 ?좏샇媛 媛뺥빀?덈떎.[0m
            [36m</li>[31m
          [36m</ul>[31m
        [36m</article>[31m
      [36m</div>[31m
      [36m<div[31m
        [33mclass[31m=[32m"grid grid-cols-1 gap-4 md:grid-cols-2"[31m
      [36m>[31m
        [36m<article[31m
          [33mclass[31m=[32m"rounded-2xl border border-[#24303F]/10 bg-white p-5"[31m
        [36m>[31m
          [36m<p[31m
            [33mclass[31m=[32m"text-xs font-black text-slate-500"[31m
          [36m>[31m
            [0m1遺꾧린[0m
            [0m 쨌 [0m
            [0m1遺꾧린[0m
          [36m</p>[31m
          [36m<p[31m
            [33mclass[31m=[32m"mt-2 text-sm font-semibold leading-relaxed text-[#24303F]"[31m
          [36m>[31m
            [0m湲곗큹瑜?鍮좊Ⅴ寃??ㅼ?怨??ㅼ쟾 媛먭컖???뺣━?섎뒗 援ш컙?낅땲??[0m
          [36m</p>[31m
          [36m<p[31m
            [33mclass[31m=[32m"mt-2 text-sm leading-relaxed text-slate-600"[31m
          [36m>[31m
            [0m珥덈컲 吏묒쨷?μ씠 媛뺥빀?덈떎.[0m
          [36m</p>[31m
          [36m<div[31m
            [33mclass[31m=[32m"mt-4 grid grid-cols-1 items-start gap-3 md:grid-cols-3"[31m
          [36m>[31m
            [36m<section[31m
              [33mclass[31m=[32m"h-fit self-start rounded-xl border border-[#24303F]/10 bg-[#F8FBFF] p-3"[31m
            [36m>[31m
              [36m<p[31m
                [33mclass[31m=[32m"text-[11px] font-black text-[#24303F]"[31m
              [36m>[31m
                [0m二쇱슂 湲고쉶[0m
              [36m</p>[31m
              [36m<ul[31m
                [33mclass[31m=[32m"mt-1 space-y-2 text-xs leading-relaxed text-slate-700"[31m
              [36m>[31m
                [36m<li>[31m
                  [0m湲곗큹 怨쇰ぉ ?좎젏[0m
                [36m</li>[31m
              [36m</ul>[31m
            [36m</section>[31m
            [36m<section[31m
              [33mclass[31m=[32m"h-fit self-start rounded-xl border border-[#24303F]/10 bg-[#F8FBFF] p-3"[31m
            [36m>[31m
              [36m<p[31m
                [33mclass[31m=[32m"text-[11px] font-black text-[#24303F]"[31m
              [36m>[31m
                [0m由ъ뒪??[0m
              [36m</p>[31m
              [36m<ul[31m
                [33mclass[31m=[32m"mt-1 space-y-2 text-xs leading-relaxed text-slate-700"[31m
              [36m>[31m
                [36m<li>[31m
                  [0m怨쇰ぉ 蹂묓뻾 怨쇰떎[0m
                [36m</li>[31m
              [36m</ul>[31m
            [36m</section>[31m
            [36m<section[31m
              [33mclass[31m=[32m"h-fit self-start rounded-xl border border-[#24303F]/10 bg-[#F8FBFF] p-3"[31m
            [36m>[31m
              [36m<p[31m
                [33mclass[31m=[32m"text-[11px] font-black text-[#24303F]"[31m
              [36m>[31m
                [0m?됰룞 ?꾨왂[0m
              [36m</p>[31m
              [36m<ul[31m
                [33mclass[31m=[32m"mt-1 space-y-2 text-xs leading-relaxed text-slate-700"[31m
              [36m>[31m
                [36m<li>[31m
                  [0m?ㅻ떟 猷⑦떞 怨좎젙[0m
                [36m</li>[31m
              [36m</ul>[31m
            [36m</section>[31m
          [36m</div>[31m
        [36m</article>[31m
      [36m</div>[31m
      [36m<section[31m
        [33mclass[31m=[32m"space-y-4 rounded-3xl border border-[#24303F]/10 bg-[#F8FBFF] p-6"[31m
      [36m>[31m
        [36m<h4[31m
          [33mclass[31m=[32m"text-base font-black text-[#24303F]"[31m
        [36m>[31m
          [0m?쒗뿕쨌?숈뾽???ы솕 ?댁꽍[0m
        [36m</h4>[31m
        [36m<div[31m
          [33mclass[31m=[32m"grid grid-cols-1 gap-4 md:grid-cols-2"[31m
        [36m>[31m
          [36m<article[31m
            [33mclass[31m=[32m"rounded-2xl border border-[#24303F]/10 bg-white p-5"[31m
          [36m>[31m
            [36m<h4[31m
              [33mclass[31m=[32m"text-sm font-black text-[#24303F]"[31m
            [36m>[31m
              [0m吏묒쨷 ?먮쫫[0m
            [36m</h4>[31m
            [36m<p[31m
              [33mclass[31m=[32m"mt-2 whitespace-pre-line text-sm leading-relaxed text-slate-700"[31m
            [36m>[31m
              [0m?곷컲湲곗뿉??紐곗엯 ?띾룄媛 鍮좊Ⅴ怨??섎컲湲곗뿉???뺣━ 媛뺣룄媛 ?믪븘吏묐땲?? ?듭떖 怨쇰ぉ??諛섎났 二쇨린瑜?怨좎젙?섎㈃ ?먯닔 蹂?숉룺??以꾩씪 ???덉뒿?덈떎. 湲곗큹瑜?鍮좊Ⅴ寃??ㅼ?怨??ㅼ쟾 媛먭컖???뺣━?섎뒗 援ш컙?낅땲??[0m
            [36m</p>[31m
          [36m</article>[31m
          [36m<article[31m
            [33mclass[31m=[32m"rounded-2xl border border-[#24303F]/10 bg-white p-5"[31m
          [36m>[31m
            [36m<h4[31m
              [33mclass[31m=[32m"text-sm font-black text-[#24303F]"[31m
            [36m>[31m
              [0m?밸? ?쒖젏[0m
            [36m</h4>[31m
            [36m<div[31m
              [33mclass[31m=[32m"mt-2 space-y-2"[31m
            [36m>[31m
              [36m<p[31m
                [33mclass[31m=[32m"text-sm leading-relaxed text-slate-700"[31m
              [36m>[31m
                [0m2遺꾧린?먮뒗 吏??蹂?숉룺??以꾩뼱?ㅻŉ 吏꾨룄 ?좎젏???깆쟻 ?곸듅?쇰줈 ?댁뼱吏?媛?μ꽦???쎈땲??[0m
              [36m</p>[31m
              [36m<p[31m
                [33mclass[31m=[32m"text-sm leading-relaxed text-slate-700"[31m
              [36m>[31m
                [0m4遺꾧린?먮뒗 ?ㅼ쟾 猷⑦떞??以꾩씠吏 留먭퀬 理쒖쥌 ?뺣━ 踰붿쐞瑜?醫곹? 留덈Т由?吏묒쨷?꾨? ?щ━?몄슂.[0m
              [36m</p>[31m
            [36m</div>[31m
          [36m</article>[31m
          [36m<article[31m
            [33mclass[31m=[32m"rounded-2xl border border-[#24303F]/10 bg-white p-5"[31m
          [36m>[31m
            [36m<h4[31m
              [33mclass[31m=[32m"text-sm font-black text-[#24303F]"[31m
            [36m>[31m
              [0m?ㅼ닔 ?⑦꽩[0m
            [36m</h4>[31m
            [36m<div[31m
              [33mclass[31m=[32m"mt-2 space-y-2"[31m
            [36m>[31m
              [36m<p[31m
                [33mclass[31m=[32m"text-sm leading-relaxed text-slate-700"[31m
              [36m>[31m
                [0m珥덈컲 ?깃낵 吏곹썑 怨쇰ぉ ?섎? 湲됯꺽???섎━硫?蹂듭뒿 ?쒓컙??臾대꼫???꾩껜 ?⑥쑉???⑥뼱吏묐땲??[0m
              [36m</p>[31m
              [36m<p[31m
                [33mclass[31m=[32m"text-sm leading-relaxed text-slate-700"[31m
              [36m>[31m
                [0m?ㅻ떟 援ъ“ 遺꾩꽍 ?놁씠 臾몄젣 ?섎쭔 ?섎━硫?泥닿컧 ?몃젰 ?鍮??깃낵媛 ?묒븘吏묐땲??[0m
              [36m</p>[31m
            [36m</div>[31m
          [36m</article>[31m
          [36m<article[31m
            [33mclass[31m=[32m"rounded-2xl border border-[#24303F]/10 bg-white p-5"[31m
          [36m>[31m
            [36m<h4[31m
              [33mclass[31m=[32m"text-sm font-black text-[#24303F]"[31m
            [36m>[31m
              [0m?⑷꺽 ?됰룞[0m
            [36m</h4>[31m
            [36m<div[31m
              [33mclass[31m=[32m"mt-2 space-y-2"[31m
            [36m>[31m
              [36m<p[31m
                [33mclass[31m=[32m"text-sm leading-relaxed text-slate-700"[31m
              [36m>[31m
                [0m?듭떖 怨쇰ぉ? 留ㅼ씪 媛숈? ?쒓컙??諛곗튂??吏묒쨷 ?쒖옉 ?쒓컙???먮룞?뷀븯?몄슂.[0m
              [36m</p>[31m
              [36m<p[31m
                [33mclass[31m=[32m"text-sm leading-relaxed text-slate-700"[31m
              [36m>[31m
                [0m二?2???ㅻ떟 蹂듦린? 二?1???ㅼ쟾 ?쒓컙 痢≪젙??怨좎젙?섎㈃ ?쒗뿕 ?곸쓳?μ쓣 ?믪씪 ???덉뒿?덈떎.[0m
              [36m</p>[31m
            [36m</div>[31m
          [36m</article>[31m
          [36m<article[31m
            [33mclass[31m=[32m"rounded-2xl border border-[#24303F]/10 bg-white p-5 md:col-span-2"[31m
          [36m>[31m
            [36m<h4[31m
              [33mclass[31m=[32m"text-sm font-black text-[#24303F]"[31m
            [36m>[31m
              [0m?댁꽍 洹쇨굅[0m
            [36m</h4>[31m
            [36m<div[31m
              [33mclass[31m=[32m"mt-2 space-y-2"[31m
            [36m>[31m
              [36m<p[31m
                [33mclass[31m=[32m"text-sm leading-relaxed text-slate-700"[31m
              [36m>[31m
                [0m?쒗뿕쨌?숈뾽?댁? 珥덈컲 異붿쭊怨?以묐컲 議곗젙??諛섎났??猷⑦떞 ?좎?媛 ?ㅼ쟾 蹂?숉룺??以꾩엯?덈떎.[0m
              [36m</p>[31m
              [36m<p[31m
                [33mclass[31m=[32m"text-sm leading-relaxed text-slate-700"[31m
              [36m>[31m
                [0m遺꾧린蹂?吏꾨룄 ?좎젏怨??ㅻ떟 ?뺣━ 媛뺣룄瑜??섎늻硫?理쒖쥌 ?깃낵 李⑥씠媛 諛쒖깮?⑸땲??[0m
              [36m</p>[31m
            [36m</div>[31m
          [36m</article>[31m
        [36m</div>[31m
      [36m</section>[31m
    [36m</section>[31m
  [36m</div>[31m
[36m</body>[31m[39m
 [31m횞[39m src/test/astrology.checkout-flow.test.tsx[2m > [22mAstrology checkout flow[2m > [22mnavigates immediately to purchased page in local QA mode[32m 198[2mms[22m[39m
[31m   ??Unable to find an element by: [data-testid="mock-complete-payment"]

Ignored nodes: comments, script, style
[36m<body>[31m
  [36m<div>[31m
    [36m<div[31m
      [33mdata-testid[31m=[32m"mock-shell"[31m
    [36m>[31m
      [36m<div[31m
        [33mclass[31m=[32m"mx-auto w-full max-w-4xl"[31m
      [36m>[31m
        [36m<div[31m
          [33mstyle[31m=[32m"opacity: 0; transform: scale(0.98);"[31m
        [36m>[31m
          [36m<div[31m
            [33mdata-testid[31m=[32m"mock-intro"[31m
          [36m/>[31m
        [36m</div>[31m
      [36m</div>[31m
    [36m</div>[31m
  [36m</div>[31m
[36m</body>[31m[39m
 [32m??[39m src/test/auth.onboarding-routing.test.tsx[2m > [22mauth onboarding routing[2m > [22mmoves to verify-email when signup returns a session[33m 627[2mms[22m[39m
 [31m횞[39m src/test/fortune.quick.page.test.tsx[2m > [22mFortuneQuickPage[2m > [22mloads zodiac and star-sign fortune cards independently[33m 1564[2mms[22m[39m
[31m   ??Found multiple elements with the text: 蹂꾩옄由??댁꽭

Here are the matching elements:

Ignored nodes: comments, script, style
[36m<h2[31m
  [33mclass[31m=[32m"text-title text-foreground"[31m
[36m>[31m
  [0m蹂꾩옄由??댁꽭[0m
[36m</h2>[31m

Ignored nodes: comments, script, style
[36m<h3[31m
  [33mclass[31m=[32m"mt-1 text-title text-foreground"[31m
[36m>[31m
  [0m蹂꾩옄由??댁꽭[0m
[36m</h3>[31m

(If this is intentional, then use the `*AllBy*` variant of the query (like `queryAllByText`, `getAllByText`, or `findAllByText`)).

Ignored nodes: comments, script, style
[36m<body>[31m
  [36m<div>[31m
    [36m<div[31m
      [33mclass[31m=[32m"relative min-h-screen bg-background flex flex-col"[31m
    [36m>[31m
      [36m<div[31m
        [33mclass[31m=[32m"relative z-10 flex-grow"[31m
      [36m>[31m
        [36m<header[31m
          [33mclass[31m=[32m"sticky top-0 z-gnb border-b border-border bg-background/95 backdrop-blur"[31m
        [36m>[31m
          [36m<div[31m
            [33mclass[31m=[32m"container mx-auto flex h-16 items-center justify-between px-sp-4"[31m
          [36m>[31m
            [36m<a[31m
              [33mclass[31m=[32m"flex items-center gap-sp-3"[31m
              [33mhref[31m=[32m"/category/saju"[31m
            [36m>[31m
              [36m<div[31m
                [33mclass[31m=[32m"flex h-10 w-10 items-center justify-center rounded-xl bg-[#24303F] text-[#C9A86A]"[31m
              [36m>[31m
                [36m<svg[31m
                  [33maria-hidden[31m=[32m"true"[31m
                  [33mclass[31m=[32m"lucide lucide-moon-star h-5 w-5"[31m
                  [33mfill[31m=[32m"none"[31m
                  [33mheight[31m=[32m"24"[31m
                  [33mstroke[31m=[32m"currentColor"[31m
                  [33mstroke-linecap[31m=[32m"round"[31m
                  [33mstroke-linejoin[31m=[32m"round"[31m
                  [33mstroke-width[31m=[32m"2"[31m
                  [33mviewBox[31m=[32m"0 0 24 24"[31m
                  [33mwidth[31m=[32m"24"[31m
                  [33mxmlns[31m=[32m"http://www.w3.org/2000/svg"[31m
                [36m>[31m
                  [36m<path[31m
                    [33md[31m=[32m"M18 5h4"[31m
                  [36m/>[31m
                  [36m<path[31m
                    [33md[31m=[32m"M20 3v4"[31m
                  [36m/>[31m
                  [36m<path[31m
                    [33md[31m=[32m"M20.985 12.486a9 9 0 1 1-9.473-9.472c.405-.022.617.46.402.803a6 6 0 0 0 8.268 8.268c.344-.215.825-.004.803.401"[31m
                  [36m/>[31m
                [36m</svg>[31m
              [36m</div>[31m
              [36m<div[31m
                [33mclass[31m=[32m"min-w-0"[31m
              [36m>[31m
                [36m<span[31m
                  [33mclass[31m=[32m"block text-title font-editorial text-foreground"[31m
                [36m>[31m
                  [0m?ъ＜ ?몄궗?댄듃[0m
                [36m</span>[31m
                [36m<span[31m
                  [33mclass[31m=[32m"block text-[11px] font-semibold text-text-secondary"[31m
                [36m>[31m
                  [0mPremium Wellness Editorial[0m
                [36m</span>[31m
              [36m</div>[31m
            [36m</a>[31m
            [36m<nav[31m
              [33mclass[31m=[32m"hidden items-center gap-sp-6 md:flex"[31m
            [36m>[31m
              [36m<a[31m
                [33mclass[31m=[32m"transition-fast hover:text-foreground text-text-secondary font-medium"[31m
                [33mhref[31m=[32m"/saju"[31m
              [36m>[31m
                [0m???ъ＜[0m
              [36m</a>[31m
              [36m<a[31m
                [33mclass[31m=[32m"transition-fast hover:text-foreground text-primary font-bold"[31m
                [33mhref[31m=[32m"/fortune"[31m
              [36m>[31m
                [0m?댁꽭[0m
              [36m</a>[31m
              [36m<a[31m
                [33mclass[31m=[32m"transition-fast hover:text-foreground text-text-secondary font-medium"[31m
                [33mhref[31m=[32m"/love/couple-report"[31m
              [36m>[31m
                [0m沅곹빀[0m
              [36m</a>[31m
              [36m<a[31m
                [33mclass[31m=[32m"transition-fast hover:text-foreground text-text-secondary font-medium"[31m
                [33mhref[31m=[32m"/result"[31m
              [36m>[31m
                [0m理쒓렐 寃곌낵[0m
              [36m</a>[31m
              [36m<button[31m
                [33mclass[31m=[32m"text-button font-medium text-text-secondary transition-fast hover:text-red-500"[31m
              [36m>[31m
                [0m??젣[0m
              [36m</button>[31m
            [36m</nav>[31m
            [36m<div[31m
              [33mclass[31m=[32m"hidden items-center gap-2 md:flex"[31m
            [36m>[31m
              [36m<a[31m
                [33mclass[31m=[32m"inline-flex h-10 items-center justify-center rounded-full border border-border bg-white px-4 text-[13px] font-semibold text-text-secondary transition-fast hover:bg-bg-subtle hover:text-foreground"[31m
                [33mhref[31m=[32m"/help"[31m
              [36m>[31m
                [0m臾몄쓽?섍린[0m
              [36m</a>[31m
            [36m</div>[31m
            [36m<button[31m
              [33maria-label[31m=[32m"硫붾돱 ?닿린"[31m
              [33mclass[31m=[32m"flex h-11 w-11 items-center justify-center rounded-md border border-border bg-white md:hidden"[31m
            [36m>[31m
              [36m<svg[31m
                [33maria-hidden[31m=[32m"true"[31m
                [33mclass[31m=[32m"lucide lucide-menu"[31m
                [33mfill[31m=[32m"none"[31m
                [33mheight[31m=[32m"20"[31m
                [33mstroke[31m=[32m"currentColor"[31m
                [33mstroke-linecap[31m=[32m"round"[31m
                [33mstroke-linejoin[31m=[32m"round"[31m
                [33mstroke-width[31m=[32m"2"[31m
                [33mviewBox[31m=[32m"0 0 24 24"[31m
                [33mwidth[31m=[32m"20"[31m
                [33mxmlns[31m=[32m"http://www.w3.org/2000/svg"[31m
              [36m>[31m
                [36m<path[31m
                  [33md[31m=[32m"M4 5h16"[31m
                [36m/>[31m
                [36m<path[31m
                  [33md[31m=[32m"M4 12h16"[31m
                [36m/>[31m
                [36m<path[31m
                  [33md[31m=[32m"M4 19h16"[31m
                [36m/>[31m
              [36m</svg>[31m
            [36m</button>[31m
          [36m</div>[31m
        [36m</header>[31m
        [36m<main[31m
          [33mclass[31m=[32m"pb-[88px] md:pb-0"[31m
        [36m>[31m
          [36m<div[31m
            [33mclass[31m=[32m"mx-auto w-full max-w-6xl space-y-6 px-6 py-8"[31m
          [36m>[31m
            [36m<header[31m
              [33mclass[31m=[32m"space-y-2"[31m
            [36m>[31m
              [36m<h1[31m
                [33mclass[31m=[32m"text-h2 text-foreground"[31m
              [36m>[31m
                [0m媛꾪렪 ?댁꽭[0m
              [36m</h1>[31m
              [36m<p[31m
                [33mclass[31m=[32m"text-caption text-text-secondary"[31m
              [36m>[31m
                [0m???댁꽭? 蹂꾩옄由??댁꽭瑜?遺꾨━??議고쉶?⑸땲?? ???붾㈃??寃곌낵????λ릺吏 ?딆뒿?덈떎.[0m
              [36m</p>[31m
            [36m</header>[31m
           ...

Ignored nodes: comments, script, style
[36m<body>[31m
  [36m<div>[31m
    [36m<div[31m
      [33mclass[31m=[32m"relative min-h-screen bg-background flex flex-col"[31m
    [36m>[31m
      [36m<div[31m
        [33mclass[31m=[32m"relative z-10 flex-grow"[31m
      [36m>[31m
        [36m<header[31m
          [33mclass[31m=[32m"sticky top-0 z-gnb border-b border-border bg-background/95 backdrop-blur"[31m
        [36m>[31m
          [36m<div[31m
            [33mclass[31m=[32m"container mx-auto flex h-16 items-center justify-between px-sp-4"[31m
          [36m>[31m
            [36m<a[31m
              [33mclass[31m=[32m"flex items-center gap-sp-3"[31m
              [33mhref[31m=[32m"/category/saju"[31m
            [36m>[31m
              [36m<div[31m
                [33mclass[31m=[32m"flex h-10 w-10 items-center justify-center rounded-xl bg-[#24303F] text-[#C9A86A]"[31m
              [36m>[31m
                [36m<svg[31m
                  [33maria-hidden[31m=[32m"true"[31m
                  [33mclass[31m=[32m"lucide lucide-moon-star h-5 w-5"[31m
                  [33mfill[31m=[32m"none"[31m
                  [33mheight[31m=[32m"24"[31m
                  [33mstroke[31m=[32m"currentColor"[31m
                  [33mstroke-linecap[31m=[32m"round"[31m
                  [33mstroke-linejoin[31m=[32m"round"[31m
                  [33mstroke-width[31m=[32m"2"[31m
                  [33mviewBox[31m=[32m"0 0 24 24"[31m
                  [33mwidth[31m=[32m"24"[31m
                  [33mxmlns[31m=[32m"http://www.w3.org/2000/svg"[31m
                [36m>[31m
                  [36m<path[31m
                    [33md[31m=[32m"M18 5h4"[31m
                  [36m/>[31m
                  [36m<path[31m
                    [33md[31m=[32m"M20 3v4"[31m
                  [36m/>[31m
                  [36m<path[31m
                    [33md[31m=[32m"M20.985 12.486a9 9 0 1 1-9.473-9.472c.405-.022.617.46.402.803a6 6 0 0 0 8.268 8.268c.344-.215.825-.004.803.401"[31m
                  [36m/>[31m
                [36m</svg>[31m
              [36m</div>[31m
              [36m<div[31m
                [33mclass[31m=[32m"min-w-0"[31m
              [36m>[31m
                [36m<span[31m
                  [33mclass[31m=[32m"block text-title font-editorial text-foreground"[31m
                [36m>[31m
                  [0m?ъ＜ ?몄궗?댄듃[0m
                [36m</span>[31m
                [36m<span[31m
                  [33mclass[31m=[32m"block text-[11px] font-semibold text-text-secondary"[31m
                [36m>[31m
                  [0mPremium Wellness Editorial[0m
                [36m</span>[31m
              [36m</div>[31m
            [36m</a>[31m
            [36m<nav[31m
              [33mclass[31m=[32m"hidden items-center gap-sp-6 md:flex"[31m
            [36m>[31m
              [36m<a[31m
                [33mclass[31m=[32m"transition-fast hover:text-foreground text-text-secondary font-medium"[31m
                [33mhref[31m=[32m"/saju"[31m
              [36m>[31m
                [0m???ъ＜[0m
              [36m</a>[31m
              [36m<a[31m
                [33mclass[31m=[32m"transition-fast hover:text-foreground text-primary font-bold"[31m
                [33mhref[31m=[32m"/fortune"[31m
              [36m>[31m
                [0m?댁꽭[0m
              [36m</a>[31m
              [36m<a[31m
                [33mclass[31m=[32m"transition-fast hover:text-foreground text-text-secondary font-medium"[31m
                [33mhref[31m=[32m"/love/couple-report"[31m
              [36m>[31m
                [0m沅곹빀[0m
              [36m</a>[31m
              [36m<a[31m
                [33mclass[31m=[32m"transition-fast hover:text-foreground text-text-secondary font-medium"[31m
                [33mhref[31m=[32m"/result"[31m
              [36m>[31m
                [0m理쒓렐 寃곌낵[0m
              [36m</a>[31m
              [36m<button[31m
                [33mclass[31m=[32m"text-button font-medium text-text-secondary transition-fast hover:text-red-500"[31m
              [36m>[31m
                [0m??젣[0m
              [36m</button>[31m
            [36m</nav>[31m
            [36m<div[31m
              [33mclass[31m=[32m"hidden items-center gap-2 md:flex"[31m
            [36m>[31m
              [36m<a[31m
                [33mclass[31m=[32m"inline-flex h-10 items-center justify-center rounded-full border border-border bg-white px-4 text-[13px] font-semibold text-text-secondary transition-fast hover:bg-bg-subtle hover:text-foreground"[31m
                [33mhref[31m=[32m"/help"[31m
              [36m>[31m
                [0m臾몄쓽?섍린[0m
              [36m</a>[31m
            [36m</div>[31m
            [36m<button[31m
              [33maria-label[31m=[32m"硫붾돱 ?닿린"[31m
              [33mclass[31m=[32m"flex h-11 w-11 items-center justify-center rounded-md border border-border bg-white md:hidden"[31m
            [36m>[31m
              [36m<svg[31m
                [33maria-hidden[31m=[32m"true"[31m
                [33mclass[31m=[32m"lucide lucide-menu"[31m
                [33mfill[31m=[32m"none"[31m
                [33mheight[31m=[32m"20"[31m
                [33mstroke[31m=[32m"currentColor"[31m
                [33mstroke-linecap[31m=[32m"round"[31m
                [33mstroke-linejoin[31m=[32m"round"[31m
                [33mstroke-width[31m=[32m"2"[31m
                [33mviewBox[31m=[32m"0 0 24 24"[31m
                [33mwidth[31m=[32m"20"[31m
                [33mxmlns[31m=[32m"http://www.w3.org/2000/svg"[31m
              [36m>[31m
                [36m<path[31m
                  [33md[31m=[32m"M4 5h16"[31m
                [36m/>[31m
                [36m<path[31m
                  [33md[31m=[32m"M4 12h16"[31m
                [36m/>[31m
                [36m<path[31m
                  [33md[31m=[32m"M4 19h16"[31m
                [36m/>[31m
              [36m</svg>[31m
            [36m</button>[31m
          [36m</div>[31m
        [36m</header>[31m
        [36m<main[31m
          [33mclass[31m=[32m"pb-[88px] md:pb-0"[31m
        [36m>[31m
          [36m<div[31m
            [33mclass[31m=[32m"mx-auto w-full max-w-6xl space-y-6 px-6 py-8"[31m
          [36m>[31m
            [36m<header[31m
              [33mclass[31m=[32m"space-y-2"[31m
            [36m>[31m
              [36m<h1[31m
                [33mclass[31m=[32m"text-h2 text-foreground"[31m
              [36m>[31m
                [0m媛꾪렪 ?댁꽭[0m
              [36m</h1>[31m
              [36m<p[31m
                [33mclass[31m=[32m"text-caption text-text-secondary"[31m
              [36m>[31m
                [0m???댁꽭? 蹂꾩옄由??댁꽭瑜?遺꾨━??議고쉶?⑸땲?? ???붾㈃??寃곌낵????λ릺吏 ?딆뒿?덈떎.[0m
              [36m</p>[31m
            [36m</header>[31m
           ...[39m
 [31m횞[39m src/test/payment.checkout.timeout.test.tsx[2m > [22mPaymentCheckoutSheet timeout guard[2m > [22mshows timeout error and releases loading state when create-order stalls[33m 872[2mms[22m[39m
[31m   ??Found multiple elements with the role "checkbox"

Here are the matching elements:

Ignored nodes: comments, script, style
[36m<button[31m
  [33maria-checked[31m=[32m"false"[31m
  [33mclass[31m=[32m"peer h-4 w-4 shrink-0 rounded-sm border ring-offset-background data-[state=checked]:text-primary-foreground focus-visible:outline-none focus-visible:ring-2 focus-visible:ring-ring focus-visible:ring-offset-2 disabled:cursor-not-allowed disabled:opacity-50 mt-1 border-stone-300 dark:border-stone-700 data-[state=checked]:bg-indigo-600 data-[state=checked]:border-indigo-600"[31m
  [33mdata-state[31m=[32m"unchecked"[31m
  [33mid[31m=[32m"terms"[31m
  [33mrole[31m=[32m"checkbox"[31m
  [33mtype[31m=[32m"button"[31m
  [33mvalue[31m=[32m"on"[31m
[36m/>[31m

Ignored nodes: comments, script, style
[36m<button[31m
  [33maria-checked[31m=[32m"false"[31m
  [33mclass[31m=[32m"peer h-4 w-4 shrink-0 rounded-sm border ring-offset-background data-[state=checked]:text-primary-foreground focus-visible:outline-none focus-visible:ring-2 focus-visible:ring-ring focus-visible:ring-offset-2 disabled:cursor-not-allowed disabled:opacity-50 mt-1 border-stone-300 dark:border-stone-700 data-[state=checked]:bg-indigo-600 data-[state=checked]:border-indigo-600"[31m
  [33mdata-state[31m=[32m"unchecked"[31m
  [33mid[31m=[32m"third-party"[31m
  [33mrole[31m=[32m"checkbox"[31m
  [33mtype[31m=[32m"button"[31m
  [33mvalue[31m=[32m"on"[31m
[36m/>[31m

(If this is intentional, then use the `*AllBy*` variant of the query (like `queryAllByText`, `getAllByText`, or `findAllByText`)).

Ignored nodes: comments, script, style
[36m<body>[31m
  [36m<span[31m
    [33mdata-radix-focus-guard[31m=[32m""[31m
    [33mstyle[31m=[32m"outline: none; opacity: 0; position: fixed; pointer-events: none;"[31m
    [33mtabindex[31m=[32m"0"[31m
  [36m/>[31m
  [36m<div />[31m
  [36m<div[31m
    [33maria-describedby[31m=[32m"radix-:r2:"[31m
    [33maria-labelledby[31m=[32m"radix-:r1:"[31m
    [33mclass[31m=[32m"fixed z-50 gap-4 shadow-lg transition ease-in-out data-[state=open]:animate-in data-[state=closed]:animate-out data-[state=closed]:duration-300 data-[state=open]:duration-500 inset-x-0 bottom-0 data-[state=closed]:slide-out-to-bottom data-[state=open]:slide-in-from-bottom left-1/2 right-auto w-[calc(100vw-1rem)] max-w-[720px] -translate-x-1/2 h-auto max-h-[78dvh] sm:max-h-[84dvh] rounded-t-2xl sm:rounded-t-3xl border-t-0 bg-stone-50 dark:bg-stone-950 p-4 sm:p-5 md:p-6 overflow-y-auto"[31m
    [33mdata-state[31m=[32m"open"[31m
    [33mid[31m=[32m"radix-:r0:"[31m
    [33mrole[31m=[32m"dialog"[31m
    [33mtabindex[31m=[32m"-1"[31m
  [36m>[31m
    [36m<div[31m
      [33mclass[31m=[32m"flex flex-col space-y-2 text-center sm:text-left pb-4"[31m
    [36m>[31m
      [36m<h2[31m
        [33mclass[31m=[32m"text-foreground text-xl font-bold flex items-center gap-2"[31m
        [33mid[31m=[32m"radix-:r1:"[31m
      [36m>[31m
        [36m<svg[31m
          [33maria-hidden[31m=[32m"true"[31m
          [33mclass[31m=[32m"lucide lucide-credit-card w-5 h-5 text-indigo-500"[31m
          [33mfill[31m=[32m"none"[31m
          [33mheight[31m=[32m"24"[31m
          [33mstroke[31m=[32m"currentColor"[31m
          [33mstroke-linecap[31m=[32m"round"[31m
          [33mstroke-linejoin[31m=[32m"round"[31m
          [33mstroke-width[31m=[32m"2"[31m
          [33mviewBox[31m=[32m"0 0 24 24"[31m
          [33mwidth[31m=[32m"24"[31m
          [33mxmlns[31m=[32m"http://www.w3.org/2000/svg"[31m
        [36m>[31m
          [36m<rect[31m
            [33mheight[31m=[32m"14"[31m
            [33mrx[31m=[32m"2"[31m
            [33mwidth[31m=[32m"20"[31m
            [33mx[31m=[32m"2"[31m
            [33my[31m=[32m"5"[31m
          [36m/>[31m
          [36m<line[31m
            [33mx1[31m=[32m"2"[31m
            [33mx2[31m=[32m"22"[31m
            [33my1[31m=[32m"10"[31m
            [33my2[31m=[32m"10"[31m
          [36m/>[31m
        [36m</svg>[31m
        [0m寃곗젣 ?뺣낫 ?낅젰[0m
      [36m</h2>[31m
      [36m<p[31m
        [33mclass[31m=[32m"text-sm text-muted-foreground"[31m
        [33mid[31m=[32m"radix-:r2:"[31m
      [36m>[31m
        [0m鍮꾪쉶??由ы룷??議고쉶瑜??꾪빐 ?뺥솗???뺣낫瑜??낅젰?댁＜?몄슂.[0m
      [36m</p>[31m
    [36m</div>[31m
    [36m<div[31m
      [33mclass[31m=[32m"space-y-5 py-3 sm:space-y-6 sm:py-4"[31m
    [36m>[31m
      [36m<div[31m
        [33mclass[31m=[32m"bg-white dark:bg-stone-900 p-3.5 sm:p-4 rounded-2xl border border-stone-200 dark:border-stone-800 shadow-sm"[31m
      [36m>[31m
        [36m<p[31m
          [33mclass[31m=[32m"text-xs text-stone-500 mb-1"[31m
        [36m>[31m
          [0m寃곗젣 ?곹뭹[0m
        [36m</p>[31m
        [36m<p[31m
          [33mclass[31m=[32m"text-lg font-bold text-stone-900 dark:text-stone-100"[31m
        [36m>[31m
          [0mNatal Chart Full Report[0m
        [36m</p>[31m
        [36m<div[31m
          [33mclass[31m=[32m"flex items-baseline gap-1 mt-2"[31m
        [36m>[31m
          [36m<span[31m
            [33mclass[31m=[32m"text-2xl font-black text-indigo-600"[31m
          [36m>[31m
            [0m2,000[0m
          [36m</span>[31m
          [36m<span[31m
            [33mclass[31m=[32m"text-sm font-bold text-indigo-600"[31m
          [36m>[31m
            [0m??[0m
          [36m</span>[31m
        [36m</div>[31m
      [36m</div>[31m
      [36m<div[31m
        [33mclass[31m=[32m"space-y-4"[31m
      [36m>[31m
        [36m<div[31m
          [33mclass[31m=[32m"space-y-2"[31m
        [36m>[31m
          [36m<label[31m
            [33mclass[31m=[32m"peer-disabled:cursor-not-allowed peer-disabled:opacity-70 text-sm font-semibold ml-1"[31m
            [33mfor[31m=[32m"buyer-name"[31m
          [36m>[31m
            [0m二쇰Ц???깊븿[0m
          [36m</label>[31m
          [36m<input[31m
            [33mclass[31m=[32m"flex w-full border px-3 py-2 text-base ring-offset-background file:border-0 file:bg-transparent file:text-sm file:font-medium file:text-foreground placeholder:text-muted-foreground focus-visible:outline-none focus-visible:ring-2 focus-visible:ring-ring focus-visible:ring-offset-2 disabled:cursor-not-allowed disabled:opacity-50 md:text-sm rounded-xl h-11 sm:h-12 bg-white dark:bg-stone-900 border-stone-200 dark:border-stone-800 focus:ring-indigo-500"[31m
            [33mid[31m=[32m"buyer-name"[31m
            [33mplaceholder[31m=[32m"?띻만??[31m
            [33mvalue[31m=[32m"?띻만??[31m
          [36m/>[31m
        [36m</div>[31m
        [36m<div[31m
          [33mclass[31m=[32m"space-y-2"[31m
        [36m>[31m
          [36m<label[31m
            [33mclass[31m=[32m"peer-disabled:cursor-not-allowed peer-disabled:opacity-70 text-sm font-semibold ml-1"[31m
            [33mfor[31m=[32m"buyer-phone"[31m
          [36m>[31m
            [0m?대???踰덊샇[0m
          [36m</label>[31m
          [36m<input[31m
            [33mclass[31m=[32m"flex w-full border px-3 py-2 text-base ring-offset-background file:border-0 file:bg-transparent file:text-sm file:font-medium file:text-foreground placeholder:text-muted-foreground focus-visible:outline-none focus-visible:ring-2 focus-visible:ring-ring focus-visible:ring-offset-2 disabled:cursor-not-allowed disabled:opacity-50 md:text-sm rounded-xl h-11 sm:h-12 bg-white dark:bg-stone-900 border-stone-200 dark:border-stone-800 focus:ring-indigo-500"[31m
            [33mid[31m=[32m"buyer-phone"[31m
            [33mplaceholder[31m=[32m"01012345678"[31m
            [33mtype[31m=[32m"tel"[31m
            [33mvalue[31m=[32m"01012345678"[31m
          [36m/>[31m
          [36m<p[31m
            [33mclass[31m=[32m"text-[11px] text-stone-500 ml-1 leading-relaxed"[31m
          [36m>[31m
            [0m??二쇰Ц???깊븿/?대???踰덊샇瑜?湲곗??쇰줈 ?ъ“?뚮맗?덈떎. ?대찓?쇨퉴吏 ?낅젰?덈떎硫?議고쉶 ???④퍡 ?낅젰??二쇱꽭??[0m
          [36m</p>[31m
        [36m</div>[31m
        [36m<div[31m
          [33mclass[31m=[32m"space-y-2"[31m
        [36m>[31m
          [36m<label[31m
            [33mclass[31m=[32m"peer-disabled:cursor-not-allowed peer-disabled:opacity-70 text-sm font-semibold ml-1"[31m
            [33mfor[31m=[32m"buyer-email"[31m
          [36m>[31m
            [0m?대찓??(?꾩닔)[0m
          [36m</label>[31m
          [36m<input[31m
            [33mclass[31m=[32m"flex w-full border px-3 py-2 text-base ring-offset-background file:border-0 file:bg-transparent file:text-sm fil...[39m
 [32m??[39m src/test/auth.onboarding-routing.test.tsx[2m > [22mauth onboarding routing[2m > [22mmoves to verify-email when signup does not return a session[32m 294[2mms[22m[39m
 [31m횞[39m src/test/payment.checkout.timeout.test.tsx[2m > [22mPaymentCheckoutSheet timeout guard[2m > [22mprefers ownerKeyOverride over contact-based owner resolution[32m 123[2mms[22m[39m
[31m   ??Found multiple elements with the role "checkbox"

Here are the matching elements:

Ignored nodes: comments, script, style
[36m<button[31m
  [33maria-checked[31m=[32m"false"[31m
  [33mclass[31m=[32m"peer h-4 w-4 shrink-0 rounded-sm border ring-offset-background data-[state=checked]:text-primary-foreground focus-visible:outline-none focus-visible:ring-2 focus-visible:ring-ring focus-visible:ring-offset-2 disabled:cursor-not-allowed disabled:opacity-50 mt-1 border-stone-300 dark:border-stone-700 data-[state=checked]:bg-indigo-600 data-[state=checked]:border-indigo-600"[31m
  [33mdata-state[31m=[32m"unchecked"[31m
  [33mid[31m=[32m"terms"[31m
  [33mrole[31m=[32m"checkbox"[31m
  [33mtype[31m=[32m"button"[31m
  [33mvalue[31m=[32m"on"[31m
[36m/>[31m

Ignored nodes: comments, script, style
[36m<button[31m
  [33maria-checked[31m=[32m"false"[31m
  [33mclass[31m=[32m"peer h-4 w-4 shrink-0 rounded-sm border ring-offset-background data-[state=checked]:text-primary-foreground focus-visible:outline-none focus-visible:ring-2 focus-visible:ring-ring focus-visible:ring-offset-2 disabled:cursor-not-allowed disabled:opacity-50 mt-1 border-stone-300 dark:border-stone-700 data-[state=checked]:bg-indigo-600 data-[state=checked]:border-indigo-600"[31m
  [33mdata-state[31m=[32m"unchecked"[31m
  [33mid[31m=[32m"third-party"[31m
  [33mrole[31m=[32m"checkbox"[31m
  [33mtype[31m=[32m"button"[31m
  [33mvalue[31m=[32m"on"[31m
[36m/>[31m

(If this is intentional, then use the `*AllBy*` variant of the query (like `queryAllByText`, `getAllByText`, or `findAllByText`)).

Ignored nodes: comments, script, style
[36m<body>[31m
  [36m<span[31m
    [33mdata-radix-focus-guard[31m=[32m""[31m
    [33mstyle[31m=[32m"outline: none; opacity: 0; position: fixed; pointer-events: none;"[31m
    [33mtabindex[31m=[32m"0"[31m
  [36m/>[31m
  [36m<div />[31m
  [36m<div[31m
    [33maria-describedby[31m=[32m"radix-:r5:"[31m
    [33maria-labelledby[31m=[32m"radix-:r4:"[31m
    [33mclass[31m=[32m"fixed z-50 gap-4 shadow-lg transition ease-in-out data-[state=open]:animate-in data-[state=closed]:animate-out data-[state=closed]:duration-300 data-[state=open]:duration-500 inset-x-0 bottom-0 data-[state=closed]:slide-out-to-bottom data-[state=open]:slide-in-from-bottom left-1/2 right-auto w-[calc(100vw-1rem)] max-w-[720px] -translate-x-1/2 h-auto max-h-[78dvh] sm:max-h-[84dvh] rounded-t-2xl sm:rounded-t-3xl border-t-0 bg-stone-50 dark:bg-stone-950 p-4 sm:p-5 md:p-6 overflow-y-auto"[31m
    [33mdata-state[31m=[32m"open"[31m
    [33mid[31m=[32m"radix-:r3:"[31m
    [33mrole[31m=[32m"dialog"[31m
    [33mtabindex[31m=[32m"-1"[31m
  [36m>[31m
    [36m<div[31m
      [33mclass[31m=[32m"flex flex-col space-y-2 text-center sm:text-left pb-4"[31m
    [36m>[31m
      [36m<h2[31m
        [33mclass[31m=[32m"text-foreground text-xl font-bold flex items-center gap-2"[31m
        [33mid[31m=[32m"radix-:r4:"[31m
      [36m>[31m
        [36m<svg[31m
          [33maria-hidden[31m=[32m"true"[31m
          [33mclass[31m=[32m"lucide lucide-credit-card w-5 h-5 text-indigo-500"[31m
          [33mfill[31m=[32m"none"[31m
          [33mheight[31m=[32m"24"[31m
          [33mstroke[31m=[32m"currentColor"[31m
          [33mstroke-linecap[31m=[32m"round"[31m
          [33mstroke-linejoin[31m=[32m"round"[31m
          [33mstroke-width[31m=[32m"2"[31m
          [33mviewBox[31m=[32m"0 0 24 24"[31m
          [33mwidth[31m=[32m"24"[31m
          [33mxmlns[31m=[32m"http://www.w3.org/2000/svg"[31m
        [36m>[31m
          [36m<rect[31m
            [33mheight[31m=[32m"14"[31m
            [33mrx[31m=[32m"2"[31m
            [33mwidth[31m=[32m"20"[31m
            [33mx[31m=[32m"2"[31m
            [33my[31m=[32m"5"[31m
          [36m/>[31m
          [36m<line[31m
            [33mx1[31m=[32m"2"[31m
            [33mx2[31m=[32m"22"[31m
            [33my1[31m=[32m"10"[31m
            [33my2[31m=[32m"10"[31m
          [36m/>[31m
        [36m</svg>[31m
        [0m寃곗젣 ?뺣낫 ?낅젰[0m
      [36m</h2>[31m
      [36m<p[31m
        [33mclass[31m=[32m"text-sm text-muted-foreground"[31m
        [33mid[31m=[32m"radix-:r5:"[31m
      [36m>[31m
        [0m鍮꾪쉶??由ы룷??議고쉶瑜??꾪빐 ?뺥솗???뺣낫瑜??낅젰?댁＜?몄슂.[0m
      [36m</p>[31m
    [36m</div>[31m
    [36m<div[31m
      [33mclass[31m=[32m"space-y-5 py-3 sm:space-y-6 sm:py-4"[31m
    [36m>[31m
      [36m<div[31m
        [33mclass[31m=[32m"bg-white dark:bg-stone-900 p-3.5 sm:p-4 rounded-2xl border border-stone-200 dark:border-stone-800 shadow-sm"[31m
      [36m>[31m
        [36m<p[31m
          [33mclass[31m=[32m"text-xs text-stone-500 mb-1"[31m
        [36m>[31m
          [0m寃곗젣 ?곹뭹[0m
        [36m</p>[31m
        [36m<p[31m
          [33mclass[31m=[32m"text-lg font-bold text-stone-900 dark:text-stone-100"[31m
        [36m>[31m
          [0mAI ?ъ＜ ?곷떞 10?뚭텒[0m
        [36m</p>[31m
        [36m<div[31m
          [33mclass[31m=[32m"flex items-baseline gap-1 mt-2"[31m
        [36m>[31m
          [36m<span[31m
            [33mclass[31m=[32m"text-2xl font-black text-indigo-600"[31m
          [36m>[31m
            [0m2,000[0m
          [36m</span>[31m
          [36m<span[31m
            [33mclass[31m=[32m"text-sm font-bold text-indigo-600"[31m
          [36m>[31m
            [0m??[0m
          [36m</span>[31m
        [36m</div>[31m
      [36m</div>[31m
      [36m<div[31m
        [33mclass[31m=[32m"space-y-4"[31m
      [36m>[31m
        [36m<div[31m
          [33mclass[31m=[32m"space-y-2"[31m
        [36m>[31m
          [36m<label[31m
            [33mclass[31m=[32m"peer-disabled:cursor-not-allowed peer-disabled:opacity-70 text-sm font-semibold ml-1"[31m
            [33mfor[31m=[32m"buyer-name"[31m
          [36m>[31m
            [0m二쇰Ц???깊븿[0m
          [36m</label>[31m
          [36m<input[31m
            [33mclass[31m=[32m"flex w-full border px-3 py-2 text-base ring-offset-background file:border-0 file:bg-transparent file:text-sm file:font-medium file:text-foreground placeholder:text-muted-foreground focus-visible:outline-none focus-visible:ring-2 focus-visible:ring-ring focus-visible:ring-offset-2 disabled:cursor-not-allowed disabled:opacity-50 md:text-sm rounded-xl h-11 sm:h-12 bg-white dark:bg-stone-900 border-stone-200 dark:border-stone-800 focus:ring-indigo-500"[31m
            [33mid[31m=[32m"buyer-name"[31m
            [33mplaceholder[31m=[32m"?띻만??[31m
            [33mvalue[31m=[32m"?띻만??[31m
          [36m/>[31m
        [36m</div>[31m
        [36m<div[31m
          [33mclass[31m=[32m"space-y-2"[31m
        [36m>[31m
          [36m<label[31m
            [33mclass[31m=[32m"peer-disabled:cursor-not-allowed peer-disabled:opacity-70 text-sm font-semibold ml-1"[31m
            [33mfor[31m=[32m"buyer-phone"[31m
          [36m>[31m
            [0m?대???踰덊샇[0m
          [36m</label>[31m
          [36m<input[31m
            [33mclass[31m=[32m"flex w-full border px-3 py-2 text-base ring-offset-background file:border-0 file:bg-transparent file:text-sm file:font-medium file:text-foreground placeholder:text-muted-foreground focus-visible:outline-none focus-visible:ring-2 focus-visible:ring-ring focus-visible:ring-offset-2 disabled:cursor-not-allowed disabled:opacity-50 md:text-sm rounded-xl h-11 sm:h-12 bg-white dark:bg-stone-900 border-stone-200 dark:border-stone-800 focus:ring-indigo-500"[31m
            [33mid[31m=[32m"buyer-phone"[31m
            [33mplaceholder[31m=[32m"01012345678"[31m
            [33mtype[31m=[32m"tel"[31m
            [33mvalue[31m=[32m"01012345678"[31m
          [36m/>[31m
          [36m<p[31m
            [33mclass[31m=[32m"text-[11px] text-stone-500 ml-1 leading-relaxed"[31m
          [36m>[31m
            [0m??二쇰Ц???깊븿/?대???踰덊샇瑜?湲곗??쇰줈 ?ъ“?뚮맗?덈떎. ?대찓?쇨퉴吏 ?낅젰?덈떎硫?議고쉶 ???④퍡 ?낅젰??二쇱꽭??[0m
          [36m</p>[31m
        [36m</div>[31m
        [36m<div[31m
          [33mclass[31m=[32m"space-y-2"[31m
        [36m>[31m
          [36m<label[31m
            [33mclass[31m=[32m"peer-disabled:cursor-not-allowed peer-disabled:opacity-70 text-sm font-semibold ml-1"[31m
            [33mfor[31m=[32m"buyer-email"[31m
          [36m>[31m
            [0m?대찓??(?꾩닔)[0m
          [36m</label>[31m
          [36m<input[31m
            [33mclass[31m=[32m"flex w-full border px-3 py-2 text-base ring-offset-background file:border-0 file:bg-transparent file:text-sm file:font-med...[39m
 [31m횞[39m src/test/payment.checkout.timeout.test.tsx[2m > [22mPaymentCheckoutSheet timeout guard[2m > [22mforwards webhook chatCredit payload to onSuccess callback[32m 167[2mms[22m[39m
[31m   ??Found multiple elements with the role "checkbox"

Here are the matching elements:

Ignored nodes: comments, script, style
[36m<button[31m
  [33maria-checked[31m=[32m"false"[31m
  [33mclass[31m=[32m"peer h-4 w-4 shrink-0 rounded-sm border ring-offset-background data-[state=checked]:text-primary-foreground focus-visible:outline-none focus-visible:ring-2 focus-visible:ring-ring focus-visible:ring-offset-2 disabled:cursor-not-allowed disabled:opacity-50 mt-1 border-stone-300 dark:border-stone-700 data-[state=checked]:bg-indigo-600 data-[state=checked]:border-indigo-600"[31m
  [33mdata-state[31m=[32m"unchecked"[31m
  [33mid[31m=[32m"terms"[31m
  [33mrole[31m=[32m"checkbox"[31m
  [33mtype[31m=[32m"button"[31m
  [33mvalue[31m=[32m"on"[31m
[36m/>[31m

Ignored nodes: comments, script, style
[36m<button[31m
  [33maria-checked[31m=[32m"false"[31m
  [33mclass[31m=[32m"peer h-4 w-4 shrink-0 rounded-sm border ring-offset-background data-[state=checked]:text-primary-foreground focus-visible:outline-none focus-visible:ring-2 focus-visible:ring-ring focus-visible:ring-offset-2 disabled:cursor-not-allowed disabled:opacity-50 mt-1 border-stone-300 dark:border-stone-700 data-[state=checked]:bg-indigo-600 data-[state=checked]:border-indigo-600"[31m
  [33mdata-state[31m=[32m"unchecked"[31m
  [33mid[31m=[32m"third-party"[31m
  [33mrole[31m=[32m"checkbox"[31m
  [33mtype[31m=[32m"button"[31m
  [33mvalue[31m=[32m"on"[31m
[36m/>[31m

(If this is intentional, then use the `*AllBy*` variant of the query (like `queryAllByText`, `getAllByText`, or `findAllByText`)).

Ignored nodes: comments, script, style
[36m<body>[31m
  [36m<span[31m
    [33mdata-radix-focus-guard[31m=[32m""[31m
    [33mstyle[31m=[32m"outline: none; opacity: 0; position: fixed; pointer-events: none;"[31m
    [33mtabindex[31m=[32m"0"[31m
  [36m/>[31m
  [36m<div />[31m
  [36m<div[31m
    [33maria-describedby[31m=[32m"radix-:r8:"[31m
    [33maria-labelledby[31m=[32m"radix-:r7:"[31m
    [33mclass[31m=[32m"fixed z-50 gap-4 shadow-lg transition ease-in-out data-[state=open]:animate-in data-[state=closed]:animate-out data-[state=closed]:duration-300 data-[state=open]:duration-500 inset-x-0 bottom-0 data-[state=closed]:slide-out-to-bottom data-[state=open]:slide-in-from-bottom left-1/2 right-auto w-[calc(100vw-1rem)] max-w-[720px] -translate-x-1/2 h-auto max-h-[78dvh] sm:max-h-[84dvh] rounded-t-2xl sm:rounded-t-3xl border-t-0 bg-stone-50 dark:bg-stone-950 p-4 sm:p-5 md:p-6 overflow-y-auto"[31m
    [33mdata-state[31m=[32m"open"[31m
    [33mid[31m=[32m"radix-:r6:"[31m
    [33mrole[31m=[32m"dialog"[31m
    [33mtabindex[31m=[32m"-1"[31m
  [36m>[31m
    [36m<div[31m
      [33mclass[31m=[32m"flex flex-col space-y-2 text-center sm:text-left pb-4"[31m
    [36m>[31m
      [36m<h2[31m
        [33mclass[31m=[32m"text-foreground text-xl font-bold flex items-center gap-2"[31m
        [33mid[31m=[32m"radix-:r7:"[31m
      [36m>[31m
        [36m<svg[31m
          [33maria-hidden[31m=[32m"true"[31m
          [33mclass[31m=[32m"lucide lucide-credit-card w-5 h-5 text-indigo-500"[31m
          [33mfill[31m=[32m"none"[31m
          [33mheight[31m=[32m"24"[31m
          [33mstroke[31m=[32m"currentColor"[31m
          [33mstroke-linecap[31m=[32m"round"[31m
          [33mstroke-linejoin[31m=[32m"round"[31m
          [33mstroke-width[31m=[32m"2"[31m
          [33mviewBox[31m=[32m"0 0 24 24"[31m
          [33mwidth[31m=[32m"24"[31m
          [33mxmlns[31m=[32m"http://www.w3.org/2000/svg"[31m
        [36m>[31m
          [36m<rect[31m
            [33mheight[31m=[32m"14"[31m
            [33mrx[31m=[32m"2"[31m
            [33mwidth[31m=[32m"20"[31m
            [33mx[31m=[32m"2"[31m
            [33my[31m=[32m"5"[31m
          [36m/>[31m
          [36m<line[31m
            [33mx1[31m=[32m"2"[31m
            [33mx2[31m=[32m"22"[31m
            [33my1[31m=[32m"10"[31m
            [33my2[31m=[32m"10"[31m
          [36m/>[31m
        [36m</svg>[31m
        [0m寃곗젣 ?뺣낫 ?낅젰[0m
      [36m</h2>[31m
      [36m<p[31m
        [33mclass[31m=[32m"text-sm text-muted-foreground"[31m
        [33mid[31m=[32m"radix-:r8:"[31m
      [36m>[31m
        [0m鍮꾪쉶??由ы룷??議고쉶瑜??꾪빐 ?뺥솗???뺣낫瑜??낅젰?댁＜?몄슂.[0m
      [36m</p>[31m
    [36m</div>[31m
    [36m<div[31m
      [33mclass[31m=[32m"space-y-5 py-3 sm:space-y-6 sm:py-4"[31m
    [36m>[31m
      [36m<div[31m
        [33mclass[31m=[32m"bg-white dark:bg-stone-900 p-3.5 sm:p-4 rounded-2xl border border-stone-200 dark:border-stone-800 shadow-sm"[31m
      [36m>[31m
        [36m<p[31m
          [33mclass[31m=[32m"text-xs text-stone-500 mb-1"[31m
        [36m>[31m
          [0m寃곗젣 ?곹뭹[0m
        [36m</p>[31m
        [36m<p[31m
          [33mclass[31m=[32m"text-lg font-bold text-stone-900 dark:text-stone-100"[31m
        [36m>[31m
          [0mAI ?ъ＜ ?곷떞 10?뚭텒[0m
        [36m</p>[31m
        [36m<div[31m
          [33mclass[31m=[32m"flex items-baseline gap-1 mt-2"[31m
        [36m>[31m
          [36m<span[31m
            [33mclass[31m=[32m"text-2xl font-black text-indigo-600"[31m
          [36m>[31m
            [0m2,000[0m
          [36m</span>[31m
          [36m<span[31m
            [33mclass[31m=[32m"text-sm font-bold text-indigo-600"[31m
          [36m>[31m
            [0m??[0m
          [36m</span>[31m
        [36m</div>[31m
      [36m</div>[31m
      [36m<div[31m
        [33mclass[31m=[32m"space-y-4"[31m
      [36m>[31m
        [36m<div[31m
          [33mclass[31m=[32m"space-y-2"[31m
        [36m>[31m
          [36m<label[31m
            [33mclass[31m=[32m"peer-disabled:cursor-not-allowed peer-disabled:opacity-70 text-sm font-semibold ml-1"[31m
            [33mfor[31m=[32m"buyer-name"[31m
          [36m>[31m
            [0m二쇰Ц???깊븿[0m
          [36m</label>[31m
          [36m<input[31m
            [33mclass[31m=[32m"flex w-full border px-3 py-2 text-base ring-offset-background file:border-0 file:bg-transparent file:text-sm file:font-medium file:text-foreground placeholder:text-muted-foreground focus-visible:outline-none focus-visible:ring-2 focus-visible:ring-ring focus-visible:ring-offset-2 disabled:cursor-not-allowed disabled:opacity-50 md:text-sm rounded-xl h-11 sm:h-12 bg-white dark:bg-stone-900 border-stone-200 dark:border-stone-800 focus:ring-indigo-500"[31m
            [33mid[31m=[32m"buyer-name"[31m
            [33mplaceholder[31m=[32m"?띻만??[31m
            [33mvalue[31m=[32m"?띻만??[31m
          [36m/>[31m
        [36m</div>[31m
        [36m<div[31m
          [33mclass[31m=[32m"space-y-2"[31m
        [36m>[31m
          [36m<label[31m
            [33mclass[31m=[32m"peer-disabled:cursor-not-allowed peer-disabled:opacity-70 text-sm font-semibold ml-1"[31m
            [33mfor[31m=[32m"buyer-phone"[31m
          [36m>[31m
            [0m?대???踰덊샇[0m
          [36m</label>[31m
          [36m<input[31m
            [33mclass[31m=[32m"flex w-full border px-3 py-2 text-base ring-offset-background file:border-0 file:bg-transparent file:text-sm file:font-medium file:text-foreground placeholder:text-muted-foreground focus-visible:outline-none focus-visible:ring-2 focus-visible:ring-ring focus-visible:ring-offset-2 disabled:cursor-not-allowed disabled:opacity-50 md:text-sm rounded-xl h-11 sm:h-12 bg-white dark:bg-stone-900 border-stone-200 dark:border-stone-800 focus:ring-indigo-500"[31m
            [33mid[31m=[32m"buyer-phone"[31m
            [33mplaceholder[31m=[32m"01012345678"[31m
            [33mtype[31m=[32m"tel"[31m
            [33mvalue[31m=[32m"01012345678"[31m
          [36m/>[31m
          [36m<p[31m
            [33mclass[31m=[32m"text-[11px] text-stone-500 ml-1 leading-relaxed"[31m
          [36m>[31m
            [0m??二쇰Ц???깊븿/?대???踰덊샇瑜?湲곗??쇰줈 ?ъ“?뚮맗?덈떎. ?대찓?쇨퉴吏 ?낅젰?덈떎硫?議고쉶 ???④퍡 ?낅젰??二쇱꽭??[0m
          [36m</p>[31m
        [36m</div>[31m
        [36m<div[31m
          [33mclass[31m=[32m"space-y-2"[31m
        [36m>[31m
          [36m<label[31m
            [33mclass[31m=[32m"peer-disabled:cursor-not-allowed peer-disabled:opacity-70 text-sm font-semibold ml-1"[31m
            [33mfor[31m=[32m"buyer-email"[31m
          [36m>[31m
            [0m?대찓??(?꾩닔)[0m
          [36m</label>[31m
          [36m<input[31m
            [33mclass[31m=[32m"flex w-full border px-3 py-2 text-base ring-offset-background file:border-0 file:bg-transparent file:text-sm file:font-med...[39m
[90mstdout[2m | src/test/daily.astrology.auto-sign.test.tsx
[22m[39mSupabase URL in use: https://wyotcagrklohprtaarqa.supabase.co

 [32m??[39m src/test/auth.onboarding-routing.test.tsx[2m > [22mauth onboarding routing[2m > [22mretries signup without redirect when Supabase rejects redirect_to allow-list[33m 411[2mms[22m[39m
 [31m횞[39m src/test/daily.astrology.auto-sign.test.tsx[2m > [22mDailyAstrologyPage auto sign[2m > [22mauto-selects sign from profile birthday but sends requestDate only[32m 237[2mms[22m[39m
[31m   ??useLocation() may be used only in the context of a <Router> component.[39m
[90mstdout[2m | src/test/daily.astrology.page.test.tsx
[22m[39mSupabase URL in use: https://wyotcagrklohprtaarqa.supabase.co

 [31m횞[39m src/test/auth.onboarding-routing.test.tsx[2m > [22mauth onboarding routing[2m > [22mmoves to setup-profile with chat next when profile is missing[33m 1213[2mms[22m[39m
[31m   ??Unable to find an element by: [data-testid="route-probe"]

Ignored nodes: comments, script, style
[36m<body>[31m
  [36m<div>[31m
    [36m<div[31m
      [33mclass[31m=[32m"flex min-h-[calc(100vh-80px)] w-full items-center justify-center bg-transparent p-4 md:p-8"[31m
    [36m>[31m
      [36m<div[31m
        [33mclass[31m=[32m"w-full max-w-[480px]"[31m
      [36m>[31m
        [36m<div[31m
          [33mclass[31m=[32m"w-full space-y-6"[31m
        [36m>[31m
          [36m<header[31m
            [33mclass[31m=[32m"space-y-2"[31m
          [36m>[31m
            [36m<h1[31m
              [33mclass[31m=[32m"text-h2 text-foreground font-bold text-2xl"[31m
            [36m>[31m
              [0m濡쒓렇??[0m
            [36m</h1>[31m
            [36m<p[31m
              [33mclass[31m=[32m"text-sm text-muted-foreground"[31m
            [36m>[31m
              [0m濡쒓렇?명븯硫??대씪?곕뱶 ??? 湲곕줉 ?숆린?? ?뚮┝ 湲곕뒫???ъ슜?????덉뒿?덈떎.[0m
            [36m</p>[31m
          [36m</header>[31m
          [36m<div[31m
            [33mclass[31m=[32m"text-card-foreground rounded-lg border border-border bg-card p-6 shadow-sm"[31m
          [36m>[31m
            [36m<div[31m
              [33mclass[31m=[32m"space-y-3"[31m
            [36m>[31m
              [36m<button[31m
                [33mclass[31m=[32m"inline-flex items-center justify-center gap-2 whitespace-nowrap rounded-md text-sm font-medium ring-offset-background transition-colors focus-visible:outline-none focus-visible:ring-2 focus-visible:ring-ring focus-visible:ring-offset-2 disabled:pointer-events-none disabled:opacity-50 [&_svg]:pointer-events-none [&_svg]:size-4 [&_svg]:shrink-0 border border-input hover:text-accent-foreground px-4 py-2 h-12 w-full border-none bg-[#24303F] text-white hover:bg-[#1D2733]"[31m
              [36m>[31m
                [0mGoogle濡?怨꾩냽?섍린[0m
              [36m</button>[31m
              [36m<button[31m
                [33mclass[31m=[32m"inline-flex items-center justify-center gap-2 whitespace-nowrap rounded-md text-sm font-medium ring-offset-background transition-colors focus-visible:outline-none focus-visible:ring-2 focus-visible:ring-ring focus-visible:ring-offset-2 disabled:pointer-events-none disabled:opacity-50 [&_svg]:pointer-events-none [&_svg]:size-4 [&_svg]:shrink-0 border border-input hover:text-accent-foreground px-4 py-2 h-12 w-full border-none bg-[#FEE500] text-[#191919] hover:bg-[#F7DB00]"[31m
              [36m>[31m
                [0mKakao濡?怨꾩냽?섍린[0m
              [36m</button>[31m
            [36m</div>[31m
            [36m<div[31m
              [33mclass[31m=[32m"relative my-5"[31m
            [36m>[31m
              [36m<div[31m
                [33mclass[31m=[32m"absolute inset-0 flex items-center"[31m
              [36m>[31m
                [36m<div[31m
                  [33mclass[31m=[32m"shrink-0 bg-border h-[1px] w-full"[31m
                  [33mdata-orientation[31m=[32m"horizontal"[31m
                  [33mrole[31m=[32m"none"[31m
                [36m/>[31m
              [36m</div>[31m
              [36m<div[31m
                [33mclass[31m=[32m"relative flex justify-center text-xs uppercase"[31m
              [36m>[31m
                [36m<span[31m
                  [33mclass[31m=[32m"bg-card px-2 font-medium text-muted-foreground"[31m
                [36m>[31m
                  [0m?먮뒗 ?대찓??濡쒓렇??[0m
                [36m</span>[31m
              [36m</div>[31m
            [36m</div>[31m
            [36m<form[31m
              [33mclass[31m=[32m"space-y-4"[31m
            [36m>[31m
              [36m<div[31m
                [33mclass[31m=[32m"space-y-2"[31m
              [36m>[31m
                [36m<label[31m
                  [33mclass[31m=[32m"text-sm font-medium leading-none peer-disabled:cursor-not-allowed peer-disabled:opacity-70"[31m
                  [33mfor[31m=[32m"email"[31m
                [36m>[31m
                  [0m?대찓??[0m
                [36m</label>[31m
                [36m<input[31m
                  [33mclass[31m=[32m"flex h-10 w-full rounded-md border border-input bg-background px-3 py-2 text-base ring-offset-background file:border-0 file:bg-transparent file:text-sm file:font-medium file:text-foreground placeholder:text-muted-foreground focus-visible:outline-none focus-visible:ring-2 focus-visible:ring-ring focus-visible:ring-offset-2 disabled:cursor-not-allowed disabled:opacity-50 md:text-sm"[31m
                  [33mid[31m=[32m"email"[31m
                  [33mplaceholder[31m=[32m"example@email.com"[31m
                  [33mrequired[31m=[32m""[31m
                  [33mtype[31m=[32m"email"[31m
                  [33mvalue[31m=[32m"user@example.com"[31m
                [36m/>[31m
              [36m</div>[31m
              [36m<div[31m
                [33mclass[31m=[32m"space-y-2"[31m
              [36m>[31m
                [36m<label[31m
                  [33mclass[31m=[32m"text-sm font-medium leading-none peer-disabled:cursor-not-allowed peer-disabled:opacity-70"[31m
                  [33mfor[31m=[32m"password"[31m
                [36m>[31m
                  [0m鍮꾨?踰덊샇[0m
                [36m</label>[31m
                [36m<input[31m
                  [33mclass[31m=[32m"flex h-10 w-full rounded-md border border-input bg-background px-3 py-2 text-base ring-offset-background file:border-0 file:bg-transparent file:text-sm file:font-medium file:text-foreground placeholder:text-muted-foreground focus-visible:outline-none focus-visible:ring-2 focus-visible:ring-ring focus-visible:ring-offset-2 disabled:cursor-not-allowed disabled:opacity-50 md:text-sm"[31m
                  [33mid[31m=[32m"password"[31m
                  [33mplaceholder[31m=[32m"?™™™™™™™?[31m
                  [33mrequired[31m=[32m""[31m
                  [33mtype[31m=[32m"password"[31m
                  [33mvalue[31m=[32m"password123!"[31m
                [36m/>[31m
              [36m</div>[31m
              [36m<button[31m
                [33mclass[31m=[32m"inline-flex items-center justify-center gap-2 whitespace-nowrap rounded-md text-sm font-medium ring-offset-background transition-colors focus-visible:outline-none focus-visible:ring-2 focus-visible:ring-ring focus-visible:ring-offset-2 disabled:pointer-events-none disabled:opacity-50 [&_svg]:pointer-events-none [&_svg]:size-4 [&_svg]:shrink-0 bg-primary text-primary-foreground hover:bg-primary/90 px-4 py-2 h-12 w-full"[31m
                [33mtype[31m=[32m"submit"[31m
              [36m>[31m
                [0m濡쒓렇??[0m
              [36m</button>[31m
            [36m</form>[31m
            [36m<div[31m
              [33mclass[31m=[32m"mt-8 text-center text-sm"[31m
            [36m>[31m
              [0m怨꾩젙???놁쑝?좉???[0m
              [0m [0m
              [36m<a[31m
                [33mclass[31m=[32m"text-primary font-medium hover:underline"[31m
                [33mhref[31m=[32m"/signup"[31m
              [36m>[31m
                [0m?뚯썝媛??[0m
              [36m</a>[31m
            [36m</div>[31m
            [36m<p[31m
              [33mclass[31m=[32m"mt-4 text-center text-[12px] leading-5 text-muted-foreground"[31m
            [36m>[31m
              [0m濡쒓렇????媛쒖씤?뺣낫 泥섎━諛⑹묠怨??댁슜?쎄????숈쓽??寃껋쑝濡?媛꾩＜?⑸땲??[0m
            [36m</p>[31m
          [36m</div>[31m
        [36m</div>[31m
      [36m</div>[31m
    [36m</div>[31m
  [36m</div>[31m
[36m</body>[31m

Ignored nodes: comments, script, style
[36m<html>[31m
  [36m<head />[31m
  [36m<body>[31m
    [36m<div>[31m
      [36m<div[31m
        [33mclass[31m=[32m"flex min-h-[calc(100vh-80px)] w-full items-center justify-center bg-transparent p-4 md:p-8"[31m
      [36m>[31m
        [36m<div[31m
          [33mclass[31m=[32m"w-full max-w-[480px]"[31m
        [36m>[31m
          [36m<div[31m
            [33mclass[31m=[32m"w-full space-y-6"[31m
          [36m>[31m
            [36m<header[31m
              [33mclass[31m=[32m"space-y-2"[31m
            [36m>[31m
              [36m<h1[31m
                [33mclass[31m=[32m"text-h2 text-foreground font-bold text-2xl"[31m
              [36m>[31m
                [0m濡쒓렇??[0m
              [36m</h1>[31m
              [36m<p[31m
                [33mclass[31m=[32m"text-sm text-muted-foreground"[31m
              [36m>[31m
                [0m濡쒓렇?명븯硫??대씪?곕뱶 ??? 湲곕줉 ?숆린?? ?뚮┝ 湲곕뒫???ъ슜?????덉뒿?덈떎.[0m
              [36m</p>[31m
            [36m</header>[31m
            [36m<div[31m
              [33mclass[31m=[32m"text-card-foreground rounded-lg border border-border bg-card p-6 shadow-sm"[31m
            [36m>[31m
              [36m<div[31m
                [33mclass[31m=[32m"space-y-3"[31m
              [36m>[31m
                [36m<button[31m
                  [33mclass[31m=[32m"inline-flex items-center justify-center gap-2 whitespace-nowrap rounded-md text-sm font-medium ring-offset-background transition-colors focus-visible:outline-none focus-visible:ring-2 focus-visible:ring-ring focus-visible:ring-offset-2 disabled:pointer-events-none disabled:opacity-50 [&_svg]:pointer-events-none [&_svg]:size-4 [&_svg]:shrink-0 border border-input hover:text-accent-foreground px-4 py-2 h-12 w-full border-none bg-[#24303F] text-white hover:bg-[#1D2733]"[31m
                [36m>[31m
                  [0mGoogle濡?怨꾩냽?섍린[0m
                [36m</button>[31m
                [36m<button[31m
                  [33mclass[31m=[32m"inline-flex items-center justify-center gap-2 whitespace-nowrap rounded-md text-sm font-medium ring-offset-background transition-colors focus-visible:outline-none focus-visible:ring-2 focus-visible:ring-ring focus-visible:ring-offset-2 disabled:pointer-events-none disabled:opacity-50 [&_svg]:pointer-events-none [&_svg]:size-4 [&_svg]:shrink-0 border border-input hover:text-accent-foreground px-4 py-2 h-12 w-full border-none bg-[#FEE500] text-[#191919] hover:bg-[#F7DB00]"[31m
                [36m>[31m
                  [0mKakao濡?怨꾩냽?섍린[0m
                [36m</button>[31m
              [36m</div>[31m
              [36m<div[31m
                [33mclass[31m=[32m"relative my-5"[31m
              [36m>[31m
                [36m<div[31m
                  [33mclass[31m=[32m"absolute inset-0 flex items-center"[31m
                [36m>[31m
                  [36m<div[31m
                    [33mclass[31m=[32m"shrink-0 bg-border h-[1px] w-full"[31m
                    [33mdata-orientation[31m=[32m"horizontal"[31m
                    [33mrole[31m=[32m"none"[31m
                  [36m/>[31m
                [36m</div>[31m
                [36m<div[31m
                  [33mclass[31m=[32m"relative flex justify-center text-xs uppercase"[31m
                [36m>[31m
                  [36m<span[31m
                    [33mclass[31m=[32m"bg-card px-2 font-medium text-muted-foreground"[31m
                  [36m>[31m
                    [0m?먮뒗 ?대찓??濡쒓렇??[0m
                  [36m</span>[31m
                [36m</div>[31m
              [36m</div>[31m
              [36m<form[31m
                [33mclass[31m=[32m"space-y-4"[31m
              [36m>[31m
                [36m<div[31m
                  [33mclass[31m=[32m"space-y-2"[31m
                [36m>[31m
                  [36m<label[31m
                    [33mclass[31m=[32m"text-sm font-medium leading-none peer-disabled:cursor-not-allowed peer-disabled:opacity-70"[31m
                    [33mfor[31m=[32m"email"[31m
                  [36m>[31m
                    [0m?대찓??[0m
                  [36m</label>[31m
                  [36m<input[31m
                    [33mclass[31m=[32m"flex h-10 w-full rounded-md border border-input bg-background px-3 py-2 text-base ring-offset-background file:border-0 file:bg-transparent file:text-sm file:font-medium file:text-foreground placeholder:text-muted-foreground focus-visible:outline-none focus-visible:ring-2 focus-visible:ring-ring focus-visible:ring-offset-2 disabled:cursor-not-allowed disabled:opacity-50 md:text-sm"[31m
                    [33mid[31m=[32m"email"[31m
                    [33mplaceholder[31m=[32m"example@email.com"[31m
                    [33mrequired[31m=[32m""[31m
                    [33mtype[31m=[32m"email"[31m
                    [33mvalue[31m=[32m"user@example.com"[31m
                  [36m/>[31m
                [36m</div>[31m
                [36m<div[31m
                  [33mclass[31m=[32m"space-y-2"[31m
                [36m>[31m
                  [36m<label[31m
                    [33mclass[31m=[32m"text-sm font-medium leading-none peer-disabled:cursor-not-allowed peer-disabled:opacity-70"[31m
                    [33mfor[31m=[32m"password"[31m
                  [36m>[31m
                    [0m鍮꾨?踰덊샇[0m
                  [36m</label>[31m
                  [36m<input[31m
                    [33mclass[31m=[32m"flex h-10 w-full rounded-md border border-input bg-background px-3 py-2 text-base ring-offset-background file:border-0 file:bg-transparent file:text-sm file:font-medium file:text-foreground placeholder:text-muted-foreground focus-visible:outline-none focus-visible:ring-2 focus-visible:ring-ring focus-visible:ring-offset-2 disabled:cursor-not-allowed disabled:opacity-50 md:text-sm"[31m
                    [33mid[31m=[32m"password"[31m
                    [33mplaceholder[31m=[32m"?™™™™™™™?[31m
                    [33mrequired[31m=[32m""[31m
                    [33mtype[31m=[32m"password"[31m
                    [33mvalue[31m=[32m"password123!"[31m
                  [36m/>[31m
                [36m</div>[31m
                [36m<button[31m
                  [33mclass[31m=[32m"inline-flex items-center justify-center gap-2 whitespace-nowrap rounded-md text-sm font-medium ring-offset-background transition-colors focus-visible:outline-none focus-visible:ring-2 focus-visible:ring-ring focus-visible:ring-offset-2 disabled:pointer-events-none disabled:opacity-50 [&_svg]:pointer-events-none [&_svg]:size-4 [&_svg]:shrink-0 bg-primary text-primary-foreground hover:bg-primary/90 px-4 py-2 h-12 w-full"[31m
                  [33mtype[31m=[32m"submit"[31m
                [36m>[31m
                  [0m濡쒓렇??[0m
                [36m</button>[31m
              [36m</form>[31m
              [36m<div[31m
                [33mclass[31m=[32m"mt-8 text-center text-sm"[31m
              [36m>[31m
                [0m怨꾩젙???놁쑝?좉???[0m
                [0m [0m
                [36m<a[31m
                  [33mclass[31m=[32m"text-primary font-medium hover:underline"[31m
                  [33mhref[31m=[32m"/signup"[31m
                [36m>[31m
                  [0m?뚯썝媛??[0m
                [36m</a>[31m
              [36m</div>[31m
              [36m<p[31m
                [33mclass[31m=[32m"mt-4 text-center text-[12px] leading-5 text-muted-foreground"[31m
              [36m>[31m
                [0m濡쒓렇????媛쒖씤?뺣낫 泥섎━諛⑹묠怨??댁슜?쎄????숈쓽??寃껋쑝濡?媛꾩＜?⑸땲??[0m
              [36m</p>[31m
            [36m</div>[31m
          [36m</div>[31m
        [36m</div>[31m
      [36m</div>[31m
    [36m</div>[31m
  [36m</body>[31m
[36m</html>[31m[39m
 [31m횞[39m src/test/love.input-stepper.test.tsx[2m > [22mLoveInputStepper[2m > [22mallows review step edit jump[33m 864[2mms[22m[39m
[31m   ??Unable to find an element with the text: 媛??沅곴툑???ъ씤?몃뒗 臾댁뾿?멸???. This could be because the text is broken up by multiple elements. In this case, you can provide a function for your text matcher to make your matcher more flexible.

Ignored nodes: comments, script, style
[36m<body>[31m
  [36m<div>[31m
    [36m<div[31m
      [33mclass[31m=[32m"space-y-6 analysis-card !p-8"[31m
    [36m>[31m
      [36m<div[31m
        [33mclass[31m=[32m"space-y-2 text-center"[31m
      [36m>[31m
        [36m<h2[31m
          [33mclass[31m=[32m"text-xl sm:text-2xl font-bold text-gray-900 mt-4"[31m
        [36m>[31m
          [0m?뺣낫 ?낅젰[0m
        [36m</h2>[31m
        [36m<p[31m
          [33mclass[31m=[32m"text-[14px] text-text-secondary"[31m
        [36m>[31m
          [0m蹂몄씤 ?뺣낫瑜??낅젰?섍퀬 諛붾줈 遺꾩꽍?섏꽭??[0m
        [36m</p>[31m
      [36m</div>[31m
      [36m<div[31m
        [33mclass[31m=[32m"py-2"[31m
      [36m>[31m
        [36m<div[31m
          [33mclass[31m=[32m"space-y-4 rounded-2xl border border-border bg-white p-4"[31m
        [36m>[31m
          [36m<div[31m
            [33mclass[31m=[32m"flex items-center justify-between gap-2"[31m
          [36m>[31m
            [36m<div[31m
              [33mclass[31m=[32m"flex items-center gap-2"[31m
            [36m>[31m
              [36m<h3[31m
                [33mclass[31m=[32m"text-[16px] font-bold text-foreground"[31m
              [36m>[31m
                [0m蹂몄씤 ?뺣낫[0m
              [36m</h3>[31m
            [36m</div>[31m
          [36m</div>[31m
          [36m<div[31m
            [33mclass[31m=[32m"grid grid-cols-1 gap-3 md:grid-cols-2"[31m
          [36m>[31m
            [36m<input[31m
              [33mclass[31m=[32m"h-11 rounded-xl border border-border px-3 text-[14px] bg-white"[31m
              [33mplaceholder[31m=[32m"?대쫫(?좏깮)"[31m
              [33mvalue[31m=[32m""[31m
            [36m/>[31m
            [36m<select[31m
              [33mclass[31m=[32m"h-11 rounded-xl border border-border px-3 text-[14px] bg-white"[31m
            [36m>[31m
              [36m<option[31m
                [33mvalue[31m=[32m"female"[31m
              [36m>[31m
                [0m?ъ꽦[0m
              [36m</option>[31m
              [36m<option[31m
                [33mvalue[31m=[32m"male"[31m
              [36m>[31m
                [0m?⑥꽦[0m
              [36m</option>[31m
            [36m</select>[31m
            [36m<select[31m
              [33mclass[31m=[32m"h-11 rounded-xl border border-border px-3 text-[14px] bg-white"[31m
            [36m>[31m
              [36m<option[31m
                [33mvalue[31m=[32m"solar"[31m
              [36m>[31m
                [0m?묐젰[0m
              [36m</option>[31m
              [36m<option[31m
                [33mvalue[31m=[32m"lunar"[31m
              [36m>[31m
                [0m?뚮젰[0m
              [36m</option>[31m
              [36m<option[31m
                [33mvalue[31m=[32m"lunar-leap"[31m
              [36m>[31m
                [0m?뚮젰 ?ㅻ떖[0m
              [36m</option>[31m
            [36m</select>[31m
            [36m<input[31m
              [33mclass[31m=[32m"h-11 rounded-xl border border-border px-3 text-[14px] bg-white"[31m
              [33mtype[31m=[32m"date"[31m
              [33mvalue[31m=[32m"1990-01-01"[31m
            [36m/>[31m
            [36m<select[31m
              [33mclass[31m=[32m"h-11 rounded-xl border border-border px-3 text-[14px] bg-white"[31m
            [36m>[31m
              [36m<option[31m
                [33mvalue[31m=[32m"exact"[31m
              [36m>[31m
                [0m異쒖깮?쒓컙 ?뺥솗????[0m
              [36m</option>[31m
              [36m<option[31m
                [33mvalue[31m=[32m"time-block"[31m
              [36m>[31m
                [0m??듭쟻???쒓컙?留???[0m
              [36m</option>[31m
              [36m<option[31m
                [33mvalue[31m=[32m"unknown"[31m
              [36m>[31m
                [0m異쒖깮?쒓컙 紐⑤쫫[0m
              [36m</option>[31m
            [36m</select>[31m
            [36m<select[31m
              [33mclass[31m=[32m"h-11 rounded-xl border border-border px-3 text-[14px] bg-white"[31m
            [36m>[31m
              [36m<option[31m
                [33mvalue[31m=[32m"?쒖슱?밸퀎??[31m
              [36m>[31m
                [0m?쒖슱?밸퀎??[0m
              [36m</option>[31m
              [36m<option[31m
                [33mvalue[31m=[32m"遺?곌킅??떆"[31m
              [36m>[31m
                [0m遺?곌킅??떆[0m
              [36m</option>[31m
              [36m<option[31m
                [33mvalue[31m=[32m"?援ш킅??떆"[31m
              [36m>[31m
                [0m?援ш킅??떆[0m
              [36m</option>[31m
              [36m<option[31m
                [33mvalue[31m=[32m"?몄쿇愿묒뿭??[31m
              [36m>[31m
                [0m?몄쿇愿묒뿭??[0m
              [36m</option>[31m
              [36m<option[31m
                [33mvalue[31m=[32m"愿묒＜愿묒뿭??[31m
              [36m>[31m
                [0m愿묒＜愿묒뿭??[0m
              [36m</option>[31m
              [36m<option[31m
                [33mvalue[31m=[32m"??꾧킅??떆"[31m
              [36m>[31m
                [0m??꾧킅??떆[0m
              [36m</option>[31m
              [36m<option[31m
                [33mvalue[31m=[32m"?몄궛愿묒뿭??[31m
              [36m>[31m
                [0m?몄궛愿묒뿭??[0m
              [36m</option>[31m
              [36m<option[31m
                [33mvalue[31m=[32m"?몄쥌?밸퀎?먯튂??[31m
              [36m>[31m
                [0m?몄쥌?밸퀎?먯튂??[0m
              [36m</option>[31m
              [36m<option[31m
                [33mvalue[31m=[32m"寃쎄린??[31m
              [36m>[31m
                [0m寃쎄린??[0m
              [36m</option>[31m
              [36m<option[31m
                [33mvalue[31m=[32m"媛뺤썝?밸퀎?먯튂??[31m
              [36m>[31m
                [0m媛뺤썝?밸퀎?먯튂??[0m
              [36m</option>[31m
              [36m<option[31m
                [33mvalue[31m=[32m"異⑹껌遺곷룄"[31m
              [36m>[31m
                [0m異⑹껌遺곷룄[0m
              [36m</option>[31m
              [36m<option[31m
                [33mvalue[31m=[32m"異⑹껌?⑤룄"[31m
              [36m>[31m
                [0m異⑹껌?⑤룄[0m
              [36m</option>[31m
              [36m<option[31m
                [33mvalue[31m=[32m"?꾨턿?밸퀎?먯튂??[31m
              [36m>[31m
                [0m?꾨턿?밸퀎?먯튂??[0m
              [36m</option>[31m
              [36m<option[31m
                [33mvalue[31m=[32m"?꾨씪?⑤룄"[31m
              [36m>[31m
                [0m?꾨씪?⑤룄[0m
              [36m</option>[31m
              [36m<option[31m
                [33mvalue[31m=[32m"寃쎌긽遺곷룄"[31m
              [36m>[31m
                [0m寃쎌긽遺곷룄[0m
              [36m</option>[31m
              [36m<option[31m
                [33mvalue[31m=[32m"寃쎌긽?⑤룄"[31m
              [36m>[31m
                [0m寃쎌긽?⑤룄[0m
              [36m</option>[31m
              [36m<option[31m
                [33mvalue[31m=[32m"?쒖＜?밸퀎?먯튂??[31m
              [36m>[31m
                [0m?쒖＜?밸퀎?먯튂??[0m
              [36m</option>[31m
              [36m<option[31m
                [33mvalue[31m=[32m"?댁쇅"[31m
              [36m>[31m
                [0m?댁쇅[0m
              [36m</option>[31m
            [36m</select>[31m
          [36m</div>[31m
        [36m</div>[31m
        [36m<div[31m
          [33mclass[31m=[32m"space-y-4 rounded-2xl border border-border bg-white p-4"[31m
        [36m>[31m
          [36m<div[31m
            [33mclass[31m=[32m"space-y-2"[31m
          [36m>[31m
            [36m<div[31m
              [33mclass[31m=[32m"flex items-center justify-between gap-2"[31m
            [36m>[31m
              [36m<h3[31m
                [33mclass[31m=[32m"text-[15px] font-bold text-foreground"[31m
              [36m>[31m
                [0m愿怨?留λ씫[0m
              [36m</h3>[31m
              [36m<span[31m
                [33mclass[31m=[32m"text-[12px] font-semibold text-text-secondary"[31m
              [36m>[31m
                [0mStep [0m
                [0m1[0m
                [0m / [0m
                [0m3[0m
              [36m</span>[31m
            [36m</div>[31m
            [36m<div[31m
              [33mclass[31m=[32m"h-2 w-full overflow-hidden rounded-full bg-gray-100"[31m
            [36m>[31m
              [36m<div[31m
                [33mclass[31m=[32m"h-full rounded-full bg-[#24303F] transition-all"[31m
                [33mstyle[31m=[32m"width: 33%;"[31m
              [36m/>[31m
            [36m</div>[31m
          [36m</div>[31m
          [36m<div[31m
            [33mclass[31m=[32m"space-y-3"[31m
          [36m>[31m
            [36m<div[31m
              [33mclass[31m=[32m"space-y-3 rounded-2xl border border-border bg-[#FCFDFE] p-4"[31m
            [36m>[31m
              [36m<div[31m
                [33mclass[31m=[32m"space-y-1"[31m
              [36m>[31m
                [36m<p[31m
                  [33mclass[31m=[32m"text-[14px] font-semibold text-foreground"[31m
                [36m>[31m
                  [0m?꾩옱 ?곗븷 ?곹깭??臾댁뾿??媛源뚯슫媛??[0m
                [36m</p>[31m
                [36m<p[31m
                  [33mclass[31m=[32m"text-[12px] text-text-secondary"[31m
                [36m>[31m
                  [0m?꾩옱 留λ씫??媛??媛源뚯슫 ?곹깭瑜??좏깮?섎㈃ ?ㅼ쓬 吏덈Ц???먮룞?쇰줈 ?뺣━?⑸땲??[0m
                [36m</p>[31m
              [36m</div>[31m
              [36m<div[31m
                [33mclass[31m=[32m"grid grid-cols-2 gap-2 md:grid-cols-3"[31m
              [36m>[31m
                [36m<button[31m
                  [33maria-pressed[31m=[32m"false"[31m
                  [33mclass[31m=[32m"h-11 rounded-xl border text-[13px] font-semibold transition-all border-border bg-white text-foreground hover:bg-gray-50"[31m
                  [33mtype[31m=[32m"button"[31m
                [36m>[31m
                  [0m?붾줈 ?ㅻ옒??[0m
                [36m</button>[31m
                [36m<button[31m
                  [33maria-pressed[31m=[32m"true"[31m
                  [33mclass[31m=[32m"h-11 rounded-xl border text-[13px] font-semibold transition-all border-[#24303F] bg-[#24303F] text-white"[31m
                  [33mtype[31m=[32m"button"[31m
                [36m>[31m
                  [0m理쒓렐 愿怨?醫낅즺[0m
                [36m</button>[31m
                [36m<button[31m
                  [33maria-pressed[31m=[32m"false"[31m
                  [33mclass[31m=[32m"h-11 rounded-xl border text-[13px] font-semibold transition-all border-border bg-white text-foreground hover:bg-gray-50"[31m
                  [33mtype[31m=[32m"button"[31m
                [36m>[31m
                  [0m???먯깋 以?[0m
                [36m</button>[31m
                [36m<button[31m
                  [33maria-pressed[31m=[32m"false"[31m
                  [33mclass[31m=[32m"h-11 rounded-xl border text-[13px] font-semibold transition-all border-border bg-white text-foreground hover:bg-gray-50"[31m
                  [33mtype[31m=[32m"button"[31m
                [36m>[31m
                  [0m?좊ℓ??紐⑤쫫[0m
                [36m</button>[31m
              [36m</div>[31m
            [36m</div>[31m
            [36m<div[31m
              [33mclass[31m=[32m"space-y-3 rounded-2xl border border-border bg-[#FCFDFE] p-4"[31m
            [36m>[31m
              [36m<div[31m
                [33mclass[31m=[32m"space-y-1"[31m
              [36m>[31m
                [36m<p[31m
                  [33mclass[31m=[32m"text-[14px] font-semibold text-foreground"[31m
                [36m>[31m
                  [0m?먰븯??愿怨??ㅽ??쇱? 臾댁뾿?멸???[0m
                [36m</p>[31m
              [36m</div>[31m
              [36m<div[31m
                [33mclass[31m=[32m"grid grid-cols-2 gap-2 md:grid-cols-3"[31m
              [36m>[31m
                [36m<button[31m
                  [33maria-pressed[31m=[32m"true"[31m
                  [33mclass[31m=[32m"h-11 rounded-xl border text-[13px] font-semibold transition-all border-[#24303F] bg-[#24303F] text-white"[31m
                  [33mtype[31m=[32m"button"[31m
                [36m>[31m
                  [0m?덉젙??[0m
                [36m</button>[31m
                [36m<button[31m
                  [33maria-pressed[31m=[32m"false"[31m
                  [33mclass[31m=[32m"h-11 rounded-xl border text-[13px] font-semibold transition-all border-border bg-white text-foreground hover:bg-gray-50"[31m
                  [33mtype[31m=[32m"button"[31m
                [36m>[31m
                  [0m?ㅻ젞??[0m
                [36m</button>[31m
                [36m<button[31m
                  [33maria-pressed[31m=[32m"false"[31m
                  [33mclass[31m=[32m"h-11 rounded-xl border text-[13px] font-semibold transition-all border-border bg-white text-foreground hover:bg-gray-50"[31m
                  [33mtype[31m=[32m"button"[31m
                [36m>[31m
                  [0m?꾩떎??[0m
                [36m</button>[31m
                [36m<button[31m
                  [33maria-pressed[31m=[32m"false"[31m
                  [33mclass[31m=[32m"h-11 rounded-xl border text-[13px] font-semibold transition-all border-border bg-white text-foreground hover:bg-gray-50"[31m
                  [33mtype[31m=[32m"button"[31m
                [36m>[31m
                  [0m?깆옣??[0m
                [36m</button>[31m
                [36m<button[31m
                  [33maria-pressed[31m=[32m"false"[31m
                  [33mclass[31m=[32m"h-11 rounded-xl border text-[13px] font-semibold transition-all border-border bg-white text-foreground hover:bg-gray-50"[31m
                  [33mtype[31m=[32m"button"[31m
                [36m>[31m
                  [0m?꾩쭅 紐⑤Ⅴ寃좎쓬[0m
                [36m</button>[31m
              [36m</div>[31m
            [36m</div>[31m
            [36m<p[31m
              [33mclass[31m=[32m"text-[11px] text-text-secondary"[31m
            [36m>[31m
              [0m?뮕 ???좏깮? 由ы룷?몄쓽 遺꾩꽍 珥덉젏怨??ㅼ쓣 寃곗젙?⑸땲??[0m
            [36m</p>[31m
          [36m</div>[31m
          [36m<div[31m
            [33mclass[31m=[32m"flex gap-2"[31m
          [36m>[31m
            [36m<button[31m
              [33mclass[31m=[32m"inline-flex items-center justify-center gap-2 whitespace-nowrap rounded-md text-sm font-medium ring-offset-background transition-colors focus-visible:outline-none focus-visible:ring-2 focus-visible:ring-ring focus-visible:ring-offset-2 disabled:pointer-events-none disabled:opacity-50 [&_svg]:pointer-events-none [&_svg]:size-4 [&_svg]:shrink-0 border border-input bg-background hover:bg-accent hover:text-accent-foreground px-4 py-2 h-11 flex-1"[31m
              [33mdisabled[31m=[32m""[31m
              [33mtype[31m=[32m"button"[31m
            [36m>[31m
              [0m?댁쟾[0m
            [36m</button>[31m
            [36m<button[31m
              [33mclass[31m=[32m"inline-flex items-center justify-center gap-2 whitespace-nowrap rounded-md text-sm font-medium ring-offset-background transition-colors focus-visible:outline-none focus-visible:ring-2 focus-visible:ring-ring focus-visible:ring-offset-2 disabled:pointer-events-none disabled:opacity-50 [&_svg]:pointer-events-none [&_svg]:size-4 [&_svg]:shrink-0 hover:bg-primary/90 px-4 py-2 h-11 flex-1 bg-[#24303F] text-white"[31m
              [33mtype[31m=[32m"button"[31m
            [36m>[31m
              [0m?ㅼ쓬[0m
            [36m</button>[31m
          [36m</div>[31m
        [36m</div>[31m
      [36m</div>[31m
    [36m</div>[31m
  [36m</div>[31m
[36m</body>[31m[39m
 [31m횞[39m src/test/daily.astrology.page.test.tsx[2m > [22mDailyAstrologyPage[2m > [22mrenders realtime horoscope with sign_context provenance[32m 299[2mms[22m[39m
[31m   ??useLocation() may be used only in the context of a <Router> component.[39m
 [31m횞[39m src/test/daily.astrology.page.test.tsx[2m > [22mDailyAstrologyPage[2m > [22mshows error state and recovers on retry[32m 31[2mms[22m[39m
[31m   ??useLocation() may be used only in the context of a <Router> component.[39m
 [31m횞[39m src/test/daily.astrology.page.test.tsx[2m > [22mDailyAstrologyPage[2m > [22mkeeps manual selection mode after back to selection[32m 29[2mms[22m[39m
[31m   ??useLocation() may be used only in the context of a <Router> component.[39m
 [31m횞[39m src/test/love.input-stepper.test.tsx[2m > [22mLoveInputStepper[2m > [22msubmits contextAnswers and contextSummary payload[33m 2914[2mms[22m[39m
[31m   ??Unable to find an accessible element with the role "button" and name "誘몃옒 諛곗슦??由ы룷??諛붾줈 ?앹꽦"

Here are the accessible roles:

  heading:

  Name "?뺣낫 ?낅젰":
  [36m<h2[31m
    [33mclass[31m=[32m"text-xl sm:text-2xl font-bold text-gray-900 mt-4"[31m
  [36m/>[31m

  Name "蹂몄씤 ?뺣낫":
  [36m<h3[31m
    [33mclass[31m=[32m"text-[16px] font-bold text-foreground"[31m
  [36m/>[31m

  Name "愿怨?留λ씫":
  [36m<h3[31m
    [33mclass[31m=[32m"text-[15px] font-bold text-foreground"[31m
  [36m/>[31m

  --------------------------------------------------
  paragraph:

  Name "":
  [36m<p[31m
    [33mclass[31m=[32m"text-[14px] text-text-secondary"[31m
  [36m/>[31m

  Name "":
  [36m<p[31m
    [33mclass[31m=[32m"text-[14px] font-semibold text-foreground"[31m
  [36m/>[31m

  Name "":
  [36m<p[31m
    [33mclass[31m=[32m"mt-1 text-[12px] text-text-secondary"[31m
  [36m/>[31m

  Name "":
  [36m<p[31m
    [33mclass[31m=[32m"text-[12px] text-text-secondary"[31m
  [36m/>[31m

  Name "":
  [36m<p[31m
    [33mclass[31m=[32m"text-[13px] font-semibold text-foreground"[31m
  [36m/>[31m

  Name "":
  [36m<p[31m
    [33mclass[31m=[32m"text-[12px] text-text-secondary"[31m
  [36m/>[31m

  Name "":
  [36m<p[31m
    [33mclass[31m=[32m"text-[13px] font-semibold text-foreground"[31m
  [36m/>[31m

  Name "":
  [36m<p[31m
    [33mclass[31m=[32m"text-[12px] text-text-secondary"[31m
  [36m/>[31m

  Name "":
  [36m<p[31m
    [33mclass[31m=[32m"text-[13px] font-semibold text-foreground"[31m
  [36m/>[31m

  Name "":
  [36m<p[31m
    [33mclass[31m=[32m"text-[12px] text-text-secondary"[31m
  [36m/>[31m

  Name "":
  [36m<p[31m
    [33mclass[31m=[32m"text-[13px] font-semibold text-foreground"[31m
  [36m/>[31m

  Name "":
  [36m<p[31m
    [33mclass[31m=[32m"text-[12px] font-semibold text-blue-700"[31m
  [36m/>[31m

  --------------------------------------------------
  textbox:

  Name "":
  [36m<input[31m
    [33mclass[31m=[32m"h-11 rounded-xl border border-border px-3 text-[14px] bg-white"[31m
    [33mplaceholder[31m=[32m"?대쫫(?좏깮)"[31m
    [33mvalue[31m=[32m""[31m
  [36m/>[31m

  Name "":
  [36m<input[31m
    [33mclass[31m=[32m"h-11 w-full rounded-xl border border-border px-3 text-[14px]"[31m
    [33mplaceholder[31m=[32m"異붽? 硫붾え 1以?(?좏깮)"[31m
    [33mvalue[31m=[32m"愿怨?諛⑺뼢?깃낵 寃고샎"[31m
  [36m/>[31m

  --------------------------------------------------
  combobox:

  Name "":
  [36m<select[31m
    [33mclass[31m=[32m"h-11 rounded-xl border border-border px-3 text-[14px] bg-white"[31m
  [36m/>[31m

  Name "":
  [36m<select[31m
    [33mclass[31m=[32m"h-11 rounded-xl border border-border px-3 text-[14px] bg-white"[31m
  [36m/>[31m

  Name "":
  [36m<select[31m
    [33mclass[31m=[32m"h-11 rounded-xl border border-border px-3 text-[14px] bg-white"[31m
  [36m/>[31m

  Name "":
  [36m<select[31m
    [33mclass[31m=[32m"h-11 rounded-xl border border-border px-3 text-[14px] bg-white"[31m
  [36m/>[31m

  --------------------------------------------------
  option:

  Name "?ъ꽦":
  [36m<option[31m
    [33mvalue[31m=[32m"female"[31m
  [36m/>[31m

  Name "?⑥꽦":
  [36m<option[31m
    [33mvalue[31m=[32m"male"[31m
  [36m/>[31m

  Name "?묐젰":
  [36m<option[31m
    [33mvalue[31m=[32m"solar"[31m
  [36m/>[31m

  Name "?뚮젰":
  [36m<option[31m
    [33mvalue[31m=[32m"lunar"[31m
  [36m/>[31m

  Name "?뚮젰 ?ㅻ떖":
  [36m<option[31m
    [33mvalue[31m=[32m"lunar-leap"[31m
  [36m/>[31m

  Name "異쒖깮?쒓컙 ?뺥솗????:
  [36m<option[31m
    [33mvalue[31m=[32m"exact"[31m
  [36m/>[31m

  Name "??듭쟻???쒓컙?留???:
  [36m<option[31m
    [33mvalue[31m=[32m"time-block"[31m
  [36m/>[31m

  Name "異쒖깮?쒓컙 紐⑤쫫":
  [36m<option[31m
    [33mvalue[31m=[32m"unknown"[31m
  [36m/>[31m

  Name "?쒖슱?밸퀎??:
  [36m<option[31m
    [33mvalue[31m=[32m"?쒖슱?밸퀎??[31m
  [36m/>[31m

  Name "遺?곌킅??떆":
  [36m<option[31m
    [33mvalue[31m=[32m"遺?곌킅??떆"[31m
  [36m/>[31m

  Name "?援ш킅??떆":
  [36m<option[31m
    [33mvalue[31m=[32m"?援ш킅??떆"[31m
  [36m/>[31m

  Name "?몄쿇愿묒뿭??:
  [36m<option[31m
    [33mvalue[31m=[32m"?몄쿇愿묒뿭??[31m
  [36m/>[31m

  Name "愿묒＜愿묒뿭??:
  [36m<option[31m
    [33mvalue[31m=[32m"愿묒＜愿묒뿭??[31m
  [36m/>[31m

  Name "??꾧킅??떆":
  [36m<option[31m
    [33mvalue[31m=[32m"??꾧킅??떆"[31m
  [36m/>[31m

  Name "?몄궛愿묒뿭??:
  [36m<option[31m
    [33mvalue[31m=[32m"?몄궛愿묒뿭??[31m
  [36m/>[31m

  Name "?몄쥌?밸퀎?먯튂??:
  [36m<option[31m
    [33mvalue[31m=[32m"?몄쥌?밸퀎?먯튂??[31m
  [36m/>[31m

  Name "寃쎄린??:
  [36m<option[31m
    [33mvalue[31m=[32m"寃쎄린??[31m
  [36m/>[31m

  Name "媛뺤썝?밸퀎?먯튂??:
  [36m<option[31m
    [33mvalue[31m=[32m"媛뺤썝?밸퀎?먯튂??[31m
  [36m/>[31m

  Name "異⑹껌遺곷룄":
  [36m<option[31m
    [33mvalue[31m=[32m"異⑹껌遺곷룄"[31m
  [36m/>[31m

  Name "異⑹껌?⑤룄":
  [36m<option[31m
    [33mvalue[31m=[32m"異⑹껌?⑤룄"[31m
  [36m/>[31m

  Name "?꾨턿?밸퀎?먯튂??:
  [36m<option[31m
    [33mvalue[31m=[32m"?꾨턿?밸퀎?먯튂??[31m
  [36m/>[31m

  Name "?꾨씪?⑤룄":
  [36m<option[31m
    [33mvalue[31m=[32m"?꾨씪?⑤룄"[31m
  [36m/>[31m

  Name "寃쎌긽遺곷룄":
  [36m<option[31m
    [33mvalue[31m=[32m"寃쎌긽遺곷룄"[31m
  [36m/>[31m

  Name "寃쎌긽?⑤룄":
  [36m<option[31m
    [33mvalue[31m=[32m"寃쎌긽?⑤룄"[31m
  [36m/>[31m

  Name "?쒖＜?밸퀎?먯튂??:
  [36m<option[31m
    [33mvalue[31m=[32m"?쒖＜?밸퀎?먯튂??[31m
  [36m/>[31m

  Name "?댁쇅":
  [36m<option[31m
    [33mvalue[31m=[32m"?댁쇅"[31m
  [36m/>[31m

  --------------------------------------------------
  button:

  Name "?섏젙":
  [36m<button[31m
    [33mclass[31m=[32m"rounded-lg border border-border px-3 py-1 text-[12px] font-semibold text-text-secondary hover:bg-gray-50"[31m
    [33mtype[31m=[32m"button"[31m
  [36m/>[31m

  Name "?섏젙":
  [36m<button[31m
    [33mclass[31m=[32m"rounded-lg border border-border px-3 py-1 text-[12px] font-semibold text-text-secondary hover:bg-gray-50"[31m
    [33mtype[31m=[32m"button"[31m
  [36m/>[31m

  Name "?섏젙":
  [36m<button[31m
    [33mclass[31m=[32m"rounded-lg border border-border px-3 py-1 text-[12px] font-semibold text-text-secondary hover:bg-gray-50"[31m
    [33mtype[31m=[32m"button"[31m
  [36m/>[31m

  Name "?섏젙":
  [36m<button[31m
    [33mclass[31m=[32m"rounded-lg border border-border px-3 py-1 text-[12px] font-semibold text-text-secondary hover:bg-gray-50"[31m
    [33mtype[31m=[32m"button"[31m
  [36m/>[31m

  Name "?댁쟾":
  [36m<button[31m
    [33mclass[31m=[32m"inline-flex items-center justify-center gap-2 whitespace-nowrap rounded-md text-sm font-medium ring-offset-background transition-colors focus-visible:outline-none focus-visible:ring-2 focus-visible:ring-ring focus-visible:ring-offset-2 disabled:pointer-events-none disabled:opacity-50 [&_svg]:pointer-events-none [&_svg]:size-4 [&_svg]:shrink-0 border border-input bg-background hover:bg-accent hover:text-accent-foreground px-4 py-2 h-11 flex-1"[31m
    [33mtype[31m=[32m"button"[31m
  [36m/>[31m

  Name "誘몃옒 ?몄뿰 ?곷떞 ?쒖옉":
  [36m<button[31m
    [33mclass[31m=[32m"inline-flex items-center justify-center gap-2 whitespace-nowrap rounded-md text-sm font-medium ring-offset-background transition-colors focus-visible:outline-none focus-visible:ring-2 focus-visible:ring-ring focus-visible:ring-offset-2 disabled:pointer-events-none disabled:opacity-50 [&_svg]:pointer-events-none [&_svg]:size-4 [&_svg]:shrink-0 hover:bg-primary/90 px-4 py-2 h-11 flex-1 bg-[#24303F] text-white"[31m
    [33mtype[31m=[32m"button"[31m
  [36m/>[31m

  --------------------------------------------------
  list:

  Name "":
  [36m<ul[31m
    [33mclass[31m=[32m"mt-1 space-y-0.5 text-[11px] text-blue-600"[31m
  [36m/>[31m

  --------------------------------------------------
  listitem:

  Name "":
  [36m<li />[31m

  Name "":
  [36m<li />[31m

  Name "":
  [36m<li />[31m

  --------------------------------------------------

Ignored nodes: comments, script, style
[36m<body>[31m
  [36m<div>[31m
    [36m<div[31m
      [33mclass[31m=[32m"space-y-6 analysis-card !p-8"[31m
    [36m>[31m
      [36m<div[31m
        [33mclass[31m=[32m"space-y-2 text-center"[31m
      [36m>[31m
        [36m<h2[31m
          [33mclass[31m=[32m"text-xl sm:text-2xl font-bold text-gray-900 mt-4"[31m
        [36m>[31m
          [0m?뺣낫 ?낅젰[0m
        [36m</h2>[31m
        [36m<p[31m
          [33mclass[31m=[32m"text-[14px] text-text-secondary"[31m
        [36m>[31m
          [0m蹂몄씤 ?뺣낫瑜??낅젰?섍퀬 諛붾줈 遺꾩꽍?섏꽭??[0m
        [36m</p>[31m
      [36m</div>[31m
      [36m<div[31m
        [33mclass[31m=[32m"py-2"[31m
      [36m>[31m
        [36m<div[31m
          [33mclass[31m=[32m"space-y-4 rounded-2xl border border-border bg-white p-4"[31m
        [36m>[31m
          [36m<div[31m
            [33mclass[31m=[32m"flex items-center justify-between gap-2"[31m
          [36m>[31m
            [36m<div[31m
              [33mclass[31m=[32m"flex items-center gap-2"[31m
            [36m>[31m
              [36m<h3[31m
                [33mclass[31m=[32m"text-[16px] font-bold text-foreground"[31m
              [36m>[31m
                [0m蹂몄씤 ?뺣낫[0m
              [36m</h3>[31m
            [36m</div>[31m
          [36m</div>[31m
          [36m<div[31m
            [33mclass[31m=[32m"grid grid-cols-1 gap-3 md:grid-cols-2"[31m
          [36m>[31m
            [36m<input[31m
              [33mclass[31m=[32m"h-11 rounded-xl border border-border px-3 text-[14px] bg-white"[31m
              [33mplaceholder[31m=[32m"?대쫫(?좏깮)"[31m
              [33mvalue[31m=[32m""[31m
            [36m/>[31m
            [36m<select[31m
              [33mclass[31m=[32m"h-11 rounded-xl border border-border px-3 text-[14px] bg-white"[31m
            [36m>[31m
              [36m<option[31m
                [33mvalue[31m=[32m"female"[31m
              [36m>[31m
                [0m?ъ꽦[0m
              [36m</option>[31m
              [36m<option[31m
                [33mvalue[31m=[32m"male"[31m
              [36m>[31m
                [0m?⑥꽦[0m
              [36m</option>[31m
            [36m</select>[31m
            [36m<select[31m
              [33mclass[31m=[32m"h-11 rounded-xl border border-border px-3 text-[14px] bg-white"[31m
            [36m>[31m
              [36m<option[31m
                [33mvalue[31m=[32m"solar"[31m
              [36m>[31m
                [0m?묐젰[0m
              [36m</option>[31m
              [36m<option[31m
                [33mvalue[31m=[32m"lunar"[31m
              [36m>[31m
                [0m?뚮젰[0m
              [36m</option>[31m
              [36m<option[31m
                [33mvalue[31m=[32m"lunar-leap"[31m
              [36m>[31m
                [0m?뚮젰 ?ㅻ떖[0m
              [36m</option>[31m
            [36m</select>[31m
            [36m<input[31m
              [33mclass[31m=[32m"h-11 rounded-xl border border-border px-3 text-[14px] bg-white"[31m
              [33mtype[31m=[32m"date"[31m
              [33mvalue[31m=[32m"1990-01-01"[31m
            [36m/>[31m
            [36m<select[31m
              [33mclass[31m=[32m"h-11 rounded-xl border border-border px-3 text-[14px] bg-white"[31m
            [36m>[31m
              [36m<option[31m
                [33mvalue[31m=[32m"exact"[31m
              [36m>[31m
                [0m異쒖깮?쒓컙 ?뺥솗????[0m
              [36m</option>[31m
              [36m<option[31m
                [33mvalue[31m=[32m"time-block"[31m
              [36m>[31m
                [0m??듭쟻???쒓컙?留???[0m
              [36m</option>[31m
              [36m<option[31m
                [33mvalue[31m=[32m"unknown"[31m
              [36m>[31m
                [0m異쒖깮?쒓컙 紐⑤쫫[0m
              [36m</option>[31m
            [36m</select>[31m
            [36m<select[31m
              [33mclass[31m=[32m"h-11 rounded-xl border border-border px-3 text-[14px] bg-white"[31m
            [36m>[31m
              [36m<option[31m
                [33mvalue[31m=[32m"?쒖슱?밸퀎??[31m
              [36m>[31m
                [0m?쒖슱?밸퀎??[0m
              [36m</option>[31m
              [36m<option[31m
                [33mvalue[31m=[32m"遺?곌킅??떆"[31m
              [36m>[31m
                [0m遺?곌킅??떆[0m
              [36m</option>[31m
              [36m<option[31m
                [33mvalue[31m=[32m"?援ш킅??떆"[31m
              [36m>[31m
                [0m?援ш킅??떆[0m
              [36m</option>[31m
              [36m<option[31m
                [33mvalue[31m=[32m"?몄쿇愿묒뿭??[31m
              [36m>[31m
                [0m?몄쿇愿묒뿭??[0m
              [36m</option>[31m
              [36m<option[31m
                [33mvalue[31m=[32m"愿묒＜愿묒뿭??[31m
              [36m>[31m
                [0m愿묒＜愿묒뿭??[0m
              [36m</option>[31m
              [36m<option[31m
                [33mvalue[31m=[32m"??꾧킅??떆"[31m
              [36m>[31m
                [0m??꾧킅??떆[0m
              [36m</option>[31m
              [36m<option[31m
                [33mvalue[31m=[32m"?몄궛愿묒뿭??[31m
              [36m>[31m
                [0m?몄궛愿묒뿭??[0m
              [36m</option>[31m
              [36m<option[31m
                [33mvalue[31m=[32m"?몄쥌?밸퀎?먯튂??[31m
              [36m>[31m
                [0m?몄쥌?밸퀎?먯튂??[0m
              [36m</option>[31m
              [36m<option[31m
                [33mvalue[31m=[32m"寃쎄린??[31m
              [36m>[31m
                [0m寃쎄린??[0m
              [36m</option>[31m
              [36m<option[31m
                [33mvalue[31m=[32m"媛뺤썝?밸퀎?먯튂??[31m
              [36m>[31m
                [0m媛뺤썝?밸퀎?먯튂??[0m
              [36m</option>[31m
              [36m<option[31m
                [33mvalue[31m=[32m"異⑹껌遺곷룄"[31m
              [36m>[31m
                [0m異⑹껌遺곷룄[0m
              [36m</option>[31m
              [36m<option[31m
                [33mvalue[31m=[32m"異⑹껌?⑤룄"[31m
              [36m>[31m
                [0m異⑹껌?⑤룄[0m
              [36m</option>[31m
              [36m<option[31m
                [33mvalue[31m=[32m"?꾨턿?밸퀎?먯튂??[31m
              [36m>[31m
                [0m?꾨턿?밸퀎?먯튂??[0m
              [36m</option>[31m
              [36m<option[31m
                [33mvalue[31m=[32m"?꾨씪?⑤룄"[31m
              [36m>[31m
                [0m?꾨씪?⑤룄[0m
              [36m</option>[31m
              [36m<option[31m
                [33mvalue[31m=[32m"寃쎌긽遺곷룄"[31m
              [36m>[31m
                [0m寃쎌긽遺곷룄[0m
              [36m</option>[31m
              [36m<option[31m
                [33mvalue[31m=[32m"寃쎌긽?⑤룄"[31m
              [36m>[31m
                [0m寃쎌긽?⑤룄[0m
              [36m</option>[31m
              [36m<option[31m
                [33mvalue[31m=[32m"?쒖＜?밸퀎?먯튂??[31m
              [36m>[31m
                [0m?쒖＜?밸퀎?먯튂??[0m
              [36m</option>[31m
              [36m<option[31m
                [33mvalue[31m=[32m"?댁쇅"[31m
              [36m>[31m
                [0m?댁쇅[0m
              [36m</option>[31m
            [36m</select>[31m
          [36m</div>[31m
        [36m</div>[31m
        [36m<div[31m
          [33mclass[31m=[32m"space-y-4 rounded-2xl border border-border bg-white p-4"[31m
        [36m>[31m
          [36m<div[31m
            [33mclass[31m=[32m"space-y-2"[31m
          [36m>[31m
            [36m<div[31m
              [33mclass[31m=[32m"flex items-center justify-between gap-2"[31m
            [36m>[31m
              [36m<h3[31m
                [33mclass[31m=[32m"text-[15px] font-bold text-foreground"[31m
              [36m>[31m
                [0m愿怨?留λ씫[0m
              [36m</h3>[31m
              [36m<span[31m
                [33mclass[31m=[32m"text-[12px] font-semibold text-text-secondary"[31m
              [36m>[31m
                [0mStep [0m
                [0m3[0m
                [0m / [0m
                [0m3[0m
              [36m</span>[31m
            [36m</div>[31m
            [36m<div[31m
              [33mclass[31m=[32m"h-2 w-full overflow-hidden rounded-full bg-gray-100"[31m
            [36m>[31m
              [36m<div[31m
                [33mclass[31m=[32m"h-full rounded-full bg-[#24303F] transition-all"[31m
                [33mstyle[31m=[32m"width: 100%;"[31m
              [36m/>[31m
            [36m</div>[31m
          [36m</div>[31m
          [36m<div[31m
            [33mclass[31m=[32m"space-y-3"[31m
          [36m>[31m
            [36m<div[31m
              [33mclass[31m=[32m"rounded-2xl border border-border bg-[#FCFDFE] p-4"[31m
            [36m>[31m
              [36m<p[31m
                [33mclass[31m=[32m"text-[14px] font-semibold text-foreground"[31m
              [36m>[31m
                [0m?낅젰 寃??[0m
              [36m</p>[31m
              [36m<p[31m
                [33mclass[31m=[32m"mt-1 text-[12px] text-text-secondary"[31m
              [36m>[31m
                [0m?좏깮媛믪? 由ы룷?몄쓽 遺꾩꽍 珥덉젏, ?먯닔 蹂댁젙, ?곷떞 ?ㅼ뿉 吏곸젒 諛섏쁺?⑸땲?? ?꾩슂????ぉ留??섏젙?섍퀬 ?쒖텧?섏꽭??[0m
              [36m</p>[31m
              [36m<div[31m
                [33mclass[31m=[32m"mt-3 space-y-2"[31m
              [36m>[31m
                [36m<div[31m
                  [33mclass[31m=[32m"flex items-center justify-between gap-2 rounded-xl border border-border bg-white px-3 py-2"[31m
                [36m>[31m
                  [36m<div>[31m
                    [36m<p[31m
                      [33mclass[31m=[32m"text-[12px] text-text-secondary"[31m
                    [36m>[31m
                      [0m?꾩옱 ?곗븷 ?곹깭??臾댁뾿??媛源뚯슫媛??[0m
                    [36m</p>[31m
                    [36m<p[31m
                      [33mclass[31m=[32m"text-[13px] font-semibold text-foreground"[31m
                    [36m>[31m
                      [0m理쒓렐 愿怨?醫낅즺[0m
                    [36m</p>[31m
                  [36m</div>[31m
                  [36m<button[31m
                    [33mclass[31m=[32m"rounded-lg border border-border px-3 py-1 text-[12px] font-semibold text-text-secondary hover:bg-gray-50"[31m
                    [33mtype[31m=[32m"button"[31m
                  [36m>[31m
                    [0m?섏젙[0m
                  [36m</button>[31m
                [36m</div>[31m
                [36m<div[31m
                  [33mclass[31m=[32m"flex items-center justify-between gap-2 rounded-xl border border-border bg-white px-3 py-2"[31m
                [36m>[31m
                  [36m<div>[31m
                    [36m<p[31m
                      [33mclass[31m=[32m"text-[12px] text-text-secondary"[31m
                    [36m>[31m
                      [0m?먰븯??愿怨??ㅽ??쇱? 臾댁뾿?멸???[0m
                    [36m</p>[31m
                    [36m<p[31m
                      [33mclass[31m=[32m"text-[13px] font-semibold text-foreground"[31m
                    [36m>[31m
                      [0m?덉젙??[0m
                    [36m</p>[31m
                  [36m</div>[31m
                  [36m<button[31m
                    [33mclass[31m=[32m"rounded-lg border border-border px-3 py-1 text-[12px] font-semibold text-text-secondary hover:bg-gray-50"[31m
                    [33mtype[31m=[32m"button"[31m
                  [36m>[31m
                    [0m?섏젙[0m
                  [36m</button>[31m
                [36m</div>[31m
                [36m<div[31m
                  [33mclass[31m=[32m"flex items-center justify-between gap-2 rounded-xl border border-border bg-white px-3 py-2"[31m
                [36m>[31m
                  [36m<div>[31m
                    [36m<p[31m
                      [33mclass[31m=[32m"text-[12px] text-text-secondary"[31m
                    [36m>[31m
                      [0m媛??沅곴툑???ъ씤?몃뒗 臾댁뾿?멸???[0m
                    [36m</p>[31m
                    [36m<p[31m
                      [33mclass[31m=[32m"text-[13px] font-semibold text-foreground"[31m
                    [36m>[31m
                      [0m寃고샎 媛?μ꽦[0m
                    [36m</p>[31m
                  [36m</div>[31m
                  [36m<button[31m
                    [33mclass[31m=[32m"rounded-lg border border-border px-3 py-1 text-[12px] font-semibold text-text-secondary hover:bg-gray-50"[31m
                    [33mtype[31m=[32m"button"[31m
                  [36m>[31m
                    [0m?섏젙[0m
                  [36m</button>[31m
                [36m</div>[31m
                [36m<div[31m
                  [33mclass[31m=[32m"flex items-center justify-between gap-2 rounded-xl border border-border bg-white px-3 py-2"[31m
                [36m>[31m
                  [36m<div>[31m
                    [36m<p[31m
                      [33mclass[31m=[32m"text-[12px] text-text-secondary"[31m
                    [36m>[31m
                      [0m寃고샎 ?섑뼢? ?대뒓 履쎌씤媛??[0m
                    [36m</p>[31m
                    [36m<p[31m
                      [33mclass[31m=[32m"text-[13px] font-semibold text-foreground"[31m
                    [36m>[31m
                      [0m媛뺥븿[0m
                    [36m</p>[31m
                  [36m</div>[31m
                  [36m<button[31m
                    [33mclass[31m=[32m"rounded-lg border border-border px-3 py-1 text-[12px] font-semibold text-text-secondary hover:bg-gray-50"[31m
                    [33mtype[31m=[32m"button"[31m
                  [36m>[31m
                    [0m?섏젙[0m
                  [36m</button>[31m
                [36m</div>[31m
              [36m</div>[31m
            [36m</div>[31m
            [36m<div[31m
              [33mclass[31m=[32m"rounded-xl border border-blue-100 bg-blue-50/50 px-3 py-2.5"[31m
            [36m>[31m
              [36m<p[31m
                [33mclass[31m=[32m"text-[12px] font-semibold text-blue-700"[31m
              [36m>[31m
                [0m???좏깮?쇰줈 ?щ씪吏??寃?[0m
              [36m</p>[31m
              [36m<ul[31m
                [33mclass[31m=[32m"mt-1 space-y-0.5 text-[11px] text-blue-600"[31m
              [36m>[31m
                [36m<li>[31m
                  [0m??由ы룷??遺꾩꽍 珥덉젏怨??곷떞 ?ㅼ씠 ?좏깮媛믪뿉 留욎땄 諛李??곸슜?⑸땲??[0m
                [36m</li>[31m
                [36m<li>[31m
                  [0m??愿???ъ씤?몄? 寃고샎?섑뼢???곕씪 ?먯닔 媛以묒튂媛 蹂댁젙?⑸땲??[0m
                [36m</li>[31m
                [36m<li>[31m
                  [0m???쒕굹由ъ삤???곕씪 媛??뱀뀡??遺꾩꽍 源딆씠媛 ?щ씪吏묐땲??[0m
                [36m</li>[31m
              [36m</ul>[31m
            [36m</div>[31m
            [36m<input[31m
              [33mclass[31m=[32m"h-11 w-full rounded-xl border border-border px-3 text-[14px]"[31m
              [33mplaceholder[31m=[32m"異붽? 硫붾え 1以?(?좏깮)"[31m
              [33mvalue[31m=[32m"愿怨?諛⑺뼢?깃낵 寃고샎"[31m
            [36m/>[31m
          [36m</div>[31m
          [36m<div[31m
            [33mclass[31m=[32m"flex gap-2"[31m
          [36m>[31m
            [36m<button[31m
              [33mclass[31m=[32m"inline-flex items-center justify-center gap-2 whitespace-nowrap rounded-md text-sm font-medium ring-offset-background transition-colors focus-visible:outline-none focus-visible:ring-2 focus-visible:ring-ring focus-visible:ring-offset-2 disabled:pointer-events-none disabled:opacity-50 [&_svg]:pointer-events-none [&_svg]:size-4 [&_svg]:shrink-0 border border-input bg-background hover:bg-accent hover:text-accent-foreground px-4 py-2 h-11 flex-1"[31m
              [33mtype[31m=[32m"button"[31m
            [36m>[31m
              [0m?댁쟾[0m
            [36m</button>[31m
            [36m<button[31m
              [33mclass[31m=[32m"inline-flex items-center justify-center gap-2 whitespace-nowrap rounded-md text-sm font-medium ring-offset-background transition-colors focus-visible:outline-none focus-visible:ring-2 focus-visible:ring-ring focus-visible:ring-offset-2 disabled:pointer-events-none disabled:opacity-50 [&_svg]:pointer-events-none [&_svg]:size-4 [&_svg]:shrink-0 hover:bg-primary/90 px-4 py-2 h-11 flex-1 bg-[#24303F] text-white"[31m
              [33mtype[31m=[32m"button"[31m
            [36m>[31m
              [0m誘몃옒 ?몄뿰 ?곷떞 ?쒖옉[0m
            [36m</button>[31m
          [36m</div>[31m
        [36m</div>[31m
      [36m</div>[31m
    [36m</div>[31m
  [36m</div>[31m
[36m</body>[31m[39m
 [32m??[39m src/test/love.input-stepper.test.tsx[2m > [22mLoveInputStepper[2m > [22mshows selection impact hint in review step[33m 591[2mms[22m[39m
 [31m횞[39m src/test/auth.onboarding-routing.test.tsx[2m > [22mauth onboarding routing[2m > [22mignores unsafe next path and moves to mypage when profile exists[33m 1102[2mms[22m[39m
[31m   ??Unable to find an element by: [data-testid="route-probe"]

Ignored nodes: comments, script, style
[36m<body>[31m
  [36m<div>[31m
    [36m<div[31m
      [33mclass[31m=[32m"flex min-h-[calc(100vh-80px)] w-full items-center justify-center bg-transparent p-4 md:p-8"[31m
    [36m>[31m
      [36m<div[31m
        [33mclass[31m=[32m"w-full max-w-[480px]"[31m
      [36m>[31m
        [36m<div[31m
          [33mclass[31m=[32m"w-full space-y-6"[31m
        [36m>[31m
          [36m<header[31m
            [33mclass[31m=[32m"space-y-2"[31m
          [36m>[31m
            [36m<h1[31m
              [33mclass[31m=[32m"text-h2 text-foreground font-bold text-2xl"[31m
            [36m>[31m
              [0m濡쒓렇??[0m
            [36m</h1>[31m
            [36m<p[31m
              [33mclass[31m=[32m"text-sm text-muted-foreground"[31m
            [36m>[31m
              [0m濡쒓렇?명븯硫??대씪?곕뱶 ??? 湲곕줉 ?숆린?? ?뚮┝ 湲곕뒫???ъ슜?????덉뒿?덈떎.[0m
            [36m</p>[31m
          [36m</header>[31m
          [36m<div[31m
            [33mclass[31m=[32m"text-card-foreground rounded-lg border border-border bg-card p-6 shadow-sm"[31m
          [36m>[31m
            [36m<div[31m
              [33mclass[31m=[32m"space-y-3"[31m
            [36m>[31m
              [36m<button[31m
                [33mclass[31m=[32m"inline-flex items-center justify-center gap-2 whitespace-nowrap rounded-md text-sm font-medium ring-offset-background transition-colors focus-visible:outline-none focus-visible:ring-2 focus-visible:ring-ring focus-visible:ring-offset-2 disabled:pointer-events-none disabled:opacity-50 [&_svg]:pointer-events-none [&_svg]:size-4 [&_svg]:shrink-0 border border-input hover:text-accent-foreground px-4 py-2 h-12 w-full border-none bg-[#24303F] text-white hover:bg-[#1D2733]"[31m
              [36m>[31m
                [0mGoogle濡?怨꾩냽?섍린[0m
              [36m</button>[31m
              [36m<button[31m
                [33mclass[31m=[32m"inline-flex items-center justify-center gap-2 whitespace-nowrap rounded-md text-sm font-medium ring-offset-background transition-colors focus-visible:outline-none focus-visible:ring-2 focus-visible:ring-ring focus-visible:ring-offset-2 disabled:pointer-events-none disabled:opacity-50 [&_svg]:pointer-events-none [&_svg]:size-4 [&_svg]:shrink-0 border border-input hover:text-accent-foreground px-4 py-2 h-12 w-full border-none bg-[#FEE500] text-[#191919] hover:bg-[#F7DB00]"[31m
              [36m>[31m
                [0mKakao濡?怨꾩냽?섍린[0m
              [36m</button>[31m
            [36m</div>[31m
            [36m<div[31m
              [33mclass[31m=[32m"relative my-5"[31m
            [36m>[31m
              [36m<div[31m
                [33mclass[31m=[32m"absolute inset-0 flex items-center"[31m
              [36m>[31m
                [36m<div[31m
                  [33mclass[31m=[32m"shrink-0 bg-border h-[1px] w-full"[31m
                  [33mdata-orientation[31m=[32m"horizontal"[31m
                  [33mrole[31m=[32m"none"[31m
                [36m/>[31m
              [36m</div>[31m
              [36m<div[31m
                [33mclass[31m=[32m"relative flex justify-center text-xs uppercase"[31m
              [36m>[31m
                [36m<span[31m
                  [33mclass[31m=[32m"bg-card px-2 font-medium text-muted-foreground"[31m
                [36m>[31m
                  [0m?먮뒗 ?대찓??濡쒓렇??[0m
                [36m</span>[31m
              [36m</div>[31m
            [36m</div>[31m
            [36m<form[31m
              [33mclass[31m=[32m"space-y-4"[31m
            [36m>[31m
              [36m<div[31m
                [33mclass[31m=[32m"space-y-2"[31m
              [36m>[31m
                [36m<label[31m
                  [33mclass[31m=[32m"text-sm font-medium leading-none peer-disabled:cursor-not-allowed peer-disabled:opacity-70"[31m
                  [33mfor[31m=[32m"email"[31m
                [36m>[31m
                  [0m?대찓??[0m
                [36m</label>[31m
                [36m<input[31m
                  [33mclass[31m=[32m"flex h-10 w-full rounded-md border border-input bg-background px-3 py-2 text-base ring-offset-background file:border-0 file:bg-transparent file:text-sm file:font-medium file:text-foreground placeholder:text-muted-foreground focus-visible:outline-none focus-visible:ring-2 focus-visible:ring-ring focus-visible:ring-offset-2 disabled:cursor-not-allowed disabled:opacity-50 md:text-sm"[31m
                  [33mid[31m=[32m"email"[31m
                  [33mplaceholder[31m=[32m"example@email.com"[31m
                  [33mrequired[31m=[32m""[31m
                  [33mtype[31m=[32m"email"[31m
                  [33mvalue[31m=[32m"user@example.com"[31m
                [36m/>[31m
              [36m</div>[31m
              [36m<div[31m
                [33mclass[31m=[32m"space-y-2"[31m
              [36m>[31m
                [36m<label[31m
                  [33mclass[31m=[32m"text-sm font-medium leading-none peer-disabled:cursor-not-allowed peer-disabled:opacity-70"[31m
                  [33mfor[31m=[32m"password"[31m
                [36m>[31m
                  [0m鍮꾨?踰덊샇[0m
                [36m</label>[31m
                [36m<input[31m
                  [33mclass[31m=[32m"flex h-10 w-full rounded-md border border-input bg-background px-3 py-2 text-base ring-offset-background file:border-0 file:bg-transparent file:text-sm file:font-medium file:text-foreground placeholder:text-muted-foreground focus-visible:outline-none focus-visible:ring-2 focus-visible:ring-ring focus-visible:ring-offset-2 disabled:cursor-not-allowed disabled:opacity-50 md:text-sm"[31m
                  [33mid[31m=[32m"password"[31m
                  [33mplaceholder[31m=[32m"?™™™™™™™?[31m
                  [33mrequired[31m=[32m""[31m
                  [33mtype[31m=[32m"password"[31m
                  [33mvalue[31m=[32m"password123!"[31m
                [36m/>[31m
              [36m</div>[31m
              [36m<button[31m
                [33mclass[31m=[32m"inline-flex items-center justify-center gap-2 whitespace-nowrap rounded-md text-sm font-medium ring-offset-background transition-colors focus-visible:outline-none focus-visible:ring-2 focus-visible:ring-ring focus-visible:ring-offset-2 disabled:pointer-events-none disabled:opacity-50 [&_svg]:pointer-events-none [&_svg]:size-4 [&_svg]:shrink-0 bg-primary text-primary-foreground hover:bg-primary/90 px-4 py-2 h-12 w-full"[31m
                [33mtype[31m=[32m"submit"[31m
              [36m>[31m
                [0m濡쒓렇??[0m
              [36m</button>[31m
            [36m</form>[31m
            [36m<div[31m
              [33mclass[31m=[32m"mt-8 text-center text-sm"[31m
            [36m>[31m
              [0m怨꾩젙???놁쑝?좉???[0m
              [0m [0m
              [36m<a[31m
                [33mclass[31m=[32m"text-primary font-medium hover:underline"[31m
                [33mhref[31m=[32m"/signup"[31m
              [36m>[31m
                [0m?뚯썝媛??[0m
              [36m</a>[31m
            [36m</div>[31m
            [36m<p[31m
              [33mclass[31m=[32m"mt-4 text-center text-[12px] leading-5 text-muted-foreground"[31m
            [36m>[31m
              [0m濡쒓렇????媛쒖씤?뺣낫 泥섎━諛⑹묠怨??댁슜?쎄????숈쓽??寃껋쑝濡?媛꾩＜?⑸땲??[0m
            [36m</p>[31m
          [36m</div>[31m
        [36m</div>[31m
      [36m</div>[31m
    [36m</div>[31m
  [36m</div>[31m
[36m</body>[31m

Ignored nodes: comments, script, style
[36m<html>[31m
  [36m<head />[31m
  [36m<body>[31m
    [36m<div>[31m
      [36m<div[31m
        [33mclass[31m=[32m"flex min-h-[calc(100vh-80px)] w-full items-center justify-center bg-transparent p-4 md:p-8"[31m
      [36m>[31m
        [36m<div[31m
          [33mclass[31m=[32m"w-full max-w-[480px]"[31m
        [36m>[31m
          [36m<div[31m
            [33mclass[31m=[32m"w-full space-y-6"[31m
          [36m>[31m
            [36m<header[31m
              [33mclass[31m=[32m"space-y-2"[31m
            [36m>[31m
              [36m<h1[31m
                [33mclass[31m=[32m"text-h2 text-foreground font-bold text-2xl"[31m
              [36m>[31m
                [0m濡쒓렇??[0m
              [36m</h1>[31m
              [36m<p[31m
                [33mclass[31m=[32m"text-sm text-muted-foreground"[31m
              [36m>[31m
                [0m濡쒓렇?명븯硫??대씪?곕뱶 ??? 湲곕줉 ?숆린?? ?뚮┝ 湲곕뒫???ъ슜?????덉뒿?덈떎.[0m
              [36m</p>[31m
            [36m</header>[31m
            [36m<div[31m
              [33mclass[31m=[32m"text-card-foreground rounded-lg border border-border bg-card p-6 shadow-sm"[31m
            [36m>[31m
              [36m<div[31m
                [33mclass[31m=[32m"space-y-3"[31m
              [36m>[31m
                [36m<button[31m
                  [33mclass[31m=[32m"inline-flex items-center justify-center gap-2 whitespace-nowrap rounded-md text-sm font-medium ring-offset-background transition-colors focus-visible:outline-none focus-visible:ring-2 focus-visible:ring-ring focus-visible:ring-offset-2 disabled:pointer-events-none disabled:opacity-50 [&_svg]:pointer-events-none [&_svg]:size-4 [&_svg]:shrink-0 border border-input hover:text-accent-foreground px-4 py-2 h-12 w-full border-none bg-[#24303F] text-white hover:bg-[#1D2733]"[31m
                [36m>[31m
                  [0mGoogle濡?怨꾩냽?섍린[0m
                [36m</button>[31m
                [36m<button[31m
                  [33mclass[31m=[32m"inline-flex items-center justify-center gap-2 whitespace-nowrap rounded-md text-sm font-medium ring-offset-background transition-colors focus-visible:outline-none focus-visible:ring-2 focus-visible:ring-ring focus-visible:ring-offset-2 disabled:pointer-events-none disabled:opacity-50 [&_svg]:pointer-events-none [&_svg]:size-4 [&_svg]:shrink-0 border border-input hover:text-accent-foreground px-4 py-2 h-12 w-full border-none bg-[#FEE500] text-[#191919] hover:bg-[#F7DB00]"[31m
                [36m>[31m
                  [0mKakao濡?怨꾩냽?섍린[0m
                [36m</button>[31m
              [36m</div>[31m
              [36m<div[31m
                [33mclass[31m=[32m"relative my-5"[31m
              [36m>[31m
                [36m<div[31m
                  [33mclass[31m=[32m"absolute inset-0 flex items-center"[31m
                [36m>[31m
                  [36m<div[31m
                    [33mclass[31m=[32m"shrink-0 bg-border h-[1px] w-full"[31m
                    [33mdata-orientation[31m=[32m"horizontal"[31m
                    [33mrole[31m=[32m"none"[31m
                  [36m/>[31m
                [36m</div>[31m
                [36m<div[31m
                  [33mclass[31m=[32m"relative flex justify-center text-xs uppercase"[31m
                [36m>[31m
                  [36m<span[31m
                    [33mclass[31m=[32m"bg-card px-2 font-medium text-muted-foreground"[31m
                  [36m>[31m
                    [0m?먮뒗 ?대찓??濡쒓렇??[0m
                  [36m</span>[31m
                [36m</div>[31m
              [36m</div>[31m
              [36m<form[31m
                [33mclass[31m=[32m"space-y-4"[31m
              [36m>[31m
                [36m<div[31m
                  [33mclass[31m=[32m"space-y-2"[31m
                [36m>[31m
                  [36m<label[31m
                    [33mclass[31m=[32m"text-sm font-medium leading-none peer-disabled:cursor-not-allowed peer-disabled:opacity-70"[31m
                    [33mfor[31m=[32m"email"[31m
                  [36m>[31m
                    [0m?대찓??[0m
                  [36m</label>[31m
                  [36m<input[31m
                    [33mclass[31m=[32m"flex h-10 w-full rounded-md border border-input bg-background px-3 py-2 text-base ring-offset-background file:border-0 file:bg-transparent file:text-sm file:font-medium file:text-foreground placeholder:text-muted-foreground focus-visible:outline-none focus-visible:ring-2 focus-visible:ring-ring focus-visible:ring-offset-2 disabled:cursor-not-allowed disabled:opacity-50 md:text-sm"[31m
                    [33mid[31m=[32m"email"[31m
                    [33mplaceholder[31m=[32m"example@email.com"[31m
                    [33mrequired[31m=[32m""[31m
                    [33mtype[31m=[32m"email"[31m
                    [33mvalue[31m=[32m"user@example.com"[31m
                  [36m/>[31m
                [36m</div>[31m
                [36m<div[31m
                  [33mclass[31m=[32m"space-y-2"[31m
                [36m>[31m
                  [36m<label[31m
                    [33mclass[31m=[32m"text-sm font-medium leading-none peer-disabled:cursor-not-allowed peer-disabled:opacity-70"[31m
                    [33mfor[31m=[32m"password"[31m
                  [36m>[31m
                    [0m鍮꾨?踰덊샇[0m
                  [36m</label>[31m
                  [36m<input[31m
                    [33mclass[31m=[32m"flex h-10 w-full rounded-md border border-input bg-background px-3 py-2 text-base ring-offset-background file:border-0 file:bg-transparent file:text-sm file:font-medium file:text-foreground placeholder:text-muted-foreground focus-visible:outline-none focus-visible:ring-2 focus-visible:ring-ring focus-visible:ring-offset-2 disabled:cursor-not-allowed disabled:opacity-50 md:text-sm"[31m
                    [33mid[31m=[32m"password"[31m
                    [33mplaceholder[31m=[32m"?™™™™™™™?[31m
                    [33mrequired[31m=[32m""[31m
                    [33mtype[31m=[32m"password"[31m
                    [33mvalue[31m=[32m"password123!"[31m
                  [36m/>[31m
                [36m</div>[31m
                [36m<button[31m
                  [33mclass[31m=[32m"inline-flex items-center justify-center gap-2 whitespace-nowrap rounded-md text-sm font-medium ring-offset-background transition-colors focus-visible:outline-none focus-visible:ring-2 focus-visible:ring-ring focus-visible:ring-offset-2 disabled:pointer-events-none disabled:opacity-50 [&_svg]:pointer-events-none [&_svg]:size-4 [&_svg]:shrink-0 bg-primary text-primary-foreground hover:bg-primary/90 px-4 py-2 h-12 w-full"[31m
                  [33mtype[31m=[32m"submit"[31m
                [36m>[31m
                  [0m濡쒓렇??[0m
                [36m</button>[31m
              [36m</form>[31m
              [36m<div[31m
                [33mclass[31m=[32m"mt-8 text-center text-sm"[31m
              [36m>[31m
                [0m怨꾩젙???놁쑝?좉???[0m
                [0m [0m
                [36m<a[31m
                  [33mclass[31m=[32m"text-primary font-medium hover:underline"[31m
                  [33mhref[31m=[32m"/signup"[31m
                [36m>[31m
                  [0m?뚯썝媛??[0m
                [36m</a>[31m
              [36m</div>[31m
              [36m<p[31m
                [33mclass[31m=[32m"mt-4 text-center text-[12px] leading-5 text-muted-foreground"[31m
              [36m>[31m
                [0m濡쒓렇????媛쒖씤?뺣낫 泥섎━諛⑹묠怨??댁슜?쎄????숈쓽??寃껋쑝濡?媛꾩＜?⑸땲??[0m
              [36m</p>[31m
            [36m</div>[31m
          [36m</div>[31m
        [36m</div>[31m
      [36m</div>[31m
    [36m</div>[31m
  [36m</body>[31m
[36m</html>[31m[39m
 [31m횞[39m src/test/auth.onboarding-routing.test.tsx[2m > [22mauth onboarding routing[2m > [22mauto-moves authenticated users without profile to setup-profile with next[33m 1034[2mms[22m[39m
[31m   ??Unable to find an element by: [data-testid="route-probe"]

Ignored nodes: comments, script, style
[36m<body>[31m
  [36m<div>[31m
    [36m<div[31m
      [33mclass[31m=[32m"flex min-h-[calc(100vh-80px)] w-full items-center justify-center bg-transparent p-4 md:p-8"[31m
    [36m>[31m
      [36m<div[31m
        [33mclass[31m=[32m"w-full max-w-[480px]"[31m
      [36m>[31m
        [36m<div[31m
          [33mclass[31m=[32m"w-full space-y-6"[31m
        [36m>[31m
          [36m<header[31m
            [33mclass[31m=[32m"space-y-2"[31m
          [36m>[31m
            [36m<h1[31m
              [33mclass[31m=[32m"text-h2 text-foreground font-bold text-2xl"[31m
            [36m>[31m
              [0m濡쒓렇??[0m
            [36m</h1>[31m
            [36m<p[31m
              [33mclass[31m=[32m"text-sm text-muted-foreground"[31m
            [36m>[31m
              [0m濡쒓렇?명븯硫??대씪?곕뱶 ??? 湲곕줉 ?숆린?? ?뚮┝ 湲곕뒫???ъ슜?????덉뒿?덈떎.[0m
            [36m</p>[31m
          [36m</header>[31m
          [36m<div[31m
            [33mclass[31m=[32m"text-card-foreground rounded-lg border border-border bg-card p-6 shadow-sm"[31m
          [36m>[31m
            [36m<div[31m
              [33mclass[31m=[32m"space-y-3"[31m
            [36m>[31m
              [36m<button[31m
                [33mclass[31m=[32m"inline-flex items-center justify-center gap-2 whitespace-nowrap rounded-md text-sm font-medium ring-offset-background transition-colors focus-visible:outline-none focus-visible:ring-2 focus-visible:ring-ring focus-visible:ring-offset-2 disabled:pointer-events-none disabled:opacity-50 [&_svg]:pointer-events-none [&_svg]:size-4 [&_svg]:shrink-0 border border-input hover:text-accent-foreground px-4 py-2 h-12 w-full border-none bg-[#24303F] text-white hover:bg-[#1D2733]"[31m
              [36m>[31m
                [0mGoogle濡?怨꾩냽?섍린[0m
              [36m</button>[31m
              [36m<button[31m
                [33mclass[31m=[32m"inline-flex items-center justify-center gap-2 whitespace-nowrap rounded-md text-sm font-medium ring-offset-background transition-colors focus-visible:outline-none focus-visible:ring-2 focus-visible:ring-ring focus-visible:ring-offset-2 disabled:pointer-events-none disabled:opacity-50 [&_svg]:pointer-events-none [&_svg]:size-4 [&_svg]:shrink-0 border border-input hover:text-accent-foreground px-4 py-2 h-12 w-full border-none bg-[#FEE500] text-[#191919] hover:bg-[#F7DB00]"[31m
              [36m>[31m
                [0mKakao濡?怨꾩냽?섍린[0m
              [36m</button>[31m
            [36m</div>[31m
            [36m<div[31m
              [33mclass[31m=[32m"relative my-5"[31m
            [36m>[31m
              [36m<div[31m
                [33mclass[31m=[32m"absolute inset-0 flex items-center"[31m
              [36m>[31m
                [36m<div[31m
                  [33mclass[31m=[32m"shrink-0 bg-border h-[1px] w-full"[31m
                  [33mdata-orientation[31m=[32m"horizontal"[31m
                  [33mrole[31m=[32m"none"[31m
                [36m/>[31m
              [36m</div>[31m
              [36m<div[31m
                [33mclass[31m=[32m"relative flex justify-center text-xs uppercase"[31m
              [36m>[31m
                [36m<span[31m
                  [33mclass[31m=[32m"bg-card px-2 font-medium text-muted-foreground"[31m
                [36m>[31m
                  [0m?먮뒗 ?대찓??濡쒓렇??[0m
                [36m</span>[31m
              [36m</div>[31m
            [36m</div>[31m
            [36m<form[31m
              [33mclass[31m=[32m"space-y-4"[31m
            [36m>[31m
              [36m<div[31m
                [33mclass[31m=[32m"space-y-2"[31m
              [36m>[31m
                [36m<label[31m
                  [33mclass[31m=[32m"text-sm font-medium leading-none peer-disabled:cursor-not-allowed peer-disabled:opacity-70"[31m
                  [33mfor[31m=[32m"email"[31m
                [36m>[31m
                  [0m?대찓??[0m
                [36m</label>[31m
                [36m<input[31m
                  [33mclass[31m=[32m"flex h-10 w-full rounded-md border border-input bg-background px-3 py-2 text-base ring-offset-background file:border-0 file:bg-transparent file:text-sm file:font-medium file:text-foreground placeholder:text-muted-foreground focus-visible:outline-none focus-visible:ring-2 focus-visible:ring-ring focus-visible:ring-offset-2 disabled:cursor-not-allowed disabled:opacity-50 md:text-sm"[31m
                  [33mid[31m=[32m"email"[31m
                  [33mplaceholder[31m=[32m"example@email.com"[31m
                  [33mrequired[31m=[32m""[31m
                  [33mtype[31m=[32m"email"[31m
                  [33mvalue[31m=[32m""[31m
                [36m/>[31m
              [36m</div>[31m
              [36m<div[31m
                [33mclass[31m=[32m"space-y-2"[31m
              [36m>[31m
                [36m<label[31m
                  [33mclass[31m=[32m"text-sm font-medium leading-none peer-disabled:cursor-not-allowed peer-disabled:opacity-70"[31m
                  [33mfor[31m=[32m"password"[31m
                [36m>[31m
                  [0m鍮꾨?踰덊샇[0m
                [36m</label>[31m
                [36m<input[31m
                  [33mclass[31m=[32m"flex h-10 w-full rounded-md border border-input bg-background px-3 py-2 text-base ring-offset-background file:border-0 file:bg-transparent file:text-sm file:font-medium file:text-foreground placeholder:text-muted-foreground focus-visible:outline-none focus-visible:ring-2 focus-visible:ring-ring focus-visible:ring-offset-2 disabled:cursor-not-allowed disabled:opacity-50 md:text-sm"[31m
                  [33mid[31m=[32m"password"[31m
                  [33mplaceholder[31m=[32m"?™™™™™™™?[31m
                  [33mrequired[31m=[32m""[31m
                  [33mtype[31m=[32m"password"[31m
                  [33mvalue[31m=[32m""[31m
                [36m/>[31m
              [36m</div>[31m
              [36m<button[31m
                [33mclass[31m=[32m"inline-flex items-center justify-center gap-2 whitespace-nowrap rounded-md text-sm font-medium ring-offset-background transition-colors focus-visible:outline-none focus-visible:ring-2 focus-visible:ring-ring focus-visible:ring-offset-2 disabled:pointer-events-none disabled:opacity-50 [&_svg]:pointer-events-none [&_svg]:size-4 [&_svg]:shrink-0 bg-primary text-primary-foreground hover:bg-primary/90 px-4 py-2 h-12 w-full"[31m
                [33mtype[31m=[32m"submit"[31m
              [36m>[31m
                [0m濡쒓렇??[0m
              [36m</button>[31m
            [36m</form>[31m
            [36m<div[31m
              [33mclass[31m=[32m"mt-8 text-center text-sm"[31m
            [36m>[31m
              [0m怨꾩젙???놁쑝?좉???[0m
              [0m [0m
              [36m<a[31m
                [33mclass[31m=[32m"text-primary font-medium hover:underline"[31m
                [33mhref[31m=[32m"/signup"[31m
              [36m>[31m
                [0m?뚯썝媛??[0m
              [36m</a>[31m
            [36m</div>[31m
            [36m<p[31m
              [33mclass[31m=[32m"mt-4 text-center text-[12px] leading-5 text-muted-foreground"[31m
            [36m>[31m
              [0m濡쒓렇????媛쒖씤?뺣낫 泥섎━諛⑹묠怨??댁슜?쎄????숈쓽??寃껋쑝濡?媛꾩＜?⑸땲??[0m
            [36m</p>[31m
          [36m</div>[31m
        [36m</div>[31m
      [36m</div>[31m
    [36m</div>[31m
  [36m</div>[31m
[36m</body>[31m

Ignored nodes: comments, script, style
[36m<html>[31m
  [36m<head />[31m
  [36m<body>[31m
    [36m<div>[31m
      [36m<div[31m
        [33mclass[31m=[32m"flex min-h-[calc(100vh-80px)] w-full items-center justify-center bg-transparent p-4 md:p-8"[31m
      [36m>[31m
        [36m<div[31m
          [33mclass[31m=[32m"w-full max-w-[480px]"[31m
        [36m>[31m
          [36m<div[31m
            [33mclass[31m=[32m"w-full space-y-6"[31m
          [36m>[31m
            [36m<header[31m
              [33mclass[31m=[32m"space-y-2"[31m
            [36m>[31m
              [36m<h1[31m
                [33mclass[31m=[32m"text-h2 text-foreground font-bold text-2xl"[31m
              [36m>[31m
                [0m濡쒓렇??[0m
              [36m</h1>[31m
              [36m<p[31m
                [33mclass[31m=[32m"text-sm text-muted-foreground"[31m
              [36m>[31m
                [0m濡쒓렇?명븯硫??대씪?곕뱶 ??? 湲곕줉 ?숆린?? ?뚮┝ 湲곕뒫???ъ슜?????덉뒿?덈떎.[0m
              [36m</p>[31m
            [36m</header>[31m
            [36m<div[31m
              [33mclass[31m=[32m"text-card-foreground rounded-lg border border-border bg-card p-6 shadow-sm"[31m
            [36m>[31m
              [36m<div[31m
                [33mclass[31m=[32m"space-y-3"[31m
              [36m>[31m
                [36m<button[31m
                  [33mclass[31m=[32m"inline-flex items-center justify-center gap-2 whitespace-nowrap rounded-md text-sm font-medium ring-offset-background transition-colors focus-visible:outline-none focus-visible:ring-2 focus-visible:ring-ring focus-visible:ring-offset-2 disabled:pointer-events-none disabled:opacity-50 [&_svg]:pointer-events-none [&_svg]:size-4 [&_svg]:shrink-0 border border-input hover:text-accent-foreground px-4 py-2 h-12 w-full border-none bg-[#24303F] text-white hover:bg-[#1D2733]"[31m
                [36m>[31m
                  [0mGoogle濡?怨꾩냽?섍린[0m
                [36m</button>[31m
                [36m<button[31m
                  [33mclass[31m=[32m"inline-flex items-center justify-center gap-2 whitespace-nowrap rounded-md text-sm font-medium ring-offset-background transition-colors focus-visible:outline-none focus-visible:ring-2 focus-visible:ring-ring focus-visible:ring-offset-2 disabled:pointer-events-none disabled:opacity-50 [&_svg]:pointer-events-none [&_svg]:size-4 [&_svg]:shrink-0 border border-input hover:text-accent-foreground px-4 py-2 h-12 w-full border-none bg-[#FEE500] text-[#191919] hover:bg-[#F7DB00]"[31m
                [36m>[31m
                  [0mKakao濡?怨꾩냽?섍린[0m
                [36m</button>[31m
              [36m</div>[31m
              [36m<div[31m
                [33mclass[31m=[32m"relative my-5"[31m
              [36m>[31m
                [36m<div[31m
                  [33mclass[31m=[32m"absolute inset-0 flex items-center"[31m
                [36m>[31m
                  [36m<div[31m
                    [33mclass[31m=[32m"shrink-0 bg-border h-[1px] w-full"[31m
                    [33mdata-orientation[31m=[32m"horizontal"[31m
                    [33mrole[31m=[32m"none"[31m
                  [36m/>[31m
                [36m</div>[31m
                [36m<div[31m
                  [33mclass[31m=[32m"relative flex justify-center text-xs uppercase"[31m
                [36m>[31m
                  [36m<span[31m
                    [33mclass[31m=[32m"bg-card px-2 font-medium text-muted-foreground"[31m
                  [36m>[31m
                    [0m?먮뒗 ?대찓??濡쒓렇??[0m
                  [36m</span>[31m
                [36m</div>[31m
              [36m</div>[31m
              [36m<form[31m
                [33mclass[31m=[32m"space-y-4"[31m
              [36m>[31m
                [36m<div[31m
                  [33mclass[31m=[32m"space-y-2"[31m
                [36m>[31m
                  [36m<label[31m
                    [33mclass[31m=[32m"text-sm font-medium leading-none peer-disabled:cursor-not-allowed peer-disabled:opacity-70"[31m
                    [33mfor[31m=[32m"email"[31m
                  [36m>[31m
                    [0m?대찓??[0m
                  [36m</label>[31m
                  [36m<input[31m
                    [33mclass[31m=[32m"flex h-10 w-full rounded-md border border-input bg-background px-3 py-2 text-base ring-offset-background file:border-0 file:bg-transparent file:text-sm file:font-medium file:text-foreground placeholder:text-muted-foreground focus-visible:outline-none focus-visible:ring-2 focus-visible:ring-ring focus-visible:ring-offset-2 disabled:cursor-not-allowed disabled:opacity-50 md:text-sm"[31m
                    [33mid[31m=[32m"email"[31m
                    [33mplaceholder[31m=[32m"example@email.com"[31m
                    [33mrequired[31m=[32m""[31m
                    [33mtype[31m=[32m"email"[31m
                    [33mvalue[31m=[32m""[31m
                  [36m/>[31m
                [36m</div>[31m
                [36m<div[31m
                  [33mclass[31m=[32m"space-y-2"[31m
                [36m>[31m
                  [36m<label[31m
                    [33mclass[31m=[32m"text-sm font-medium leading-none peer-disabled:cursor-not-allowed peer-disabled:opacity-70"[31m
                    [33mfor[31m=[32m"password"[31m
                  [36m>[31m
                    [0m鍮꾨?踰덊샇[0m
                  [36m</label>[31m
                  [36m<input[31m
                    [33mclass[31m=[32m"flex h-10 w-full rounded-md border border-input bg-background px-3 py-2 text-base ring-offset-background file:border-0 file:bg-transparent file:text-sm file:font-medium file:text-foreground placeholder:text-muted-foreground focus-visible:outline-none focus-visible:ring-2 focus-visible:ring-ring focus-visible:ring-offset-2 disabled:cursor-not-allowed disabled:opacity-50 md:text-sm"[31m
                    [33mid[31m=[32m"password"[31m
                    [33mplaceholder[31m=[32m"?™™™™™™™?[31m
                    [33mrequired[31m=[32m""[31m
                    [33mtype[31m=[32m"password"[31m
                    [33mvalue[31m=[32m""[31m
                  [36m/>[31m
                [36m</div>[31m
                [36m<button[31m
                  [33mclass[31m=[32m"inline-flex items-center justify-center gap-2 whitespace-nowrap rounded-md text-sm font-medium ring-offset-background transition-colors focus-visible:outline-none focus-visible:ring-2 focus-visible:ring-ring focus-visible:ring-offset-2 disabled:pointer-events-none disabled:opacity-50 [&_svg]:pointer-events-none [&_svg]:size-4 [&_svg]:shrink-0 bg-primary text-primary-foreground hover:bg-primary/90 px-4 py-2 h-12 w-full"[31m
                  [33mtype[31m=[32m"submit"[31m
                [36m>[31m
                  [0m濡쒓렇??[0m
                [36m</button>[31m
              [36m</form>[31m
              [36m<div[31m
                [33mclass[31m=[32m"mt-8 text-center text-sm"[31m
              [36m>[31m
                [0m怨꾩젙???놁쑝?좉???[0m
                [0m [0m
                [36m<a[31m
                  [33mclass[31m=[32m"text-primary font-medium hover:underline"[31m
                  [33mhref[31m=[32m"/signup"[31m
                [36m>[31m
                  [0m?뚯썝媛??[0m
                [36m</a>[31m
              [36m</div>[31m
              [36m<p[31m
                [33mclass[31m=[32m"mt-4 text-center text-[12px] leading-5 text-muted-foreground"[31m
              [36m>[31m
                [0m濡쒓렇????媛쒖씤?뺣낫 泥섎━諛⑹묠怨??댁슜?쎄????숈쓽??寃껋쑝濡?媛꾩＜?⑸땲??[0m
              [36m</p>[31m
            [36m</div>[31m
          [36m</div>[31m
        [36m</div>[31m
      [36m</div>[31m
    [36m</div>[31m
  [36m</body>[31m
[36m</html>[31m[39m
 [32m??[39m src/test/auth.onboarding-routing.test.tsx[2m > [22mauth onboarding routing[2m > [22mstarts oauth with callback redirect and safe next path[32m 44[2mms[22m[39m
 [31m횞[39m src/test/cosmic.calendar.page.test.tsx[2m > [22mCosmicCalendarPage[2m > [22mupdates heading at KST month rollover without auto-fetch[33m 5052[2mms[22m[39m
[31m   ??Test timed out in 5000ms.
If this is a long-running test, pass a timeout value as the last argument or configure it globally with "testTimeout".[39m
 [31m횞[39m src/test/sajuPromptTemplates.test.ts[2m > [22mgetSajuReportStrategy[2m > [22madds demerit guard rules and analysisBlocks requirements for lifetime roadmap[32m 43[2mms[22m[39m
[31m   ??expected 'PROMPT\n\n[Output guard]\n- reportTem?? to contain 'Do not use placeholder tokens like'[39m
 [32m??[39m src/test/sajuPromptTemplates.test.ts[2m > [22mgetSajuReportStrategy[2m > [22mreturns dedicated 2026 strategy schemas and focused constraints[32m 2[2mms[22m[39m
 [32m??[39m src/test/sajuPromptTemplates.test.ts[2m > [22mgetSajuReportStrategy[2m > [22mdefines differentiated fields and hardening rules per lifetime service[32m 3[2mms[22m[39m
 [31m횞[39m src/test/ohengCalculator.test.ts[2m > [22mohengCalculator[2m > [22mbuilds palja from hanja pillars[32m 12[2mms[22m[39m
[31m   ??吏?먰븯吏 ?딅뒗 泥쒓컙?낅땲?? 甲[39m
 [32m??[39m src/test/ohengCalculator.test.ts[2m > [22mohengCalculator[2m > [22msupports hangul ganji mapping[32m 2[2mms[22m[39m
 [31m횞[39m src/test/ohengCalculator.test.ts[2m > [22mohengCalculator[2m > [22mcalculates distribution and includes zero percentage entries[32m 9[2mms[22m[39m
[31m   ??expected undefined to be +0 // Object.is equality[39m
 [31m횞[39m src/test/ohengCalculator.test.ts[2m > [22mohengCalculator[2m > [22mreturns weakest elements as yongsin[32m 5[2mms[22m[39m
[31m   ??expected false to be true // Object.is equality[39m
 [32m??[39m src/test/sajuEngine.test.ts[2m > [22msajuEngine[2m > [22mparses HH:mm string[32m 4[2mms[22m[39m
 [32m??[39m src/test/sajuEngine.test.ts[2m > [22msajuEngine[2m > [22mconverts lunar date to solar date[32m 10[2mms[22m[39m
 [32m??[39m src/test/sajuEngine.test.ts[2m > [22msajuEngine[2m > [22mresolves time from block when exact time is missing[32m 1[2mms[22m[39m
 [31m횞[39m src/test/sajuEngine.test.ts[2m > [22msajuEngine[2m > [22mresolves longitude for standardized region format[32m 18[2mms[22m[39m
[31m   ??expected 127 to be 126.978 // Object.is equality[39m
 [32m??[39m src/test/sajuEngine.test.ts[2m > [22msajuEngine[2m > [22mcalculates saju payload using real library API[32m 6[2mms[22m[39m
 [32m??[39m src/test/sajuEngine.test.ts[2m > [22msajuEngine[2m > [22mkeeps expected pillars for 1995-06-29 04:30 in Seoul[32m 1[2mms[22m[39m
 [31m횞[39m src/test/loveReportV3.contract.test.ts[2m > [22mgetLoveReportStrategy[2m > [22mdefines three differentiated report layouts with distinct section ids[32m 24[2mms[22m[39m
[31m   ??expected [ 'partner-profile', ??5) ] to deeply equal [ 'partner-profile', ??4) ][39m
 [32m??[39m src/test/loveReportV3.contract.test.ts[2m > [22mgetLoveReportStrategy[2m > [22mreturns service-specific prompt/schema guidance rather than a single shared template[32m 2[2mms[22m[39m
 [31m횞[39m src/test/cosmic.calendar.page.test.tsx[2m > [22mCosmicCalendarPage[2m > [22mclears result and inputs after KST month rollover[33m 5029[2mms[22m[39m
[31m   ??Test timed out in 5000ms.
If this is a long-running test, pass a timeout value as the last argument or configure it globally with "testTimeout".[39m
 [32m??[39m src/test/cosmic.calendar.page.test.tsx[2m > [22mCosmicCalendarPage[2m > [22mreuses in-memory result for same month and same input[32m 262[2mms[22m[39m
[90mstdout[2m | src/test/resultStore.test.ts
[22m[39mSupabase URL in use: https://wyotcagrklohprtaarqa.supabase.co

 [32m??[39m src/test/resultStore.test.ts[2m > [22mresultStore[2m > [22mcreates and reuses guest session id[32m 4[2mms[22m[39m
 [32m??[39m src/test/resultStore.test.ts[2m > [22mresultStore[2m > [22mgets latest result by service id[33m 1705[2mms[22m[39m
 [32m??[39m src/test/resultStore.test.ts[2m > [22mresultStore[2m > [22mpersists lifetime fields in local storage and loads them back[32m 3[2mms[22m[39m
 [32m??[39m src/test/resultStore.test.ts[2m > [22mresultStore[2m > [22mbuilds deterministic fingerprint and reuses cached result[32m 5[2mms[22m[39m
 [32m??[39m src/test/astrologyClient.today.test.ts[2m > [22mastrologyClient today action[2m > [22mretries once on timeout and returns second attempt response[32m 38[2mms[22m[39m
 [32m??[39m src/test/astrologyClient.today.test.ts[2m > [22mastrologyClient today action[2m > [22mthrows when all attempts time out[32m 6[2mms[22m[39m
 [32m??[39m src/test/astrologyClient.today.test.ts[2m > [22mastrologyClient today action[2m > [22mthrows when server payload is empty[32m 2[2mms[22m[39m
 [32m??[39m src/test/astrologyClient.today.test.ts[2m > [22mastrologyClient today action[2m > [22mrejects fallback source payload and retries[33m 808[2mms[22m[39m
 [32m??[39m src/test/astrologyClient.today.test.ts[2m > [22mastrologyClient today action[2m > [22mallows sign_context basis even when profile context exists[32m 3[2mms[22m[39m
 [32m??[39m src/test/astrologyClient.today.test.ts[2m > [22mastrologyClient today action[2m > [22msends only requestDate in today payload even when profile context is provided[32m 5[2mms[22m[39m
 [32m??[39m src/test/index.page.test.tsx[2m > [22mIndex page[2m > [22mrenders the portal hero and primary entry points[33m 3809[2mms[22m[39m
[90mstdout[2m | src/test/chat.page.quota-gate.test.tsx
[22m[39mSupabase URL in use: https://wyotcagrklohprtaarqa.supabase.co

 [32m??[39m src/test/chat.page.quota-gate.test.tsx[2m > [22mChatPage quota gate[2m > [22mkeeps chat open when ready and remaining is positive[32m 113[2mms[22m[39m
 [32m??[39m src/test/chat.page.quota-gate.test.tsx[2m > [22mChatPage quota gate[2m > [22mauto-opens checkout when remaining is zero and hides intro while checkout is open[32m 46[2mms[22m[39m
 [32m??[39m src/test/chat.page.quota-gate.test.tsx[2m > [22mChatPage quota gate[2m > [22mapplies webhook chatCredit immediately and runs background quota refresh after checkout success[32m 219[2mms[22m[39m
 [32m??[39m src/test/chat.page.quota-gate.test.tsx[2m > [22mChatPage quota gate[2m > [22mkeeps logout available while checkout is open[32m 219[2mms[22m[39m
 [32m??[39m src/test/chat.page.quota-gate.test.tsx[2m > [22mChatPage quota gate[2m > [22mdoes not show payment gate when synced owner is stale[32m 6[2mms[22m[39m
 [32m??[39m src/test/chat.page.quota-gate.test.tsx[2m > [22mChatPage quota gate[2m > [22mshows retry gate instead of payment when quota lookup is in error[32m 17[2mms[22m[39m
 [32m??[39m src/test/saju.collection-tabs.supplement.test.tsx[2m > [22mSajuCollectionTabs supplement rendering[2m > [22mappends supplement section when payload has supplement[33m 329[2mms[22m[39m
 [32m??[39m src/test/saju.collection-tabs.supplement.test.tsx[2m > [22mSajuCollectionTabs supplement rendering[2m > [22mkeeps existing view when supplement is absent[32m 188[2mms[22m[39m
 [32m??[39m src/test/saju.collection-tabs.supplement.test.tsx[2m > [22mSajuCollectionTabs supplement rendering[2m > [22mhandles legacy supplement shape without deepDivePoints[32m 53[2mms[22m[39m
[90mstdout[2m | src/test/result.page.lifetime.test.tsx
[22m[39mSupabase URL in use: https://wyotcagrklohprtaarqa.supabase.co

 [32m??[39m src/test/saju.collection-tabs.analysis-blocks.test.tsx[2m > [22mSajuCollectionTabs analysis block rendering[2m > [22mrenders rich analysis block sections with opportunities/risks/action strategy[32m 251[2mms[22m[39m
 [32m??[39m src/test/saju.collection-tabs.supplement.test.tsx[2m > [22mSajuCollectionTabs supplement rendering[2m > [22mdeduplicates repeated today/thisWeek action lines in supplement render[32m 64[2mms[22m[39m
 [32m??[39m src/test/saju.collection-tabs.supplement.test.tsx[2m > [22mSajuCollectionTabs supplement rendering[2m > [22mrenders yearly calendar in fixed 9 sections and hides short-term supplement cards[32m 157[2mms[22m[39m
 [32m??[39m src/test/saju.collection-tabs.analysis-blocks.test.tsx[2m > [22mSajuCollectionTabs analysis block rendering[2m > [22mdoes not duplicate coreFlow inside opportunities list[32m 83[2mms[22m[39m
 [32m??[39m src/test/saju.collection-tabs.wealth-priority.test.tsx[2m > [22mSajuCollectionTabs wealth lifecycle priority[2m > [22mrenders wealth lifecycle + trend sections before current action card[33m 394[2mms[22m[39m
 [32m??[39m src/test/saju.collection-tabs.analysis-blocks.test.tsx[2m > [22mSajuCollectionTabs analysis block rendering[2m > [22mrenders career sections in long-flow order[32m 117[2mms[22m[39m
 [32m??[39m src/test/saju.collection-tabs.analysis-blocks.test.tsx[2m > [22mSajuCollectionTabs analysis block rendering[2m > [22mrenders helper-network long-horizon sections[32m 80[2mms[22m[39m
 [32m??[39m src/test/saju.collection-tabs.energy-priority.test.tsx[2m > [22mSajuCollectionTabs energy guide priority[2m > [22mrenders long-range guide before short-term section and 2026 points at the bottom[32m 274[2mms[22m[39m
 [32m??[39m src/test/result.page.lifetime.test.tsx[2m > [22mResultPage lifetime rendering[2m > [22mrenders stored daeun/golden periods without synthetic year calculation[33m 809[2mms[22m[39m
 [32m??[39m src/test/result.page.lifetime.test.tsx[2m > [22mResultPage lifetime rendering[2m > [22mshows unlock CTA and hides share button when report is locked[32m 277[2mms[22m[39m
 [32m??[39m src/test/love.masking.test.tsx[2m > [22mLove report masking[2m > [22mkeeps verdict visible while masking detailed body[32m 99[2mms[22m[39m
 [32m??[39m src/test/love.masking.test.tsx[2m > [22mLove report masking[2m > [22mshows full section content when masking is disabled[32m 16[2mms[22m[39m
 [32m??[39m src/test/love.masking.test.tsx[2m > [22mLove report masking[2m > [22mapplies strong mask to locked chapter summaries[32m 10[2mms[22m[39m
 [32m??[39m src/test/love.masking.test.tsx[2m > [22mLove report masking[2m > [22mrenders masked free branch in future partner view[32m 130[2mms[22m[39m
 [32m??[39m src/test/love.masking.test.tsx[2m > [22mLove report masking[2m > [22mrenders masked free branch in couple view[32m 71[2mms[22m[39m
 [32m??[39m src/test/love.masking.test.tsx[2m > [22mLove report masking[2m > [22mrenders masked free branch in reunion view[32m 44[2mms[22m[39m
 [32m??[39m src/test/love.masking.test.tsx[2m > [22mLove report masking[2m > [22mremoves masks in unlocked branch[32m 139[2mms[22m[39m
 [32m??[39m src/test/category.love-card-visibility.test.tsx[2m > [22mCategoryPage love card visibility[2m > [22mrecovers invalid tab query and exposes the 3 core love service cards[33m 652[2mms[22m[39m
 [32m??[39m src/test/astrology.page.test.tsx[2m > [22mAstrologyReportView v4[2m > [22mrenders sections in v4 fixed order[33m 301[2mms[22m[39m
 [32m??[39m src/test/astrology.page.test.tsx[2m > [22mAstrologyReportView v4[2m > [22mshows exactly 3 hero insights and 4 question cards[33m 518[2mms[22m[39m
 [32m??[39m src/test/astrology.page.test.tsx[2m > [22mAstrologyReportView v4[2m > [22mshows 4 life pattern cards[32m 107[2mms[22m[39m
[90mstdout[2m | src/test/chatSessionToolbar.profile-filter.test.tsx
[22m[39mSupabase URL in use: https://wyotcagrklohprtaarqa.supabase.co

 [32m??[39m src/test/chatSessionToolbar.profile-filter.test.tsx[2m > [22mChatSessionToolbar profile filtering[2m > [22mshows only sessions for the active owner+profile[33m 373[2mms[22m[39m
 [32m??[39m src/test/chatSessionToolbar.profile-filter.test.tsx[2m > [22mChatSessionToolbar profile filtering[2m > [22mhides session options when no active profile is set[32m 79[2mms[22m[39m
 [32m??[39m src/test/chatSessionToolbar.profile-filter.test.tsx[2m > [22mChatSessionToolbar profile filtering[2m > [22mshows free reset timer when next free reset timestamp exists[32m 39[2mms[22m[39m
 [32m??[39m src/test/chatSessionToolbar.profile-filter.test.tsx[2m > [22mChatSessionToolbar profile filtering[2m > [22mrefreshes quota once when timer reaches zero[32m 31[2mms[22m[39m
 [32m??[39m src/test/chatSessionToolbar.profile-filter.test.tsx[2m > [22mChatSessionToolbar profile filtering[2m > [22mshows logout button in chat toolbar when enabled and triggers callback[32m 66[2mms[22m[39m
 [32m??[39m src/test/saju.syntax-smoke.test.ts[2m > [22msaju source syntax[2m > [22mparses without TypeScript syntax errors: src/types/result.ts[32m 151[2mms[22m[39m
 [32m??[39m src/test/saju.syntax-smoke.test.ts[2m > [22msaju source syntax[2m > [22mparses without TypeScript syntax errors: src/lib/reportRenderers.ts[32m 145[2mms[22m[39m
 [32m??[39m src/test/saju.syntax-smoke.test.ts[2m > [22msaju source syntax[2m > [22mparses without TypeScript syntax errors: src/components/saju/SajuActionCards.tsx[32m 65[2mms[22m[39m
 [32m??[39m src/test/saju.syntax-smoke.test.ts[2m > [22msaju source syntax[2m > [22mparses without TypeScript syntax errors: src/components/saju/SajuCollectionTabs.tsx[33m 496[2mms[22m[39m
 [32m??[39m src/test/saju.syntax-smoke.test.ts[2m > [22msaju source syntax[2m > [22mparses without TypeScript syntax errors: src/components/saju/SajuHelperMap.tsx[32m 10[2mms[22m[39m
 [32m??[39m src/test/saju.syntax-smoke.test.ts[2m > [22msaju source syntax[2m > [22mparses without TypeScript syntax errors: src/components/saju/SajuTrendChart.tsx[32m 151[2mms[22m[39m
 [32m??[39m src/test/saju.syntax-smoke.test.ts[2m > [22msaju source syntax[2m > [22mparses without TypeScript syntax errors: src/pages/ResultPage.tsx[32m 8[2mms[22m[39m
[90mstdout[2m | src/test/suggestionChips.quota.test.tsx
[22m[39mSupabase URL in use: https://wyotcagrklohprtaarqa.supabase.co

 [32m??[39m src/test/suggestionChips.quota.test.tsx[2m > [22mSuggestionChips[2m > [22mroutes suggestion click to chat store[32m 201[2mms[22m[39m
 [32m??[39m src/test/suggestionChips.quota.test.tsx[2m > [22mSuggestionChips[2m > [22mdoes not send suggestion while loading[32m 31[2mms[22m[39m
 [32m??[39m src/test/auth.callback.page.test.tsx[2m > [22mAuthCallbackPage[2m > [22mmoves guest user back to login with safe next[32m 190[2mms[22m[39m
 [32m??[39m src/test/auth.callback.page.test.tsx[2m > [22mAuthCallbackPage[2m > [22mmoves authenticated user with profile to next path[32m 139[2mms[22m[39m
 [32m??[39m src/test/auth.callback.page.test.tsx[2m > [22mAuthCallbackPage[2m > [22mmoves authenticated user without profile to setup-profile with next[32m 91[2mms[22m[39m
 [32m??[39m src/test/auth.callback.page.test.tsx[2m > [22mAuthCallbackPage[2m > [22mfalls back to /chat for unsafe next path[32m 64[2mms[22m[39m
 [32m??[39m src/test/auth.callback.page.test.tsx[2m > [22mAuthCallbackPage[2m > [22mnormalizes legacy /setup-profile next path to /chat[32m 58[2mms[22m[39m
[90mstdout[2m | src/test/require-auth.test.tsx
[22m[39mSupabase URL in use: https://wyotcagrklohprtaarqa.supabase.co

 [32m??[39m src/test/require-auth.test.tsx[2m > [22mRequireAuth[2m > [22mredirects guest users to login[32m 81[2mms[22m[39m
 [32m??[39m src/test/require-auth.test.tsx[2m > [22mRequireAuth[2m > [22mshows protected page and opens login modal for guest users in modal mode[32m 24[2mms[22m[39m
 [32m??[39m src/test/require-auth.test.tsx[2m > [22mRequireAuth[2m > [22mshows auth loading indicator before initialization[32m 17[2mms[22m[39m
 [32m??[39m src/test/require-auth.test.tsx[2m > [22mRequireAuth[2m > [22mrenders protected content for authenticated users[32m 16[2mms[22m[39m
 [32m??[39m src/test/require-auth.test.tsx[2m > [22mRequireAuth[2m > [22mredirects authenticated users without profile when requireProfile is enabled[32m 16[2mms[22m[39m
 [32m??[39m src/test/sajuTrendEngine.test.ts[2m > [22msajuTrendEngine[2m > [22mreturns deterministic wealth trend for same input[32m 75[2mms[22m[39m
 [32m??[39m src/test/sajuTrendEngine.test.ts[2m > [22msajuTrendEngine[2m > [22mbuilds wealth evidence with range, delta, direction, and manseryeok raw basis[32m 4[2mms[22m[39m
 [32m??[39m src/test/sajuTrendEngine.test.ts[2m > [22msajuTrendEngine[2m > [22mbuilds energy evidence with range, delta, direction, and manseryeok raw basis[32m 7[2mms[22m[39m
 [32m??[39m src/test/sajuTrendEngine.test.ts[2m > [22msajuTrendEngine[2m > [22mclamps wealth seun years to supported range[32m 1[2mms[22m[39m
 [32m??[39m src/test/fortune.special-grid.test.tsx[2m > [22mFortuneSpecialGrid[2m > [22mroutes each 2026 new-year tile to a distinct service entry screen[32m 238[2mms[22m[39m
 [32m??[39m src/test/palmistry.page.funnel.test.tsx[2m > [22mPalmistryPage main funnel[2m > [22mmoves through upload -> thickness -> nail -> analyzing -> result and sends auxiliary payload[32m 176[2mms[22m[39m
 [32m??[39m src/test/palmistry.page.funnel.test.tsx[2m > [22mPalmistryPage main funnel[2m > [22mshows overlay fallback message when overlay data is missing[32m 51[2mms[22m[39m
 [32m??[39m src/test/category.new-year-routing.test.tsx[2m > [22mCategoryPage new-year 7-tile routing[2m > [22mrenders seven distinct /service entry links instead of routing back to lifetime tab[33m 468[2mms[22m[39m
 [32m??[39m src/test/fortune.personal.page.test.tsx[2m > [22mFortunePersonalPage[2m > [22mshows empty state when base saju data does not exist and skips daily fortune call[32m 260[2mms[22m[39m
 [32m??[39m src/test/serviceLanding.palm.redirect.test.tsx[2m > [22mServiceLandingPage palm redirect[2m > [22mredirects palm-destiny-change to canonical timing section[33m 310[2mms[22m[39m
 [32m??[39m src/test/serviceLanding.palm.redirect.test.tsx[2m > [22mServiceLandingPage palm redirect[2m > [22mkeeps legacy palm-history alias compatible with timing redirect[32m 106[2mms[22m[39m
 [32m??[39m src/test/sajuTrendChart.test.tsx[2m > [22mSajuTrendChart[2m > [22mrenders beginner-first fields and expandable evidence area[32m 191[2mms[22m[39m
 [32m??[39m src/test/sajuTrendChart.test.tsx[2m > [22mSajuTrendChart[2m > [22mmaps index band boundaries deterministically[32m 1[2mms[22m[39m
 [32m??[39m src/test/sajuTrendChart.test.tsx[2m > [22mSajuTrendChart[2m > [22mcreates non-repetitive explanations from delta, direction, and rawBasis[32m 18[2mms[22m[39m
[90mstdout[2m | src/test/login-modal.scope.test.tsx
[22m[39mSupabase URL in use: https://wyotcagrklohprtaarqa.supabase.co

 [32m??[39m src/test/login-modal.scope.test.tsx[2m > [22mLoginModal route scope[2m > [22mcloses immediately when leaving /chat[33m 328[2mms[22m[39m
 [32m??[39m src/test/login-modal.scope.test.tsx[2m > [22mLoginModal route scope[2m > [22mdoes not render on non-chat routes even when stale open state exists[32m 27[2mms[22m[39m
 [32m??[39m src/test/usePaymentStore.test.ts[2m > [22musePaymentStore[2m > [22mloads server-authoritative quota for verified owner[32m 9[2mms[22m[39m
 [32m??[39m src/test/usePaymentStore.test.ts[2m > [22musePaymentStore[2m > [22mdoes not call server quota API for guest owner[32m 1[2mms[22m[39m
 [32m??[39m src/test/usePaymentStore.test.ts[2m > [22musePaymentStore[2m > [22mfalls back to chat-credit-status edge function when rpc fails[32m 47[2mms[22m[39m
 [32m??[39m src/test/usePaymentStore.test.ts[2m > [22musePaymentStore[2m > [22msets error state when rpc and edge fallback both fail[32m 5[2mms[22m[39m
 [32m??[39m src/test/usePaymentStore.test.ts[2m > [22musePaymentStore[2m > [22mapplies bootstrap free quota when both lookups fail for unsynced owner[32m 4[2mms[22m[39m
 [32m??[39m src/test/usePaymentStore.test.ts[2m > [22musePaymentStore[2m > [22mresets quota state to loading on owner switch to avoid stale guest gate[32m 1[2mms[22m[39m
 [32m??[39m src/test/usePaymentStore.test.ts[2m > [22musePaymentStore[2m > [22mupdates quota from chat response payload[32m 1[2mms[22m[39m
 [32m??[39m src/test/usePaymentStore.test.ts[2m > [22musePaymentStore[2m > [22mdecrements remaining when quota payload is missing[32m 1[2mms[22m[39m
 [32m??[39m src/test/usePaymentStore.test.ts[2m > [22musePaymentStore[2m > [22mkeeps paid open gate enabled by default[32m 1[2mms[22m[39m
[90mstdout[2m | src/test/useFortunePersonalFlow.category-filter.test.tsx
[22m[39mSupabase URL in use: https://wyotcagrklohprtaarqa.supabase.co

 [32m??[39m src/test/astrology.purchased-report.page.test.tsx[2m > [22mAstrologyPurchasedReportPage[2m > [22mgenerates local report using inputSnapshot[32m 114[2mms[22m[39m
 [32m??[39m src/test/astrology.purchased-report.page.test.tsx[2m > [22mAstrologyPurchasedReportPage[2m > [22mdoes not force birthTimeKnown=true when snapshot has no time[32m 48[2mms[22m[39m
 [32m??[39m src/test/astrologyReport.normalize.test.ts[2m > [22mastrology v4 normalizer[2m > [22mnormalizes legacy payload into v4 sections[32m 72[2mms[22m[39m
 [32m??[39m src/test/astrologyReport.normalize.test.ts[2m > [22mastrology v4 normalizer[2m > [22menforces fixed question set and life pattern shape[32m 1[2mms[22m[39m
 [32m??[39m src/test/astrologyReport.normalize.test.ts[2m > [22mastrology v4 normalizer[2m > [22minjects disclaimer and uncertainty when birthTimeKnown=false[32m 20[2mms[22m[39m
 [32m??[39m src/test/astrologyReport.normalize.test.ts[2m > [22mastrology v4 normalizer[2m > [22msuppresses repeated copy across sections[32m 38[2mms[22m[39m
 [32m??[39m src/test/useFortunePersonalFlow.category-filter.test.tsx[2m > [22museFortunePersonalFlow category filter[2m > [22mdefaults to total category when categoryId is not provided[32m 46[2mms[22m[39m
 [32m??[39m src/test/useFortunePersonalFlow.category-filter.test.tsx[2m > [22museFortunePersonalFlow category filter[2m > [22mshows only the selected category when a valid categoryId is provided[32m 13[2mms[22m[39m
 [32m??[39m src/test/useFortunePersonalFlow.category-filter.test.tsx[2m > [22museFortunePersonalFlow category filter[2m > [22mrequests only selected category from store fetch[32m 31[2mms[22m[39m
 [32m??[39m src/test/useFortunePersonalFlow.category-filter.test.tsx[2m > [22museFortunePersonalFlow category filter[2m > [22msyncs selectedCategory when categoryId query value changes[32m 70[2mms[22m[39m
 [32m??[39m src/test/useFortunePersonalFlow.category-filter.test.tsx[2m > [22museFortunePersonalFlow category filter[2m > [22mfalls back to default category when categoryId is invalid[32m 50[2mms[22m[39m
 [32m??[39m src/test/love.match-score-panel.test.tsx[2m > [22mMatchScorePanel[2m > [22mrenders counseling-focused score labels[32m 155[2mms[22m[39m
 [32m??[39m src/test/chat.message-list.test.tsx[2m > [22mChatMessageList[2m > [22mdoes not render manual chat profile form when saju context is missing[32m 58[2mms[22m[39m
 [32m??[39m src/test/chat.message-list.test.tsx[2m > [22mChatMessageList[2m > [22mrenders chat intro when saju context exists and there are no messages[32m 18[2mms[22m[39m
 [32m??[39m src/test/love.locked-chapter.test.tsx[2m > [22mLockedChapterCard[2m > [22mrenders chapter title and benefit in default mode[32m 78[2mms[22m[39m
[90mstdout[2m | src/test/useResultPageFlow.single-service.test.tsx
[22m[39mSupabase URL in use: https://wyotcagrklohprtaarqa.supabase.co

 [32m??[39m src/test/useResultPageFlow.single-service.test.tsx[2m > [22museResultPageFlow single-service selection[2m > [22muses unlockedItems first when multiple payloads exist[32m 25[2mms[22m[39m
 [32m??[39m src/test/useResultPageFlow.single-service.test.tsx[2m > [22museResultPageFlow single-service selection[2m > [22mforces one legacy lifetime service by default mode order[32m 4[2mms[22m[39m
 [32m??[39m src/test/useResultPageFlow.single-service.test.tsx[2m > [22museResultPageFlow single-service selection[2m > [22mforces one legacy new-year service by default mode order[32m 3[2mms[22m[39m
[90mstdout[2m | src/test/useChatStore.test.ts
[22m[39mSupabase URL in use: https://wyotcagrklohprtaarqa.supabase.co

 [32m??[39m src/test/useChatStore.test.ts[2m > [22museChatStore[2m > [22minitializes with empty state[32m 10[2mms[22m[39m
 [32m??[39m src/test/useChatStore.test.ts[2m > [22museChatStore[2m > [22mcreates a profile-bound session when saju context is set[32m 5[2mms[22m[39m
 [32m??[39m src/test/useChatStore.test.ts[2m > [22museChatStore[2m > [22mfails to send message when sajuContext is missing[32m 2[2mms[22m[39m
 [32m??[39m src/test/useChatStore.test.ts[2m > [22museChatStore[2m > [22mstores user and assistant messages in current session on success[32m 9[2mms[22m[39m
 [32m??[39m src/test/useChatStore.test.ts[2m > [22museChatStore[2m > [22msends suggestion clicks with suggestion usage source[32m 2[2mms[22m[39m
 [32m??[39m src/test/useChatStore.test.ts[2m > [22museChatStore[2m > [22mfalls back to local quota decrement when response quota is missing[32m 1[2mms[22m[39m
 [32m??[39m src/test/useChatStore.test.ts[2m > [22museChatStore[2m > [22mkeeps user message and clears loading when send fails[32m 1[2mms[22m[39m
 [32m??[39m src/test/useChatStore.test.ts[2m > [22museChatStore[2m > [22msupports new session, switch, and delete flow[32m 3[2mms[22m[39m
 [32m??[39m src/test/useChatStore.test.ts[2m > [22museChatStore[2m > [22mpersists session metadata to localStorage[32m 2[2mms[22m[39m
[90mstdout[2m | src/test/profile-setup.back-button.test.tsx
[22m[39mSupabase URL in use: https://wyotcagrklohprtaarqa.supabase.co

 [32m??[39m src/test/profile-setup.back-button.test.tsx[2m > [22mProfileSetup back button[2m > [22mmoves directly to home[32m 172[2mms[22m[39m
 [32m??[39m src/test/useResultPageFlow.checkout-success.test.tsx[2m > [22museResultPageFlow checkout success[2m > [22munlocks local result and reloads current result after payment success[32m 43[2mms[22m[39m
 [32m??[39m src/test/useAuthStore.signout.test.ts[2m > [22museAuthStore[2m > [22mclears auth state and closes login modal on successful sign out[32m 5[2mms[22m[39m
 [32m??[39m src/test/useAuthStore.signout.test.ts[2m > [22museAuthStore[2m > [22mstill clears local auth state when provider sign out throws[32m 14[2mms[22m[39m
 [32m??[39m src/test/useAuthStore.signout.test.ts[2m > [22museAuthStore[2m > [22mrefreshes profile from auth session when user state is not synced yet[32m 3[2mms[22m[39m
[90mstdout[2m | src/test/cosmic.calendar.kst-time.test.ts
[22m[39mSupabase URL in use: https://wyotcagrklohprtaarqa.supabase.co

[90mstdout[2m | src/test/useChatStore.profile-key-v2.test.ts
[22m[39mSupabase URL in use: https://wyotcagrklohprtaarqa.supabase.co

 [32m??[39m src/test/useChatStore.profile-key-v2.test.ts[2m > [22museChatStore profileKey v3[2m > [22mseparates sessions by owner key even with same profile[32m 9[2mms[22m[39m
 [32m??[39m src/test/useChatStore.profile-key-v2.test.ts[2m > [22museChatStore profileKey v3[2m > [22mdoes not separate sessions by calendarType[32m 1[2mms[22m[39m
 [32m??[39m src/test/useChatStore.profile-key-v2.test.ts[2m > [22museChatStore profileKey v3[2m > [22mdoes not separate sessions when time info changes[32m 1[2mms[22m[39m
 [32m??[39m src/test/useChatStore.profile-key-v2.test.ts[2m > [22museChatStore profileKey v3[2m > [22mblocks switching to a session from another active profile[32m 1[2mms[22m[39m
 [32m??[39m src/test/useChatStore.profile-key-v2.test.ts[2m > [22museChatStore profileKey v3[2m > [22mblocks deleting a session from another active profile[32m 2[2mms[22m[39m
 [32m??[39m src/test/cosmic.calendar.kst-time.test.ts[2m > [22mcosmic calendar KST month helpers[2m > [22mreturns March for 2026-03-31T14:59:59Z[32m 41[2mms[22m[39m
 [32m??[39m src/test/cosmic.calendar.kst-time.test.ts[2m > [22mcosmic calendar KST month helpers[2m > [22mreturns April for 2026-03-31T15:00:00Z[32m 1[2mms[22m[39m
 [32m??[39m src/test/cosmic.calendar.kst-time.test.ts[2m > [22mcosmic calendar KST month helpers[2m > [22mcalculates delay to next KST month boundary[32m 2[2mms[22m[39m
 [32m??[39m src/test/useLoveReportActions.test.tsx[2m > [22museLoveReportActions[2m > [22mpreserves locked state returned by createLoveReport[32m 37[2mms[22m[39m
 [32m??[39m src/test/loveFeatureEngine.test.ts[2m > [22mloveFeatureEngine[2m > [22mextracts love feature set with spouse star and timing confidence[32m 15[2mms[22m[39m
 [32m??[39m src/test/loveFeatureEngine.test.ts[2m > [22mloveFeatureEngine[2m > [22mbuilds bounded 6-axis score set[32m 2[2mms[22m[39m
 [32m??[39m src/test/loveFeatureEngine.test.ts[2m > [22mloveFeatureEngine[2m > [22mapplies context bonus correctly for couple-report[32m 1[2mms[22m[39m
 [32m??[39m src/test/geminiClient.chat.test.ts[2m > [22msendChatMessage[2m > [22minjects requestMeta.traceId and logs start/completed[32m 14[2mms[22m[39m
 [32m??[39m src/test/geminiClient.chat.test.ts[2m > [22msendChatMessage[2m > [22mmaps no-credit structured error code[32m 5[2mms[22m[39m
 [32m??[39m src/test/geminiClient.chat.test.ts[2m > [22msendChatMessage[2m > [22mfails when reply is empty[32m 4[2mms[22m[39m
 [32m??[39m src/test/geminiClient.chat.test.ts[2m > [22msendChatMessage[2m > [22mpreserves provided traceId[32m 2[2mms[22m[39m
 [32m??[39m src/test/loveReportStore.test.ts[2m > [22mloveReportStore[2m > [22mcreates report and persists local cache/index[32m 10[2mms[22m[39m
 [32m??[39m src/test/loveReportStore.test.ts[2m > [22mloveReportStore[2m > [22mfails fast when create request does not resolve[32m 8[2mms[22m[39m
 [32m??[39m src/test/serviceCatalog.test.ts[2m > [22mserviceCatalog[2m > [22mreturns 7 lifetime services in fixed priority order[32m 7[2mms[22m[39m
 [32m??[39m src/test/serviceCatalog.test.ts[2m > [22mserviceCatalog[2m > [22mkeeps landing data aligned with lifetime service card IDs[32m 3[2mms[22m[39m
 [32m??[39m src/test/serviceCatalog.test.ts[2m > [22mserviceCatalog[2m > [22massigns dedicated analysisServiceId per lifetime service[32m 1[2mms[22m[39m
 [32m??[39m src/test/serviceCatalog.test.ts[2m > [22mserviceCatalog[2m > [22mresolves legacy service aliases to canonical IDs[32m 1[2mms[22m[39m
 [32m??[39m src/test/serviceCatalog.test.ts[2m > [22mserviceCatalog[2m > [22mreturns top 3 fallback services from the same category[32m 1[2mms[22m[39m
 [32m??[39m src/test/serviceCatalog.test.ts[2m > [22mserviceCatalog[2m > [22mkeeps only 3 visible astrology services and preserves stable routes[32m 1[2mms[22m[39m
 [32m??[39m src/test/serviceCatalog.test.ts[2m > [22mserviceCatalog[2m > [22mroutes 3 core love services through /service intro and keeps love detail handoff[32m 1[2mms[22m[39m
 [32m??[39m src/test/serviceCatalog.test.ts[2m > [22mserviceCatalog[2m > [22mkeeps palm service IDs while routing to canonical main sections[32m 0[2mms[22m[39m
 [32m??[39m src/test/serviceCatalog.test.ts[2m > [22mserviceCatalog[2m > [22mkeeps 2026 tile analysis services disjoint from lifetime services[32m 3[2mms[22m[39m
 [32m??[39m src/test/serviceCatalog.test.ts[2m > [22mserviceCatalog[2m > [22mkeeps yearly-outlook landing resolvable for legacy links[32m 1[2mms[22m[39m
 [32m??[39m src/test/serviceCatalog.test.ts[2m > [22mserviceCatalog filtering[2m > [22mfilters out items with hideFromGrid: true from category cards[32m 1[2mms[22m[39m
 [32m??[39m src/test/serviceCatalog.test.ts[2m > [22mserviceCatalog filtering[2m > [22mstill allows resolving hidden services by ID for landing data[32m 0[2mms[22m[39m
 [32m??[39m src/test/astrologyClient.birth-report-timeout.test.ts[2m > [22mastrologyClient birth_report action[2m > [22mfails fast when birth_report request does not resolve[32m 12[2mms[22m[39m
 [32m??[39m src/test/chatProfileKey.test.ts[2m > [22mchatProfileKey (v3)[2m > [22mdoes not split the same profile by currentYear[32m 4[2mms[22m[39m
 [32m??[39m src/test/chatProfileKey.test.ts[2m > [22mchatProfileKey (v3)[2m > [22mdoes not split the same profile by calendar type[32m 1[2mms[22m[39m
 [32m??[39m src/test/chatProfileKey.test.ts[2m > [22mchatProfileKey (v3)[2m > [22mdoes not split the same profile by time precision or time block[32m 0[2mms[22m[39m
 [32m??[39m src/test/chatProfileKey.test.ts[2m > [22mchatProfileKey (v3)[2m > [22msplits when name differs[32m 2[2mms[22m[39m
 [32m??[39m src/test/secureResultsOwner.test.ts[2m > [22msecureResultsOwner[2m > [22mextracts bearer tokens without preserving the prefix[32m 3[2mms[22m[39m
 [32m??[39m src/test/secureResultsOwner.test.ts[2m > [22msecureResultsOwner[2m > [22mextracts sub claim only when the jwt payload contains it[32m 2[2mms[22m[39m
 [32m??[39m src/test/secureResultsOwner.test.ts[2m > [22msecureResultsOwner[2m > [22mkeeps guest ownership when there is no resolved user[32m 2[2mms[22m[39m
 [32m??[39m src/test/secureResultsOwner.test.ts[2m > [22msecureResultsOwner[2m > [22muses user ownership over guest ownership when a user exists[32m 1[2mms[22m[39m
 [32m??[39m src/test/secureResultsOwner.test.ts[2m > [22msecureResultsOwner[2m > [22mdoes not forward authorization headers to the admin client[32m 1[2mms[22m[39m
[90mstdout[2m | src/test/resultStore.unlock-local.test.ts
[22m[39mSupabase URL in use: https://wyotcagrklohprtaarqa.supabase.co

 [32m??[39m src/test/resultStore.unlock-local.test.ts[2m > [22munlockSajuResultLocally[2m > [22mupdates local lock state and persists unlocked service id[32m 7[2mms[22m[39m
 [32m??[39m src/test/resultStore.unlock-local.test.ts[2m > [22munlockSajuResultLocally[2m > [22mdoes not duplicate unlocked service id when called twice[32m 3[2mms[22m[39m
 [32m??[39m src/test/palmistryReport.test.ts[2m > [22mpalmistryReport[2m > [22mnormalizes legacy modes to canonical main+section[32m 4[2mms[22m[39m
 [32m??[39m src/test/palmistryReport.test.ts[2m > [22mpalmistryReport[2m > [22mbuilds fixed 4 sections from one analysis result[32m 2[2mms[22m[39m
 [32m??[39m src/test/palmistryReport.test.ts[2m > [22mpalmistryReport[2m > [22mlimits free QA context to summary scope[32m 1[2mms[22m[39m
 [32m??[39m src/test/reportRenderers.daeun-order.test.ts[2m > [22mREPORT_RENDERER_REGISTRY order[2m > [22mrenders daeun sections in long-horizon order[32m 6[2mms[22m[39m
 [32m??[39m src/test/reportRenderers.daeun-order.test.ts[2m > [22mREPORT_RENDERER_REGISTRY order[2m > [22mrenders career sections in long-arc first order[32m 1[2mms[22m[39m
 [32m??[39m src/test/reportRenderers.daeun-order.test.ts[2m > [22mREPORT_RENDERER_REGISTRY order[2m > [22mrenders wealth sections in lifecycle-first order[32m 1[2mms[22m[39m
 [32m??[39m src/test/reportRenderers.daeun-order.test.ts[2m > [22mREPORT_RENDERER_REGISTRY order[2m > [22mrenders yearly calendar sections in fixed 9-section order[32m 1[2mms[22m[39m
 [32m??[39m src/test/loveReportAdapters.test.ts[2m > [22mloveReportAdapters[2m > [22mnormalizes legacy score fields into counseling axes[32m 5[2mms[22m[39m
 [32m??[39m src/test/loveReportAdapters.test.ts[2m > [22mloveReportAdapters[2m > [22mtreats missing version metadata as a legacy v1 report[32m 1[2mms[22m[39m
 [32m??[39m src/lib/__tests__/region.test.ts[2m > [22mRegion Logic[2m > [22mshould resolve correct longitudes for separated regions[32m 3[2mms[22m[39m
 [32m??[39m src/lib/__tests__/region.test.ts[2m > [22mRegion Logic[2m > [22mshould normalize separated region names to correct Sido[32m 1[2mms[22m[39m
 [32m??[39m src/lib/__tests__/region.test.ts[2m > [22mRegion Logic[2m > [22mshould still handle legacy grouped names for backward compatibility[32m 1[2mms[22m[39m
 [32m??[39m src/test/example.test.ts[2m > [22mexample[2m > [22mshould pass[32m 3[2mms[22m[39m

[2m Test Files [22m [1m[31m18 failed[39m[22m[2m | [22m[1m[32m53 passed[39m[22m[90m (71)[39m
[2m      Tests [22m [1m[31m25 failed[39m[22m[2m | [22m[1m[32m207 passed[39m[22m[90m (232)[39m
[2m   Start at [22m 14:25:38
[2m   Duration [22m 72.22s[2m (transform 10.70s, setup 62.58s, collect 126.52s, tests 45.72s, environment 387.50s, prepare 60.35s)[22m

