
[1m[46m RUN [49m[22m [36mv3.2.4 [39m[90mC:/Users/dbcdk/Desktop/?ъ＜?ъ씠?몄갹??[39m

npx : Cannot parse C:/Users/dbcdk/Desktop/?ъ
＜?ъ씠?몄갹??src/test/daily.astrology.auto-sign.
test.tsx:
위치 줄:1 문자:1
+ npx vitest run --reporter=verbose 2>&1 > C
:\Users\dbcdk\Desktop\사주사이트 ...
+ ~~~~~~~~~~~~~~~~~~~~~~~~~~~~~~~~~~~~~~~~~~
~~~~~~~~~~~~~~~~~~~~~~~~~~~
    + CategoryInfo          : NotSpecified: 
    (Cannot parse C:...-sign.test.tsx::Str  
  ing) [], RemoteException
    + FullyQualifiedErrorId : NativeCommand 
   Error
 
Invalid regular expression: /?占쎈줈???占쎌씪 湲곕컲 
?占쎈룞 ?占쏀깮/i: Nothing to repeat.
(node:25316) PromiseRejectionHandledWarning:
 Promise rejection was handled asynchronousl
y (rejection id: 3)
(Use `node --trace-warnings ...` to show whe
re the warning was created)
(node:17336) PromiseRejectionHandledWarning:
 Promise rejection was handled asynchronousl
y (rejection id: 3)
(Use `node --trace-warnings ...` to show whe
re the warning was created)
 [31m횞[39m src/test/astrologyClient.birth-report-timeout.test.ts[2m > [22mastrologyClient birth_report action[2m > [22mfails fast when birth_report request does not resolve[32m 35[2mms[22m[39m
[31m   ??expected [Function] to throw error including '由ы룷???\ufffd???吏?\ufffd??ufffd??\ufffd?? but got '由ы룷???앹꽦??吏?곕릺怨??덉뒿?덈떎. ?좎떆 ???ㅼ떆 ?쒕룄??二쇱꽭??'[39m
 [32m??[39m src/test/astrologyClient.today.test.ts[2m > [22mastrologyClient today action[2m > [22mretries once on timeout and returns second attempt response[32m 13[2mms[22m[39m
 [31m횞[39m src/test/astrologyClient.today.test.ts[2m > [22mastrologyClient today action[2m > [22mthrows when all attempts time out[32m 28[2mms[22m[39m
[31m   ??expected [Function] to throw error including '?\ufffd??ufffd??\ufffd?? but got '?ㅼ떆媛??댁꽭瑜??꾩쭅 ?앹꽦?섏? 紐삵뻽?듬땲?? ?좎떆 ???ㅼ떆 ?쒕룄??二쇱꽭??[39m
 [31m횞[39m src/test/astrologyClient.today.test.ts[2m > [22mastrologyClient today action[2m > [22mthrows when server payload is empty[32m 16[2mms[22m[39m
[31m   ??expected [Function] to throw error including '?\ufffd??ufffd??\ufffd?? but got '?ㅼ떆媛??댁꽭瑜??꾩쭅 ?앹꽦?섏? 紐삵뻽?듬땲?? ?좎떆 ???ㅼ떆 ?쒕룄??二쇱꽭??[39m
 [31m횞[39m src/test/ohengCalculator.test.ts[2m > [22mohengCalculator[2m > [22mbuilds palja from hanja pillars[32m 16[2mms[22m[39m
[31m   ??吏?먰븯吏 ?딅뒗 泥쒓컙?낅땲?? 甲[39m
 [31m횞[39m src/test/ohengCalculator.test.ts[2m > [22mohengCalculator[2m > [22msupports hangul ganji mapping[32m 3[2mms[22m[39m
[31m   ??吏?먰븯吏 ?딅뒗 泥쒓컙?낅땲?? 占쏙옙[39m
 [31m횞[39m src/test/ohengCalculator.test.ts[2m > [22mohengCalculator[2m > [22mcalculates distribution and includes zero percentage entries[32m 1[2mms[22m[39m
[31m   ??吏?먰븯吏 ?딅뒗 泥쒓컙?낅땲?? 占?[39m
 [31m횞[39m src/test/ohengCalculator.test.ts[2m > [22mohengCalculator[2m > [22mreturns weakest elements as yongsin[32m 1[2mms[22m[39m
[31m   ??吏?먰븯吏 ?딅뒗 泥쒓컙?낅땲?? 占?[39m
 [32m??[39m src/test/sajuEngine.test.ts[2m > [22msajuEngine[2m > [22mparses HH:mm string[32m 5[2mms[22m[39m
 [32m??[39m src/test/sajuEngine.test.ts[2m > [22msajuEngine[2m > [22mconverts lunar date to solar date[32m 8[2mms[22m[39m
 [31m횞[39m src/test/sajuEngine.test.ts[2m > [22msajuEngine[2m > [22mresolves time from block when exact time is missing[32m 25[2mms[22m[39m
[31m   ??expected { hour: 12, minute: +0 } to deeply equal { hour: +0, minute: 30 }[39m
 [31m횞[39m src/test/sajuEngine.test.ts[2m > [22msajuEngine[2m > [22mresolves longitude for standardized region format[32m 3[2mms[22m[39m
[31m   ??expected 127 to be 126.978 // Object.is equality[39m
 [32m??[39m src/test/sajuEngine.test.ts[2m > [22msajuEngine[2m > [22mcalculates saju payload using real library API[32m 5[2mms[22m[39m
 [31m횞[39m src/test/sajuEngine.test.ts[2m > [22msajuEngine[2m > [22mkeeps expected pillars for 1995-06-29 04:30 in Seoul[32m 6[2mms[22m[39m
[31m   ??expected '阿쇾벤' to be '\ufffd\ufffd\ufffd\ufffd' // Object.is equality[39m
 [32m??[39m src/test/astrologyClient.today.test.ts[2m > [22mastrologyClient today action[2m > [22mrejects fallback source payload and retries[33m 816[2mms[22m[39m
 [32m??[39m src/test/astrologyClient.today.test.ts[2m > [22mastrologyClient today action[2m > [22mallows sign_context basis even when profile context exists[32m 2[2mms[22m[39m
 [32m??[39m src/test/astrologyClient.today.test.ts[2m > [22mastrologyClient today action[2m > [22msends only requestDate in today payload even when profile context is provided[32m 4[2mms[22m[39m
[90mstderr[2m | src/test/index.page.test.t
sx[2m > [22m[2mIndex page[2m > [22m[2m
renders the portal hero and primary entry po
ints
[22m[39m?좑툘 React Router Future Flag Warni
ng: React Router will begin wrapping state u
pdates in `React.startTransition` in v7. You
 can use the `v7_startTransition` future fla
g to opt-in early. For more information, see
 https://reactrouter.com/v6/upgrading/future
#v7_starttransition.
?좑툘 React Router Future Flag Warning: Relati
ve route resolution within Splat routes is c
hanging in v7. You can use the `v7_relativeS
platPath` future flag to opt-in early. For m
ore information, see https://reactrouter.com
/v6/upgrading/future#v7_relativesplatpath.

 [31m횞[39m src/test/index.page.test.tsx[2m > [22mIndex page[2m > [22mrenders the portal hero and primary entry points[33m 437[2mms[22m[39m
[31m   ??Unable to find an element with the text: ???占쎌＜占?3占??占쎌뿉 ?占쏀빐?占쎈뒗 ?占쏀솢???占쎌꽍. This could be because the text is broken up by multiple elements. In this case, you can provide a function for your text matcher to make your matcher more flexible.

Ignored nodes: comments, script, style
[36m<body>[31m
  [36m<div>[31m
    [36m<div[31m
      [33mclass[31m=[32m"relative min-h-screen bg-background"[31m
    [36m>[31m
      [36m<div[31m
        [33mclass[31m=[32m"relative z-10"[31m
      [36m>[31m
        [36m<header[31m
          [33mclass[31m=[32m"sticky top-0 z-gnb border-b border-border bg-background/95 backdrop-blur"[31m
        [36m>[31m
          [36m<div[31m
            [33mclass[31m=[32m"container mx-auto flex h-16 items-center justify-between px-sp-4"[31m
          [36m>[31m
            [36m<a[31m
              [33mclass[31m=[32m"flex items-center gap-sp-3"[31m
              [33mhref[31m=[32m"/category/saju"[31m
            [36m>[31m
              [36m<div[31m
                [33mclass[31m=[32m"flex h-10 w-10 items-center justify-center rounded-full border border-[#C9A86A]/30 bg-[#FAF7F2] text-[#24303F]"[31m
              [36m>[31m
                [36m<svg[31m
                  [33maria-hidden[31m=[32m"true"[31m
                  [33mclass[31m=[32m"lucide lucide-sparkles h-4 w-4"[31m
                  [33mfill[31m=[32m"none"[31m
                  [33mheight[31m=[32m"24"[31m
                  [33mstroke[31m=[32m"currentColor"[31m
                  [33mstroke-linecap[31m=[32m"round"[31m
                  [33mstroke-linejoin[31m=[32m"round"[31m
                  [33mstroke-width[31m=[32m"2"[31m
                  [33mviewBox[31m=[32m"0 0 24 24"[31m
                  [33mwidth[31m=[32m"24"[31m
                  [33mxmlns[31m=[32m"http://www.w3.org/2000/svg"[31m
                [36m>[31m
                  [36m<path[31m
                    [33md[31m=[32m"M11.017 2.814a1 1 0 0 1 1.966 0l1.051 5.558a2 2 0 0 0 1.594 1.594l5.558 1.051a1 1 0 0 1 0 1.966l-5.558 1.051a2 2 0 0 0-1.594 1.594l-1.051 5.558a1 1 0 0 1-1.966 0l-1.051-5.558a2 2 0 0 0-1.594-1.594l-5.558-1.051a1 1 0 0 1 0-1.966l5.558-1.051a2 2 0 0 0 1.594-1.594z"[31m
                  [36m/>[31m
                  [36m<path[31m
                    [33md[31m=[32m"M20 2v4"[31m
                  [36m/>[31m
                  [36m<path[31m
                    [33md[31m=[32m"M22 4h-4"[31m
                  [36m/>[31m
                  [36m<circle[31m
                    [33mcx[31m=[32m"4"[31m
                    [33mcy[31m=[32m"20"[31m
                    [33mr[31m=[32m"2"[31m
                  [36m/>[31m
                [36m</svg>[31m
              [36m</div>[31m
              [36m<div[31m
                [33mclass[31m=[32m"min-w-0"[31m
              [36m>[31m
                [36m<span[31m
                  [33mclass[31m=[32m"block text-title font-editorial text-foreground"[31m
                [36m>[31m
                  [0m李쎌옱 由ы룷??[0m
                [36m</span>[31m
                [36m<span[31m
                  [33mclass[31m=[32m"block text-[11px] font-semibold text-text-secondary"[31m
                [36m>[31m
                  [0mPremium Wellness Editorial[0m
                [36m</span>[31m
              [36m</div>[31m
            [36m</a>[31m
            [36m<nav[31m
              [33mclass[31m=[32m"hidden items-center gap-sp-6 md:flex"[31m
            [36m>[31m
              [36m<a[31m
                [33mclass[31m=[32m"transition-fast hover:text-foreground text-text-secondary"[31m
                [33mhref[31m=[32m"/category/saju"[31m
              [36m>[31m
                [0m??[0m
              [36m</a>[31m
              [36m<a[31m
                [33mclass[31m=[32m"transition-fast hover:text-foreground text-text-secondary"[31m
                [33mhref[31m=[32m"/saju"[31m
              [36m>[31m
                [0m???ъ＜[0m
              [36m</a>[31m
              [36m<a[31m
                [33mclass[31m=[32m"transition-fast hover:text-foreground text-text-secondary"[31m
                [33mhref[31m=[32m"/fortune"[31m
              [36m>[31m
                [0m?댁꽭[0m
              [36m</a>[31m
              [36m<a[31m
                [33mclass[31m=[32m"transition-fast hover:text-foreground text-text-secondary"[31m
                [33mhref[31m=[32m"/love/couple-report"[31m
              [36m>[31m
                [0m沅곹빀[0m
              [36m</a>[31m
              [36m<a[31m
                [33mclass[31m=[32m"transition-fast hover:text-foreground text-text-secondary"[31m
                [33mhref[31m=[32m"/mypage"[31m
              [36m>[31m
                [0m蹂닿???[0m
              [36m</a>[31m
            [36m</nav>[31m
            [36m<div[31m
              [33mclass[31m=[32m"hidden items-center gap-2 md:flex"[31m
            [36m>[31m
              [36m<a[31m
                [33mclass[31m=[32m"inline-flex h-10 items-center justify-center rounded-full border border-border bg-white px-4 text-[13px] font-semibold text-text-secondary transition-fast hover:bg-bg-subtle hover:text-foreground"[31m
                [33mhref[31m=[32m"/help"[31m
              [36m>[31m
                [0m?꾩?留?[0m
              [36m</a>[31m
              [36m<a[31m
                [33mclass[31m=[32m"inline-flex h-10 items-center justify-center rounded-full bg-primary px-4 text-[13px] font-bold text-primary-foreground transition-fast hover:bg-primary-hover"[31m
                [33mhref[31m=[32m"/result"[31m
              [36m>[31m
                [0m理쒓렐 寃곌낵[0m
              [36m</a>[31m
            [36m</div>[31m
            [36m<button[31m
              [33maria-label[31m=[32m"硫붾돱 ?닿린"[31m
              [33mclass[31m=[32m"flex h-11 w-11 items-center justify-center rounded-md border border-border bg-white md:hidden"[31m
            [36m>[31m
              [36m<svg[31m
                [33maria-hidden[31m=[32m"true"[31m
                [33mclass[31m=[32m"lucide lucide-menu"[31m
                [33mfill[31m=[32m"none"[31m
                [33mheight[31m=[32m"20"[31m
                [33mstroke[31m=[32m"currentColor"[31m
                [33mstroke-linecap[31m=[32m"round"[31m
                [33mstroke-linejoin[31m=[32m"round"[31m
                [33mstroke-width[31m=[32m"2"[31m
                [33mviewBox[31m=[32m"0 0 24 24"[31m
                [33mwidth[31m=[32m"20"[31m
                [33mxmlns[31m=[32m"http://www.w3.org/2000/svg"[31m
              [36m>[31m
                [36m<path[31m
                  [33md[31m=[32m"M4 5h16"[31m
                [36m/>[31m
                [36m<path[31m
                  [33md[31m=[32m"M4 12h16"[31m
                [36m/>[31m
                [36m<path[31m
                  [33md[31m=[32m"M4 19h16"[31m
                [36m/>[31m
              [36m</svg>[31m
            [36m</button>[31m
          [36m</div>[31m
          [36m<div[31m
            [33mclass[31m=[32m"border-t border-border bg-background"[31m
    ...[39m
[90mstderr[2m | src/test/fortune.personal.
page.test.tsx[2m > [22m[2mFortunePersonal
Page[2m > [22m[2mshows empty state when b
ase saju data does not exist and skips daily
 fortune call
[22m[39m?좑툘 React Router Future Flag Warni
ng: React Router will begin wrapping state u
pdates in `React.startTransition` in v7. You
 can use the `v7_startTransition` future fla
g to opt-in early. For more information, see
 https://reactrouter.com/v6/upgrading/future
#v7_starttransition.
?좑툘 React Router Future Flag Warning: Relati
ve route resolution within Splat routes is c
hanging in v7. You can use the `v7_relativeS
platPath` future flag to opt-in early. For m
ore information, see https://reactrouter.com
/v6/upgrading/future#v7_relativesplatpath.

[90mstderr[2m | src/test/result.page.lifet
ime.test.tsx[2m > [22m[2mResultPage lifet
ime rendering[2m > [22m[2mrenders stored 
daeun/golden periods without synthetic year 
calculation
[22m[39mWarning: Encountered two children 
with the same key, `占쏙옙`. Keys should be uni
que so that components maintain their identi
ty across updates. Non-unique keys may cause
 children to be duplicated and/or omitted ??
the behavior is unsupported and could change
 in a future version.
    at svg
    at div
    at OhengDonutChart (C:\Users\dbcdk\Deskt
op\?ъ＜?ъ씠?몄갹??src\components\charts\OhengDon
utChart.tsx:22:28)
    at div
    at div
    at div
    at div
    at InsightCard (C:\Users\dbcdk\Desktop\?
ъ＜?ъ씠?몄갹??src\components\common\InsightCard.
tsx:7:24)
    at div
    at section
    at div
    at main
    at div
    at div
    at AnalysisPageShell (C:\Users\dbcdk\Des
ktop\?ъ＜?ъ씠?몄갹??src\components\layout\Analys
isPageShell.tsx:43:30)
    at ResultPage (C:\Users\dbcdk\Desktop\?ъ
＜?ъ씠?몄갹??src\pages\ResultPage.tsx:37:44)
    at RenderedRoute (C:\Users\dbcdk\Desktop
\?ъ＜?ъ씠?몄갹??node_modules\react-router\dist\u
md\react-router.development.js:539:7)
    at Routes (C:\Users\dbcdk\Desktop\?ъ＜?ъ씠
?몄갹??node_modules\react-router\dist\umd\reac
t-router.development.js:1273:7)
    at Router (C:\Users\dbcdk\Desktop\?ъ＜?ъ씠
?몄갹??node_modules\react-router\dist\umd\reac
t-router.development.js:1207:17)
    at MemoryRouter (C:\Users\dbcdk\Desktop\
?ъ＜?ъ씠?몄갹??node_modules\react-router\dist\um
d\react-router.development.js:1101:7)
Warning: Encountered two children with the s
ame key, `占쏙옙`. Keys should be unique so tha
t components maintain their identity across 
updates. Non-unique keys may cause children 
to be duplicated and/or omitted ??the behavi
or is unsupported and could change in a futu
re version.
    at svg
    at div
    at OhengDonutChart (C:\Users\dbcdk\Deskt
op\?ъ＜?ъ씠?몄갹??src\components\charts\OhengDon
utChart.tsx:22:28)
    at div
    at div
    at div
    at div
    at InsightCard (C:\Users\dbcdk\Desktop\?
ъ＜?ъ씠?몄갹??src\components\common\InsightCard.
tsx:7:24)
    at div
    at section
    at div
    at main
    at div
    at div
    at AnalysisPageShell (C:\Users\dbcdk\Des
ktop\?ъ＜?ъ씠?몄갹??src\components\layout\Analys
isPageShell.tsx:43:30)
    at ResultPage (C:\Users\dbcdk\Desktop\?ъ
＜?ъ씠?몄갹??src\pages\ResultPage.tsx:37:44)
    at RenderedRoute (C:\Users\dbcdk\Desktop
\?ъ＜?ъ씠?몄갹??node_modules\react-router\dist\u
md\react-router.development.js:539:7)
    at Routes (C:\Users\dbcdk\Desktop\?ъ＜?ъ씠
?몄갹??node_modules\react-router\dist\umd\reac
t-router.development.js:1273:7)
    at Router (C:\Users\dbcdk\Desktop\?ъ＜?ъ씠
?몄갹??node_modules\react-router\dist\umd\reac
t-router.development.js:1207:17)
    at MemoryRouter (C:\Users\dbcdk\Desktop\
?ъ＜?ъ씠?몄갹??node_modules\react-router\dist\um
d\react-router.development.js:1101:7)
?좑툘 React Router Future Flag Warning: React 
Router will begin wrapping state updates in 
`React.startTransition` in v7. You can use t
he `v7_startTransition` future flag to opt-i
n early. For more information, see https://r
eactrouter.com/v6/upgrading/future#v7_startt
ransition.
?좑툘 React Router Future Flag Warning: Relati
ve route resolution within Splat routes is c
hanging in v7. You can use the `v7_relativeS
platPath` future flag to opt-in early. For m
ore information, see https://reactrouter.com
/v6/upgrading/future#v7_relativesplatpath.

 [31m횞[39m src/test/fortune.personal.page.test.tsx[2m > [22mFortunePersonalPage[2m > [22mshows empty state when base saju data does not exist and skips daily fortune call[33m 1212[2mms[22m[39m
[31m   ??Unable to find an element with the text: 湲곤옙? ?占쎌＜ ?占쎌씠?占쏙옙? ?占쎌뒿?占쎈떎. This could be because the text is broken up by multiple elements. In this case, you can provide a function for your text matcher to make your matcher more flexible.

Ignored nodes: comments, script, style
[36m<body>[31m
  [36m<div>[31m
    [36m<div[31m
      [33mclass[31m=[32m"relative min-h-screen bg-background"[31m
    [36m>[31m
      [36m<div[31m
        [33mclass[31m=[32m"relative z-10"[31m
      [36m>[31m
        [36m<header[31m
          [33mclass[31m=[32m"sticky top-0 z-gnb border-b border-border bg-background/95 backdrop-blur"[31m
        [36m>[31m
          [36m<div[31m
            [33mclass[31m=[32m"container mx-auto flex h-16 items-center justify-between px-sp-4"[31m
          [36m>[31m
            [36m<a[31m
              [33mclass[31m=[32m"flex items-center gap-sp-3"[31m
              [33mhref[31m=[32m"/category/saju"[31m
            [36m>[31m
              [36m<div[31m
                [33mclass[31m=[32m"flex h-10 w-10 items-center justify-center rounded-full border border-[#C9A86A]/30 bg-[#FAF7F2] text-[#24303F]"[31m
              [36m>[31m
                [36m<svg[31m
                  [33maria-hidden[31m=[32m"true"[31m
                  [33mclass[31m=[32m"lucide lucide-sparkles h-4 w-4"[31m
                  [33mfill[31m=[32m"none"[31m
                  [33mheight[31m=[32m"24"[31m
                  [33mstroke[31m=[32m"currentColor"[31m
                  [33mstroke-linecap[31m=[32m"round"[31m
                  [33mstroke-linejoin[31m=[32m"round"[31m
                  [33mstroke-width[31m=[32m"2"[31m
                  [33mviewBox[31m=[32m"0 0 24 24"[31m
                  [33mwidth[31m=[32m"24"[31m
                  [33mxmlns[31m=[32m"http://www.w3.org/2000/svg"[31m
                [36m>[31m
                  [36m<path[31m
                    [33md[31m=[32m"M11.017 2.814a1 1 0 0 1 1.966 0l1.051 5.558a2 2 0 0 0 1.594 1.594l5.558 1.051a1 1 0 0 1 0 1.966l-5.558 1.051a2 2 0 0 0-1.594 1.594l-1.051 5.558a1 1 0 0 1-1.966 0l-1.051-5.558a2 2 0 0 0-1.594-1.594l-5.558-1.051a1 1 0 0 1 0-1.966l5.558-1.051a2 2 0 0 0 1.594-1.594z"[31m
                  [36m/>[31m
                  [36m<path[31m
                    [33md[31m=[32m"M20 2v4"[31m
                  [36m/>[31m
                  [36m<path[31m
                    [33md[31m=[32m"M22 4h-4"[31m
                  [36m/>[31m
                  [36m<circle[31m
                    [33mcx[31m=[32m"4"[31m
                    [33mcy[31m=[32m"20"[31m
                    [33mr[31m=[32m"2"[31m
                  [36m/>[31m
                [36m</svg>[31m
              [36m</div>[31m
              [36m<div[31m
                [33mclass[31m=[32m"min-w-0"[31m
              [36m>[31m
                [36m<span[31m
                  [33mclass[31m=[32m"block text-title font-editorial text-foreground"[31m
                [36m>[31m
                  [0m李쎌옱 由ы룷??[0m
                [36m</span>[31m
                [36m<span[31m
                  [33mclass[31m=[32m"block text-[11px] font-semibold text-text-secondary"[31m
                [36m>[31m
                  [0mPremium Wellness Editorial[0m
                [36m</span>[31m
              [36m</div>[31m
            [36m</a>[31m
            [36m<nav[31m
              [33mclass[31m=[32m"hidden items-center gap-sp-6 md:flex"[31m
            [36m>[31m
              [36m<a[31m
                [33mclass[31m=[32m"transition-fast hover:text-foreground text-text-secondary"[31m
                [33mhref[31m=[32m"/category/saju"[31m
              [36m>[31m
                [0m??[0m
              [36m</a>[31m
              [36m<a[31m
                [33mclass[31m=[32m"transition-fast hover:text-foreground text-text-secondary"[31m
                [33mhref[31m=[32m"/saju"[31m
              [36m>[31m
                [0m???ъ＜[0m
              [36m</a>[31m
              [36m<a[31m
                [33mclass[31m=[32m"transition-fast hover:text-foreground text-primary"[31m
                [33mhref[31m=[32m"/fortune"[31m
              [36m>[31m
                [0m?댁꽭[0m
              [36m</a>[31m
              [36m<a[31m
                [33mclass[31m=[32m"transition-fast hover:text-foreground text-text-secondary"[31m
                [33mhref[31m=[32m"/love/couple-report"[31m
              [36m>[31m
                [0m沅곹빀[0m
              [36m</a>[31m
              [36m<a[31m
                [33mclass[31m=[32m"transition-fast hover:text-foreground text-text-secondary"[31m
                [33mhref[31m=[32m"/mypage"[31m
              [36m>[31m
                [0m蹂닿???[0m
              [36m</a>[31m
            [36m</nav>[31m
            [36m<div[31m
              [33mclass[31m=[32m"hidden items-center gap-2 md:flex"[31m
            [36m>[31m
              [36m<a[31m
                [33mclass[31m=[32m"inline-flex h-10 items-center justify-center rounded-full border border-border bg-white px-4 text-[13px] font-semibold text-text-secondary transition-fast hover:bg-bg-subtle hover:text-foreground"[31m
                [33mhref[31m=[32m"/help"[31m
              [36m>[31m
                [0m?꾩?留?[0m
              [36m</a>[31m
              [36m<a[31m
                [33mclass[31m=[32m"inline-flex h-10 items-center justify-center rounded-full bg-primary px-4 text-[13px] font-bold text-primary-foreground transition-fast hover:bg-primary-hover"[31m
                [33mhref[31m=[32m"/result"[31m
              [36m>[31m
                [0m理쒓렐 寃곌낵[0m
              [36m</a>[31m
            [36m</div>[31m
            [36m<button[31m
              [33maria-label[31m=[32m"硫붾돱 ?닿린"[31m
              [33mclass[31m=[32m"flex h-11 w-11 items-center justify-center rounded-md border border-border bg-white md:hidden"[31m
            [36m>[31m
              [36m<svg[31m
                [33maria-hidden[31m=[32m"true"[31m
                [33mclass[31m=[32m"lucide lucide-menu"[31m
                [33mfill[31m=[32m"none"[31m
                [33mheight[31m=[32m"20"[31m
                [33mstroke[31m=[32m"currentColor"[31m
                [33mstroke-linecap[31m=[32m"round"[31m
                [33mstroke-linejoin[31m=[32m"round"[31m
                [33mstroke-width[31m=[32m"2"[31m
                [33mviewBox[31m=[32m"0 0 24 24"[31m
                [33mwidth[31m=[32m"20"[31m
                [33mxmlns[31m=[32m"http://www.w3.org/2000/svg"[31m
              [36m>[31m
                [36m<path[31m
                  [33md[31m=[32m"M4 5h16"[31m
                [36m/>[31m
                [36m<path[31m
                  [33md[31m=[32m"M4 12h16"[31m
                [36m/>[31m
                [36m<path[31m
                  [33md[31m=[32m"M4 19h16"[31m
                [36m/>[31m
              [36m</svg>[31m
            [36m</button>[31m
          [36m</div>[31m
        [36m</header>[31m
        [36m<main[31m
          [33mclass[31m=[32m"pb-[88px] md:pb-0"[31m
     ...

Ignored nodes: comments, script, style
[36m<body>[31m
  [36m<div>[31m
    [36m<div[31m
      [33mclass[31m=[32m"relative min-h-screen bg-background"[31m
    [36m>[31m
      [36m<div[31m
        [33mclass[31m=[32m"relative z-10"[31m
      [36m>[31m
        [36m<header[31m
          [33mclass[31m=[32m"sticky top-0 z-gnb border-b border-border bg-background/95 backdrop-blur"[31m
        [36m>[31m
          [36m<div[31m
            [33mclass[31m=[32m"container mx-auto flex h-16 items-center justify-between px-sp-4"[31m
          [36m>[31m
            [36m<a[31m
              [33mclass[31m=[32m"flex items-center gap-sp-3"[31m
              [33mhref[31m=[32m"/category/saju"[31m
            [36m>[31m
              [36m<div[31m
                [33mclass[31m=[32m"flex h-10 w-10 items-center justify-center rounded-full border border-[#C9A86A]/30 bg-[#FAF7F2] text-[#24303F]"[31m
              [36m>[31m
                [36m<svg[31m
                  [33maria-hidden[31m=[32m"true"[31m
                  [33mclass[31m=[32m"lucide lucide-sparkles h-4 w-4"[31m
                  [33mfill[31m=[32m"none"[31m
                  [33mheight[31m=[32m"24"[31m
                  [33mstroke[31m=[32m"currentColor"[31m
                  [33mstroke-linecap[31m=[32m"round"[31m
                  [33mstroke-linejoin[31m=[32m"round"[31m
                  [33mstroke-width[31m=[32m"2"[31m
                  [33mviewBox[31m=[32m"0 0 24 24"[31m
                  [33mwidth[31m=[32m"24"[31m
                  [33mxmlns[31m=[32m"http://www.w3.org/2000/svg"[31m
                [36m>[31m
                  [36m<path[31m
                    [33md[31m=[32m"M11.017 2.814a1 1 0 0 1 1.966 0l1.051 5.558a2 2 0 0 0 1.594 1.594l5.558 1.051a1 1 0 0 1 0 1.966l-5.558 1.051a2 2 0 0 0-1.594 1.594l-1.051 5.558a1 1 0 0 1-1.966 0l-1.051-5.558a2 2 0 0 0-1.594-1.594l-5.558-1.051a1 1 0 0 1 0-1.966l5.558-1.051a2 2 0 0 0 1.594-1.594z"[31m
                  [36m/>[31m
                  [36m<path[31m
                    [33md[31m=[32m"M20 2v4"[31m
                  [36m/>[31m
                  [36m<path[31m
                    [33md[31m=[32m"M22 4h-4"[31m
                  [36m/>[31m
                  [36m<circle[31m
                    [33mcx[31m=[32m"4"[31m
                    [33mcy[31m=[32m"20"[31m
                    [33mr[31m=[32m"2"[31m
                  [36m/>[31m
                [36m</svg>[31m
              [36m</div>[31m
              [36m<div[31m
                [33mclass[31m=[32m"min-w-0"[31m
              [36m>[31m
                [36m<span[31m
                  [33mclass[31m=[32m"block text-title font-editorial text-foreground"[31m
                [36m>[31m
                  [0m李쎌옱 由ы룷??[0m
                [36m</span>[31m
                [36m<span[31m
                  [33mclass[31m=[32m"block text-[11px] font-semibold text-text-secondary"[31m
                [36m>[31m
                  [0mPremium Wellness Editorial[0m
                [36m</span>[31m
              [36m</div>[31m
            [36m</a>[31m
            [36m<nav[31m
              [33mclass[31m=[32m"hidden items-center gap-sp-6 md:flex"[31m
            [36m>[31m
              [36m<a[31m
                [33mclass[31m=[32m"transition-fast hover:text-foreground text-text-secondary"[31m
                [33mhref[31m=[32m"/category/saju"[31m
              [36m>[31m
                [0m??[0m
              [36m</a>[31m
              [36m<a[31m
                [33mclass[31m=[32m"transition-fast hover:text-foreground text-text-secondary"[31m
                [33mhref[31m=[32m"/saju"[31m
              [36m>[31m
                [0m???ъ＜[0m
              [36m</a>[31m
              [36m<a[31m
                [33mclass[31m=[32m"transition-fast hover:text-foreground text-primary"[31m
                [33mhref[31m=[32m"/fortune"[31m
              [36m>[31m
                [0m?댁꽭[0m
              [36m</a>[31m
              [36m<a[31m
                [33mclass[31m=[32m"transition-fast hover:text-foreground text-text-secondary"[31m
                [33mhref[31m=[32m"/love/couple-report"[31m
              [36m>[31m
                [0m沅곹빀[0m
              [36m</a>[31m
              [36m<a[31m
                [33mclass[31m=[32m"transition-fast hover:text-foreground text-text-secondary"[31m
                [33mhref[31m=[32m"/mypage"[31m
              [36m>[31m
                [0m蹂닿???[0m
              [36m</a>[31m
            [36m</nav>[31m
            [36m<div[31m
              [33mclass[31m=[32m"hidden items-center gap-2 md:flex"[31m
            [36m>[31m
              [36m<a[31m
                [33mclass[31m=[32m"inline-flex h-10 items-center justify-center rounded-full border border-border bg-white px-4 text-[13px] font-semibold text-text-secondary transition-fast hover:bg-bg-subtle hover:text-foreground"[31m
                [33mhref[31m=[32m"/help"[31m
              [36m>[31m
                [0m?꾩?留?[0m
              [36m</a>[31m
              [36m<a[31m
                [33mclass[31m=[32m"inline-flex h-10 items-center justify-center rounded-full bg-primary px-4 text-[13px] font-bold text-primary-foreground transition-fast hover:bg-primary-hover"[31m
                [33mhref[31m=[32m"/result"[31m
              [36m>[31m
                [0m理쒓렐 寃곌낵[0m
              [36m</a>[31m
            [36m</div>[31m
            [36m<button[31m
              [33maria-label[31m=[32m"硫붾돱 ?닿린"[31m
              [33mclass[31m=[32m"flex h-11 w-11 items-center justify-center rounded-md border border-border bg-white md:hidden"[31m
            [36m>[31m
              [36m<svg[31m
                [33maria-hidden[31m=[32m"true"[31m
                [33mclass[31m=[32m"lucide lucide-menu"[31m
                [33mfill[31m=[32m"none"[31m
                [33mheight[31m=[32m"20"[31m
                [33mstroke[31m=[32m"currentColor"[31m
                [33mstroke-linecap[31m=[32m"round"[31m
                [33mstroke-linejoin[31m=[32m"round"[31m
                [33mstroke-width[31m=[32m"2"[31m
                [33mviewBox[31m=[32m"0 0 24 24"[31m
                [33mwidth[31m=[32m"20"[31m
                [33mxmlns[31m=[32m"http://www.w3.org/2000/svg"[31m
              [36m>[31m
                [36m<path[31m
                  [33md[31m=[32m"M4 5h16"[31m
                [36m/>[31m
                [36m<path[31m
                  [33md[31m=[32m"M4 12h16"[31m
                [36m/>[31m
                [36m<path[31m
                  [33md[31m=[32m"M4 19h16"[31m
                [36m/>[31m
              [36m</svg>[31m
            [36m</button>[31m
          [36m</div>[31m
        [36m</header>[31m
        [36m<main[31m
          [33mclass[31m=[32m"pb-[88px] md:pb-0"[31m
     ...[39m
 [31m횞[39m src/test/result.page.lifetime.test.tsx[2m > [22mResultPage lifetime rendering[2m > [22mrenders stored daeun/golden periods without synthetic year calculation[33m 1337[2mms[22m[39m
[31m   ??Unable to find an element with the text: 占싸삼옙 占싼울옙 占쏙옙占쏙옙트. This could be because the text is broken up by multiple elements. In this case, you can provide a function for your text matcher to make your matcher more flexible.

Ignored nodes: comments, script, style
[36m<body>[31m
  [36m<div>[31m
    [36m<div[31m
      [33mclass[31m=[32m"relative z-20 flex min-h-full flex-col"[31m
    [36m>[31m
      [36m<div[31m
        [33mclass[31m=[32m"relative z-10 flex min-h-screen flex-col"[31m
      [36m>[31m
        [36m<header[31m
          [33mclass[31m=[32m"border-b border-border bg-background/92 backdrop-blur"[31m
        [36m>[31m
          [36m<div[31m
            [33mclass[31m=[32m"max-w-[1360px] mx-auto w-full px-4 sm:px-6"[31m
          [36m>[31m
            [36m<div[31m
              [33mclass[31m=[32m"flex flex-col gap-1 py-4"[31m
            [36m>[31m
              [36m<div[31m
                [33mclass[31m=[32m"mb-1 flex items-center gap-1.5 text-[13px] font-medium text-text-secondary"[31m
              [36m>[31m
                [36m<span>[31m
                  [0m?ъ＜/留뚯꽭??[0m
                [36m</span>[31m
                [36m<svg[31m
                  [33maria-hidden[31m=[32m"true"[31m
                  [33mclass[31m=[32m"lucide lucide-chevron-right h-3.5 w-3.5 opacity-50"[31m
                  [33mfill[31m=[32m"none"[31m
                  [33mheight[31m=[32m"24"[31m
                  [33mstroke[31m=[32m"currentColor"[31m
                  [33mstroke-linecap[31m=[32m"round"[31m
                  [33mstroke-linejoin[31m=[32m"round"[31m
                  [33mstroke-width[31m=[32m"2"[31m
                  [33mviewBox[31m=[32m"0 0 24 24"[31m
                  [33mwidth[31m=[32m"24"[31m
                  [33mxmlns[31m=[32m"http://www.w3.org/2000/svg"[31m
                [36m>[31m
                  [36m<path[31m
                    [33md[31m=[32m"m9 18 6-6-6-6"[31m
                  [36m/>[31m
                [36m</svg>[31m
                [36m<span[31m
                  [33mclass[31m=[32m"text-foreground"[31m
                [36m>[31m
                  [0m?몄깮 珥앹슫 由ы룷??[0m
                [36m</span>[31m
              [36m</div>[31m
              [36m<div[31m
                [33mclass[31m=[32m"flex items-center gap-3"[31m
              [36m>[31m
                [36m<div[31m
                  [33mclass[31m=[32m"rounded-xl border p-2 text-foreground border-[#C9A86A]/40 bg-[#FAF7F2]"[31m
                [36m>[31m
                  [36m<svg[31m
                    [33maria-hidden[31m=[32m"true"[31m
                    [33mclass[31m=[32m"lucide lucide-file-text h-6 w-6"[31m
                    [33mfill[31m=[32m"none"[31m
                    [33mheight[31m=[32m"24"[31m
                    [33mstroke[31m=[32m"currentColor"[31m
                    [33mstroke-linecap[31m=[32m"round"[31m
                    [33mstroke-linejoin[31m=[32m"round"[31m
                    [33mstroke-width[31m=[32m"2"[31m
                    [33mviewBox[31m=[32m"0 0 24 24"[31m
                    [33mwidth[31m=[32m"24"[31m
                    [33mxmlns[31m=[32m"http://www.w3.org/2000/svg"[31m
                  [36m>[31m
                    [36m<path[31m
                      [33md[31m=[32m"M6 22a2 2 0 0 1-2-2V4a2 2 0 0 1 2-2h8a2.4 2.4 0 0 1 1.704.706l3.588 3.588A2.4 2.4 0 0 1 20 8v12a2 2 0 0 1-2 2z"[31m
                    [36m/>[31m
                    [36m<path[31m
                      [33md[31m=[32m"M14 2v5a1 1 0 0 0 1 1h5"[31m
                    [36m/>[31m
                    [36m<path[31m
                      [33md[31m=[32m"M10 9H8"[31m
                    [36m/>[31m
                    [36m<path[31m
                      [33md[31m=[32m"M16 13H8"[31m
                    [36m/>[31m
                    [36m<path[31m
                      [33md[31m=[32m"M16 17H8"[31m
                    [36m/>[31m
                  [36m</svg>[31m
                [36m</div>[31m
                [36m<div>[31m
                  [36m<h1[31m
                    [33mclass[31m=[32m"font-editorial text-xl font-bold tracking-tight text-foreground sm:text-2xl"[31m
                  [36m>[31m
                    [0m?몄깮 珥앹슫 由ы룷??[0m
                  [36m</h1>[31m
                  [36m<p[31m
                    [33mclass[31m=[32m"mt-0.5 text-[13px] text-text-secondary"[31m
                  [36m>[31m
                    [0m1995??6??29??(?묐젰)[0m
                  [36m</p>[31m
                [36m</div>[31m
              [36m</div>[31m
            [36m</div>[31m
          [36m</div>[31m
        [36m</header>[31m
        [36m<div[31m
          [33maria-hidden[31m=[32m"true"[31m
          [33mclass[31m=[32m"sticky top-0 z-20 overflow-hidden border-b border-border bg-background/95 backdrop-blur transition-[max-height,opacity] duration-200 pointer-events-none max-h-0 opacity-0"[31m
        [36m>[31m
          [36m<div[31m
            [33mclass[31m=[32m"max-w-[1360px] mx-auto w-full px-4 sm:px-6"[31m
          [36m>[31m
            [36m<div[31m
              [33mclass[31m=[32m"flex h-14 items-center gap-2"[31m
            [36m>[31m
              [36m<svg[31m
                [33maria-hidden[31m=[32m"true"[31m
                [33mclass[31m=[32m"lucide lucide-file-text h-4 w-4 text-text-secondary"[31m
                [33mfill[31m=[32m"none"[31m
                [33mheight[31m=[32m"24"[31m
                [33mstroke[31m=[32m"currentColor"[31m
                [33mstroke-linecap[31m=[32m"round"[31m
                [33mstroke-linejoin[31m=[32m"round"[31m
                [33mstroke-width[31m=[32m"2"[31m
                [33mviewBox[31m=[32m"0 0 24 24"[31m
                [33mwidth[31m=[32m"24"[31m
                [33mxmlns[31m=[32m"http://www.w3.org/2000/svg"[31m
              [36m>[31m
                [36m<path[31m
                  [33md[31m=[32m"M6 22a2 2 0 0 1-2-2V4a2 2 0 0 1 2-2h8a2.4 2.4 0 0 1 1.704.706l3.588 3.588A2.4 2.4 0 0 1 20 8v12a2 2 0 0 1-2 2z"[31m
                [36m/>[31m
                [36m<path[31m
                  [33md[31m=[32m"M14 2v5a1 1 0 0 0 1 1h5"[31m
                [36m/>[31m
                [36m<path[31m
                  [33md[31m=[32m"M10 9H8"[31m
                [36m/>[31m
                [36m<path[31m
                  [33md[31m=[32m"M16 13H8"[31m
                [36m/>[31m
                [36m<path[31m
                  [33md[31m=[32m"M16 17H8"[31m
                [36m/>[31m
              [36m</svg>[31m
              [36m<p[31m
                [33mclass[31m=[32m"min-w-0 truncate text-[14px] font-bold text-foreground"[31m
              [36m>[31m
                [0m?몄깮 珥앹슫 由ы룷??[0m
              [36m</p>[31m
              [36m<p[31m
                [33mclass[31m=[32m"hidden min-w-0 truncate text-[12px] text-text-secondary sm:block"[31m
              [36m>[31m
                [0m쨌 [0m
                [0m1995??6??29??(?묐젰)[0m
              [36m</p>[31m
            [36m</div>...

Ignored nodes: comments, script, style
[36m<body>[31m
  [36m<div>[31m
    [36m<div[31m
      [33mclass[31m=[32m"relative z-20 flex min-h-full flex-col"[31m
    [36m>[31m
      [36m<div[31m
        [33mclass[31m=[32m"relative z-10 flex min-h-screen flex-col"[31m
      [36m>[31m
        [36m<header[31m
          [33mclass[31m=[32m"border-b border-border bg-background/92 backdrop-blur"[31m
        [36m>[31m
          [36m<div[31m
            [33mclass[31m=[32m"max-w-[1360px] mx-auto w-full px-4 sm:px-6"[31m
          [36m>[31m
            [36m<div[31m
              [33mclass[31m=[32m"flex flex-col gap-1 py-4"[31m
            [36m>[31m
              [36m<div[31m
                [33mclass[31m=[32m"mb-1 flex items-center gap-1.5 text-[13px] font-medium text-text-secondary"[31m
              [36m>[31m
                [36m<span>[31m
                  [0m?ъ＜/留뚯꽭??[0m
                [36m</span>[31m
                [36m<svg[31m
                  [33maria-hidden[31m=[32m"true"[31m
                  [33mclass[31m=[32m"lucide lucide-chevron-right h-3.5 w-3.5 opacity-50"[31m
                  [33mfill[31m=[32m"none"[31m
                  [33mheight[31m=[32m"24"[31m
                  [33mstroke[31m=[32m"currentColor"[31m
                  [33mstroke-linecap[31m=[32m"round"[31m
                  [33mstroke-linejoin[31m=[32m"round"[31m
                  [33mstroke-width[31m=[32m"2"[31m
                  [33mviewBox[31m=[32m"0 0 24 24"[31m
                  [33mwidth[31m=[32m"24"[31m
                  [33mxmlns[31m=[32m"http://www.w3.org/2000/svg"[31m
                [36m>[31m
                  [36m<path[31m
                    [33md[31m=[32m"m9 18 6-6-6-6"[31m
                  [36m/>[31m
                [36m</svg>[31m
                [36m<span[31m
                  [33mclass[31m=[32m"text-foreground"[31m
                [36m>[31m
                  [0m?몄깮 珥앹슫 由ы룷??[0m
                [36m</span>[31m
              [36m</div>[31m
              [36m<div[31m
                [33mclass[31m=[32m"flex items-center gap-3"[31m
              [36m>[31m
                [36m<div[31m
                  [33mclass[31m=[32m"rounded-xl border p-2 text-foreground border-[#C9A86A]/40 bg-[#FAF7F2]"[31m
                [36m>[31m
                  [36m<svg[31m
                    [33maria-hidden[31m=[32m"true"[31m
                    [33mclass[31m=[32m"lucide lucide-file-text h-6 w-6"[31m
                    [33mfill[31m=[32m"none"[31m
                    [33mheight[31m=[32m"24"[31m
                    [33mstroke[31m=[32m"currentColor"[31m
                    [33mstroke-linecap[31m=[32m"round"[31m
                    [33mstroke-linejoin[31m=[32m"round"[31m
                    [33mstroke-width[31m=[32m"2"[31m
                    [33mviewBox[31m=[32m"0 0 24 24"[31m
                    [33mwidth[31m=[32m"24"[31m
                    [33mxmlns[31m=[32m"http://www.w3.org/2000/svg"[31m
                  [36m>[31m
                    [36m<path[31m
                      [33md[31m=[32m"M6 22a2 2 0 0 1-2-2V4a2 2 0 0 1 2-2h8a2.4 2.4 0 0 1 1.704.706l3.588 3.588A2.4 2.4 0 0 1 20 8v12a2 2 0 0 1-2 2z"[31m
                    [36m/>[31m
                    [36m<path[31m
                      [33md[31m=[32m"M14 2v5a1 1 0 0 0 1 1h5"[31m
                    [36m/>[31m
                    [36m<path[31m
                      [33md[31m=[32m"M10 9H8"[31m
                    [36m/>[31m
                    [36m<path[31m
                      [33md[31m=[32m"M16 13H8"[31m
                    [36m/>[31m
                    [36m<path[31m
                      [33md[31m=[32m"M16 17H8"[31m
                    [36m/>[31m
                  [36m</svg>[31m
                [36m</div>[31m
                [36m<div>[31m
                  [36m<h1[31m
                    [33mclass[31m=[32m"font-editorial text-xl font-bold tracking-tight text-foreground sm:text-2xl"[31m
                  [36m>[31m
                    [0m?몄깮 珥앹슫 由ы룷??[0m
                  [36m</h1>[31m
                  [36m<p[31m
                    [33mclass[31m=[32m"mt-0.5 text-[13px] text-text-secondary"[31m
                  [36m>[31m
                    [0m1995??6??29??(?묐젰)[0m
                  [36m</p>[31m
                [36m</div>[31m
              [36m</div>[31m
            [36m</div>[31m
          [36m</div>[31m
        [36m</header>[31m
        [36m<div[31m
          [33maria-hidden[31m=[32m"true"[31m
          [33mclass[31m=[32m"sticky top-0 z-20 overflow-hidden border-b border-border bg-background/95 backdrop-blur transition-[max-height,opacity] duration-200 pointer-events-none max-h-0 opacity-0"[31m
        [36m>[31m
          [36m<div[31m
            [33mclass[31m=[32m"max-w-[1360px] mx-auto w-full px-4 sm:px-6"[31m
          [36m>[31m
            [36m<div[31m
              [33mclass[31m=[32m"flex h-14 items-center gap-2"[31m
            [36m>[31m
              [36m<svg[31m
                [33maria-hidden[31m=[32m"true"[31m
                [33mclass[31m=[32m"lucide lucide-file-text h-4 w-4 text-text-secondary"[31m
                [33mfill[31m=[32m"none"[31m
                [33mheight[31m=[32m"24"[31m
                [33mstroke[31m=[32m"currentColor"[31m
                [33mstroke-linecap[31m=[32m"round"[31m
                [33mstroke-linejoin[31m=[32m"round"[31m
                [33mstroke-width[31m=[32m"2"[31m
                [33mviewBox[31m=[32m"0 0 24 24"[31m
                [33mwidth[31m=[32m"24"[31m
                [33mxmlns[31m=[32m"http://www.w3.org/2000/svg"[31m
              [36m>[31m
                [36m<path[31m
                  [33md[31m=[32m"M6 22a2 2 0 0 1-2-2V4a2 2 0 0 1 2-2h8a2.4 2.4 0 0 1 1.704.706l3.588 3.588A2.4 2.4 0 0 1 20 8v12a2 2 0 0 1-2 2z"[31m
                [36m/>[31m
                [36m<path[31m
                  [33md[31m=[32m"M14 2v5a1 1 0 0 0 1 1h5"[31m
                [36m/>[31m
                [36m<path[31m
                  [33md[31m=[32m"M10 9H8"[31m
                [36m/>[31m
                [36m<path[31m
                  [33md[31m=[32m"M16 13H8"[31m
                [36m/>[31m
                [36m<path[31m
                  [33md[31m=[32m"M16 17H8"[31m
                [36m/>[31m
              [36m</svg>[31m
              [36m<p[31m
                [33mclass[31m=[32m"min-w-0 truncate text-[14px] font-bold text-foreground"[31m
              [36m>[31m
                [0m?몄깮 珥앹슫 由ы룷??[0m
              [36m</p>[31m
              [36m<p[31m
                [33mclass[31m=[32m"hidden min-w-0 truncate text-[12px] text-text-secondary sm:block"[31m
              [36m>[31m
                [0m쨌 [0m
                [0m1995??6??29??(?묐젰)[0m
              [36m</p>[31m
            [36m</div>...[39m
[90mstderr[2m | src/test/cosmic.calendar.p
age.test.tsx[2m > [22m[2mCosmicCalendarPa
ge[2m > [22m[2mdoes not auto-run and uses
 only manually entered profile
[22m[39m?좑툘 React Router Future Flag Warni
ng: React Router will begin wrapping state u
pdates in `React.startTransition` in v7. You
 can use the `v7_startTransition` future fla
g to opt-in early. For more information, see
 https://reactrouter.com/v6/upgrading/future
#v7_starttransition.
?좑툘 React Router Future Flag Warning: Relati
ve route resolution within Splat routes is c
hanging in v7. You can use the `v7_relativeS
platPath` future flag to opt-in early. For m
ore information, see https://reactrouter.com
/v6/upgrading/future#v7_relativesplatpath.

 [32m??[39m src/test/cosmic.calendar.page.test.tsx[2m > [22mCosmicCalendarPage[2m > [22mdoes not auto-run and uses only manually entered profile[33m 337[2mms[22m[39m
 [32m??[39m src/test/cosmic.calendar.page.test.tsx[2m > [22mCosmicCalendarPage[2m > [22mrenders safely when expert notes is empty[32m 146[2mms[22m[39m
 [32m??[39m src/test/cosmic.calendar.page.test.tsx[2m > [22mCosmicCalendarPage[2m > [22mshows calc engine unavailable state when api fails[32m 121[2mms[22m[39m
[90mstderr[2m | src/test/category.new-year
-routing.test.tsx[2m > [22m[2mCategoryPag
e new-year 7-tile routing[2m > [22m[2mren
ders seven distinct /service entry links ins
tead of routing back to lifetime tab
[22m[39m?좑툘 React Router Future Flag Warni
ng: React Router will begin wrapping state u
pdates in `React.startTransition` in v7. You
 can use the `v7_startTransition` future fla
g to opt-in early. For more information, see
 https://reactrouter.com/v6/upgrading/future
#v7_starttransition.
?좑툘 React Router Future Flag Warning: Relati
ve route resolution within Splat routes is c
hanging in v7. You can use the `v7_relativeS
platPath` future flag to opt-in early. For m
ore information, see https://reactrouter.com
/v6/upgrading/future#v7_relativesplatpath.

 [32m??[39m src/test/category.new-year-routing.test.tsx[2m > [22mCategoryPage new-year 7-tile routing[2m > [22mrenders seven distinct /service entry links instead of routing back to lifetime tab[33m 632[2mms[22m[39m
 [32m??[39m src/test/chatSessionToolbar.profile-filter.test.tsx[2m > [22mChatSessionToolbar profile filtering[2m > [22mshows only sessions for the active owner+profile[33m 359[2mms[22m[39m
 [32m??[39m src/test/chatSessionToolbar.profile-filter.test.tsx[2m > [22mChatSessionToolbar profile filtering[2m > [22mhides session options when no active profile is set[32m 53[2mms[22m[39m
[90mstderr[2m | src/test/palmistry.page.fu
nnel.test.tsx[2m > [22m[2mPalmistryPage m
ain funnel[2m > [22m[2mmoves through uplo
ad -> thickness -> nail -> analyzing -> resu
lt and sends auxiliary payload
[22m[39m?좑툘 React Router Future Flag Warni
ng: React Router will begin wrapping state u
pdates in `React.startTransition` in v7. You
 can use the `v7_startTransition` future fla
g to opt-in early. For more information, see
 https://reactrouter.com/v6/upgrading/future
#v7_starttransition.
?좑툘 React Router Future Flag Warning: Relati
ve route resolution within Splat routes is c
hanging in v7. You can use the `v7_relativeS
platPath` future flag to opt-in early. For m
ore information, see https://reactrouter.com
/v6/upgrading/future#v7_relativesplatpath.

 [32m??[39m src/test/palmistry.page.funnel.test.tsx[2m > [22mPalmistryPage main funnel[2m > [22mmoves through upload -> thickness -> nail -> analyzing -> result and sends auxiliary payload[32m 174[2mms[22m[39m
 [32m??[39m src/test/palmistry.page.funnel.test.tsx[2m > [22mPalmistryPage main funnel[2m > [22mshows overlay fallback message when overlay data is missing[32m 58[2mms[22m[39m
 [32m??[39m src/test/love.masking.test.tsx[2m > [22mLove report masking[2m > [22mkeeps verdict visible while masking detailed body[32m 117[2mms[22m[39m
 [32m??[39m src/test/love.masking.test.tsx[2m > [22mLove report masking[2m > [22mshows full section content when masking is disabled[32m 24[2mms[22m[39m
 [32m??[39m src/test/love.masking.test.tsx[2m > [22mLove report masking[2m > [22mapplies strong mask to locked chapter summaries[32m 38[2mms[22m[39m
 [32m??[39m src/test/love.masking.test.tsx[2m > [22mLove report masking[2m > [22mrenders masked free branch in future partner view[32m 133[2mms[22m[39m
 [32m??[39m src/test/love.masking.test.tsx[2m > [22mLove report masking[2m > [22mrenders masked free branch in couple view[32m 68[2mms[22m[39m
 [32m??[39m src/test/geminiClient.test.ts[2m > [22mgetSajuAnalysis[2m > [22mcalls saju-lifetime-api with manual timeout budget[32m 63[2mms[22m[39m
 [32m??[39m src/test/geminiClient.test.ts[2m > [22mgetSajuAnalysis[2m > [22mnormalizes fixed lifetime windows into dynamic 4 blocks capped at 89[32m 43[2mms[22m[39m
 [32m??[39m src/test/love.masking.test.tsx[2m > [22mLove report masking[2m > [22mrenders masked free branch in reunion view[32m 137[2mms[22m[39m
 [32m??[39m src/test/love.masking.test.tsx[2m > [22mLove report masking[2m > [22mremoves masks in unlocked branch[32m 114[2mms[22m[39m
 [32m??[39m src/test/geminiClient.test.ts[2m > [22mgetSajuAnalysis[2m > [22mparses 2026 dedicated payload shape[32m 13[2mms[22m[39m
 [32m??[39m src/test/geminiClient.test.ts[2m > [22mgetSajuAnalysis[2m > [22mparses focused 2026 study payload fields[32m 5[2mms[22m[39m
 [32m??[39m src/test/geminiClient.test.ts[2m > [22mgetSajuAnalysis[2m > [22mbuilds focused study payload from legacy focus card fallback[32m 3[2mms[22m[39m
 [32m??[39m src/test/geminiClient.test.ts[2m > [22mgetSajuAnalysis[2m > [22mparses service-specific payload for saju-career-timing[32m 4[2mms[22m[39m
 [32m??[39m src/test/geminiClient.test.ts[2m > [22mgetSajuAnalysis[2m > [22moverrides model wealth series with deterministic manseryeok series and evidence[32m 32[2mms[22m[39m
 [32m??[39m src/test/geminiClient.test.ts[2m > [22mgetSajuAnalysis[2m > [22mgenerates deterministic energy series and evidence even without model series[32m 11[2mms[22m[39m
 [32m??[39m src/test/geminiClient.test.ts[2m > [22mgetSajuAnalysis[2m > [22mparses supplement for { serviceType: 'saju-lifetime-roadmap', visualType: 'timeline', key: 'longTermFlow', value: '?κ린 ?먮쫫 異? } while preserving existing payload fields[32m 11[2mms[22m[39m
 [32m??[39m src/test/geminiClient.test.ts[2m > [22mgetSajuAnalysis[2m > [22mparses supplement for { serviceType: 'saju-daeun-shift', visualType: 'before-after', key: 'transitionSignal', value: '?꾪솚 媛먯? 異? } while preserving existing payload fields[32m 4[2mms[22m[39m
 [32m??[39m src/test/geminiClient.test.ts[2m > [22mgetSajuAnalysis[2m > [22mparses supplement for { serviceType: 'saju-career-timing', visualType: 'decision-matrix', key: 'careerWindow', value: '而ㅻ━???먮떒 異? } while preserving existing payload fields[32m 3[2mms[22m[39m
 [32m??[39m src/test/geminiClient.test.ts[2m > [22mgetSajuAnalysis[2m > [22mparses supplement for { serviceType: 'saju-wealth-flow', visualType: 'flow-radar', key: 'cashflowMap', value: '?щЪ ?댁쁺 異? } while preserving existing payload fields[32m 3[2mms[22m[39m
 [32m??[39m src/test/geminiClient.test.ts[2m > [22mgetSajuAnalysis[2m > [22mparses supplement for { serviceType: 'saju-helper-network', visualType: 'network-map', key: 'helperMap', value: '愿怨??댁쁺 異? } while preserving existing payload fields[32m 5[2mms[22m[39m
 [32m??[39m src/test/geminiClient.test.ts[2m > [22mgetSajuAnalysis[2m > [22mparses supplement for { serviceType: 'saju-energy-balance', visualType: 'energy-wave', key: 'energyCurve', value: '?먮꼫吏 ?댁쁺 異? } while preserving existing payload fields[32m 5[2mms[22m[39m
 [32m??[39m src/test/geminiClient.test.ts[2m > [22mgetSajuAnalysis[2m > [22mparses supplement for { serviceType: 'saju-yearly-action-calendar', visualType: 'calendar-map', key: 'quarterThemes', value: [ '遺꾧린 ?뚮쭏' ] } while preserving existing payload fields[32m 15[2mms[22m[39m
 [32m??[39m src/test/geminiClient.test.ts[2m > [22mgetSajuAnalysis[2m > [22mbuilds supplement fallback when model omits supplement: { serviceType: 'saju-lifetime-roadmap', visualType: 'timeline', key: 'longTermFlow', value: '?κ린 ?먮쫫 異? }[32m 9[2mms[22m[39m
 [32m??[39m src/test/geminiClient.test.ts[2m > [22mgetSajuAnalysis[2m > [22mbuilds supplement fallback when model omits supplement: { serviceType: 'saju-daeun-shift', visualType: 'before-after', key: 'transitionSignal', value: '?꾪솚 媛먯? 異? }[32m 17[2mms[22m[39m
 [32m??[39m src/test/geminiClient.test.ts[2m > [22mgetSajuAnalysis[2m > [22mbuilds supplement fallback when model omits supplement: { serviceType: 'saju-career-timing', visualType: 'decision-matrix', key: 'careerWindow', value: '而ㅻ━???먮떒 異? }[32m 16[2mms[22m[39m
 [32m??[39m src/test/geminiClient.test.ts[2m > [22mgetSajuAnalysis[2m > [22mbuilds supplement fallback when model omits supplement: { serviceType: 'saju-wealth-flow', visualType: 'flow-radar', key: 'cashflowMap', value: '?щЪ ?댁쁺 異? }[32m 4[2mms[22m[39m
 [32m??[39m src/test/geminiClient.test.ts[2m > [22mgetSajuAnalysis[2m > [22mbuilds supplement fallback when model omits supplement: { serviceType: 'saju-helper-network', visualType: 'network-map', key: 'helperMap', value: '愿怨??댁쁺 異? }[32m 3[2mms[22m[39m
 [32m??[39m src/test/geminiClient.test.ts[2m > [22mgetSajuAnalysis[2m > [22mbuilds supplement fallback when model omits supplement: { serviceType: 'saju-energy-balance', visualType: 'energy-wave', key: 'energyCurve', value: '?먮꼫吏 ?댁쁺 異? }[32m 4[2mms[22m[39m
 [32m??[39m src/test/geminiClient.test.ts[2m > [22mgetSajuAnalysis[2m > [22mbuilds supplement fallback when model omits supplement: { serviceType: 'saju-yearly-action-calendar', visualType: 'calendar-map', key: 'quarterThemes', value: [ '遺꾧린 ?뚮쭏' ] }[32m 3[2mms[22m[39m
 [32m??[39m src/test/geminiClient.test.ts[2m > [22mgetSajuAnalysis[2m > [22mfilters ownership-violating supplement text for career timing[32m 3[2mms[22m[39m
 [32m??[39m src/test/geminiClient.test.ts[2m > [22mgetSajuAnalysis[2m > [22mnormalizes lifetime analysisBlocks to rich cards with at least 2 opportunities/risks/actions[32m 8[2mms[22m[39m
 [32m??[39m src/test/geminiClient.test.ts[2m > [22mgetSajuAnalysis[2m > [22mseparates career decideNow and deferNow buckets after normalization[32m 4[2mms[22m[39m
 [32m??[39m src/test/geminiClient.test.ts[2m > [22mgetSajuAnalysis[2m > [22mexpands yearly calendar arrays to fixed 4/12 lengths[32m 4[2mms[22m[39m
 [32m??[39m src/test/saju.syntax-smoke.test.ts[2m > [22msaju source syntax[2m > [22mparses without TypeScript syntax errors: src/types/result.ts[32m 84[2mms[22m[39m
 [32m??[39m src/test/saju.syntax-smoke.test.ts[2m > [22msaju source syntax[2m > [22mparses without TypeScript syntax errors: src/lib/reportRenderers.ts[32m 21[2mms[22m[39m
 [32m??[39m src/test/saju.syntax-smoke.test.ts[2m > [22msaju source syntax[2m > [22mparses without TypeScript syntax errors: src/components/saju/SajuActionCards.tsx[32m 18[2mms[22m[39m
 [32m??[39m src/test/saju.syntax-smoke.test.ts[2m > [22msaju source syntax[2m > [22mparses without TypeScript syntax errors: src/components/saju/SajuCollectionTabs.tsx[32m 51[2mms[22m[39m
 [32m??[39m src/test/saju.syntax-smoke.test.ts[2m > [22msaju source syntax[2m > [22mparses without TypeScript syntax errors: src/components/saju/SajuHelperMap.tsx[32m 23[2mms[22m[39m
 [32m??[39m src/test/saju.syntax-smoke.test.ts[2m > [22msaju source syntax[2m > [22mparses without TypeScript syntax errors: src/components/saju/SajuTrendChart.tsx[32m 45[2mms[22m[39m
 [32m??[39m src/test/saju.syntax-smoke.test.ts[2m > [22msaju source syntax[2m > [22mparses without TypeScript syntax errors: src/pages/ResultPage.tsx[32m 17[2mms[22m[39m
 [32m??[39m src/test/suggestionChips.quota.test.tsx[2m > [22mSuggestionChips quota charge[2m > [22mdeducts one question when a suggestion chip is clicked[32m 256[2mms[22m[39m
 [32m??[39m src/test/suggestionChips.quota.test.tsx[2m > [22mSuggestionChips quota charge[2m > [22mdoes not send suggestion when no question quota remains[32m 48[2mms[22m[39m
[90mstderr[2m | src/test/astrology.page.te
st.tsx[2m > [22m[2mAstrologyReportView[2
m > [22m[2mrenders actionable sections in 
required order
[22m[39m?좑툘 React Router Future Flag Warni
ng: React Router will begin wrapping state u
pdates in `React.startTransition` in v7. You
 can use the `v7_startTransition` future fla
g to opt-in early. For more information, see
 https://reactrouter.com/v6/upgrading/future
#v7_starttransition.
?좑툘 React Router Future Flag Warning: Relati
ve route resolution within Splat routes is c
hanging in v7. You can use the `v7_relativeS
platPath` future flag to opt-in early. For m
ore information, see https://reactrouter.com
/v6/upgrading/future#v7_relativesplatpath.
The width(0) and height(0) of chart should b
e greater than 0,
       please check the style of container, 
or the props width(100%) and height(100%),
       or add a minWidth(0) or minHeight(und
efined) or use aspect(undefined) to control 
the
       height and width.

[90mstderr[2m | src/test/astrology.page.te
st.tsx[2m > [22m[2mAstrologyReportView[2
m > [22m[2mkeeps detailed data collapsed b
y default
[22m[39mThe width(0) and height(0) of char
t should be greater than 0,
       please check the style of container, 
or the props width(100%) and height(100%),
       or add a minWidth(0) or minHeight(und
efined) or use aspect(undefined) to control 
the
       height and width.
The width(0) and height(0) of chart should b
e greater than 0,
       please check the style of container, 
or the props width(100%) and height(100%),
       or add a minWidth(0) or minHeight(und
efined) or use aspect(undefined) to control 
the
       height and width.

 [32m??[39m src/test/astrology.page.test.tsx[2m > [22mAstrologyReportView[2m > [22mrenders actionable sections in required order[32m 245[2mms[22m[39m
[90mstderr[2m | src/test/astrology.page.te
st.tsx[2m > [22m[2mAstrologyReportView[2
m > [22m[2mshows teaser + unlock CTA when 
exclusive insights are locked
[22m[39mThe width(0) and height(0) of char
t should be greater than 0,
       please check the style of container, 
or the props width(100%) and height(100%),
       or add a minWidth(0) or minHeight(und
efined) or use aspect(undefined) to control 
the
       height and width.

 [32m??[39m src/test/saju.collection-tabs.analysis-blocks.test.tsx[2m > [22mSajuCollectionTabs analysis block rendering[2m > [22mrenders rich analysis block sections with opportunities/risks/action strategy[32m 119[2mms[22m[39m
 [32m??[39m src/test/saju.collection-tabs.analysis-blocks.test.tsx[2m > [22mSajuCollectionTabs analysis block rendering[2m > [22mdoes not duplicate coreFlow inside opportunities list[32m 18[2mms[22m[39m
[90mstderr[2m | src/test/astrology.page.te
st.tsx[2m > [22m[2mAstrologyReportView[2
m > [22m[2mshows full exclusive content wh
en unlocked
[22m[39mThe width(0) and height(0) of char
t should be greater than 0,
       please check the style of container, 
or the props width(100%) and height(100%),
       or add a minWidth(0) or minHeight(und
efined) or use aspect(undefined) to control 
the
       height and width.

 [32m??[39m src/test/astrology.page.test.tsx[2m > [22mAstrologyReportView[2m > [22mkeeps detailed data collapsed by default[32m 111[2mms[22m[39m
 [32m??[39m src/test/astrology.page.test.tsx[2m > [22mAstrologyReportView[2m > [22mshows teaser + unlock CTA when exclusive insights are locked[32m 47[2mms[22m[39m
 [32m??[39m src/test/astrology.page.test.tsx[2m > [22mAstrologyReportView[2m > [22mshows full exclusive content when unlocked[32m 66[2mms[22m[39m
[90mstderr[2m | src/test/fortune.special-g
rid.test.tsx[2m > [22m[2mFortuneSpecialGr
id[2m > [22m[2mroutes each 2026 new-year 
tile to a distinct service entry screen
[22m[39m?좑툘 React Router Future Flag Warni
ng: React Router will begin wrapping state u
pdates in `React.startTransition` in v7. You
 can use the `v7_startTransition` future fla
g to opt-in early. For more information, see
 https://reactrouter.com/v6/upgrading/future
#v7_starttransition.
?좑툘 React Router Future Flag Warning: Relati
ve route resolution within Splat routes is c
hanging in v7. You can use the `v7_relativeS
platPath` future flag to opt-in early. For m
ore information, see https://reactrouter.com
/v6/upgrading/future#v7_relativesplatpath.

 [32m??[39m src/test/fortune.special-grid.test.tsx[2m > [22mFortuneSpecialGrid[2m > [22mroutes each 2026 new-year tile to a distinct service entry screen[33m 342[2mms[22m[39m
[90mstderr[2m | src/test/serviceLanding.pa
lm.redirect.test.tsx[2m > [22m[2mServiceL
andingPage palm redirect[2m > [22m[2mredi
rects palm-destiny-change to canonical timin
g section
[22m[39m?좑툘 React Router Future Flag Warni
ng: React Router will begin wrapping state u
pdates in `React.startTransition` in v7. You
 can use the `v7_startTransition` future fla
g to opt-in early. For more information, see
 https://reactrouter.com/v6/upgrading/future
#v7_starttransition.
?좑툘 React Router Future Flag Warning: Relati
ve route resolution within Splat routes is c
hanging in v7. You can use the `v7_relativeS
platPath` future flag to opt-in early. For m
ore information, see https://reactrouter.com
/v6/upgrading/future#v7_relativesplatpath.

 [32m??[39m src/test/serviceLanding.palm.redirect.test.tsx[2m > [22mServiceLandingPage palm redirect[2m > [22mredirects palm-destiny-change to canonical timing section[32m 153[2mms[22m[39m
 [32m??[39m src/test/serviceLanding.palm.redirect.test.tsx[2m > [22mServiceLandingPage palm redirect[2m > [22mkeeps legacy palm-history alias compatible with timing redirect[32m 29[2mms[22m[39m
[90mstderr[2m | src/test/require-auth.test
.tsx[2m > [22m[2mRequireAuth[2m > [22m
[2mredirects guest users to login
[22m[39m?좑툘 React Router Future Flag Warni
ng: React Router will begin wrapping state u
pdates in `React.startTransition` in v7. You
 can use the `v7_startTransition` future fla
g to opt-in early. For more information, see
 https://reactrouter.com/v6/upgrading/future
#v7_starttransition.
?좑툘 React Router Future Flag Warning: Relati
ve route resolution within Splat routes is c
hanging in v7. You can use the `v7_relativeS
platPath` future flag to opt-in early. For m
ore information, see https://reactrouter.com
/v6/upgrading/future#v7_relativesplatpath.

 [32m??[39m src/test/require-auth.test.tsx[2m > [22mRequireAuth[2m > [22mredirects guest users to login[32m 102[2mms[22m[39m
 [32m??[39m src/test/require-auth.test.tsx[2m > [22mRequireAuth[2m > [22mshows auth loading indicator before initialization[32m 26[2mms[22m[39m
 [32m??[39m src/test/require-auth.test.tsx[2m > [22mRequireAuth[2m > [22mrenders protected content for authenticated users[32m 23[2mms[22m[39m
 [32m??[39m src/test/loveReportStore.test.ts[2m > [22mloveReportStore[2m > [22mcreates report and persists local cache/index[32m 13[2mms[22m[39m
 [32m??[39m src/test/loveReportStore.test.ts[2m > [22mloveReportStore[2m > [22mfails fast when create request does not resolve[32m 9[2mms[22m[39m
 [32m??[39m src/test/love.locked-chapter.test.tsx[2m > [22mLockedChapterCard[2m > [22mrenders chapter title and benefit in default mode[32m 77[2mms[22m[39m
 [32m??[39m src/test/useLoveReportActions.test.tsx[2m > [22museLoveReportActions[2m > [22mpreserves locked state returned by createLoveReport[32m 37[2mms[22m[39m
 [32m??[39m src/test/useChatStore.test.ts[2m > [22museChatStore[2m > [22minitializes with empty state[32m 7[2mms[22m[39m
 [32m??[39m src/test/useChatStore.test.ts[2m > [22museChatStore[2m > [22mcreates a profile-bound session when saju context is set[32m 4[2mms[22m[39m
 [32m??[39m src/test/useChatStore.test.ts[2m > [22museChatStore[2m > [22mfails to send message when sajuContext is missing[32m 1[2mms[22m[39m
 [32m??[39m src/test/useChatStore.test.ts[2m > [22museChatStore[2m > [22mstores user and assistant messages in current session on success[32m 3[2mms[22m[39m
 [32m??[39m src/test/useChatStore.test.ts[2m > [22museChatStore[2m > [22mkeeps user message and clears loading when send fails[32m 2[2mms[22m[39m
 [32m??[39m src/test/useChatStore.test.ts[2m > [22museChatStore[2m > [22msupports new session, switch, and delete flow[32m 4[2mms[22m[39m
 [32m??[39m src/test/useChatStore.test.ts[2m > [22museChatStore[2m > [22mpersists session metadata to localStorage[32m 1[2mms[22m[39m
 [32m??[39m src/test/serviceCatalog.test.ts[2m > [22mserviceCatalog[2m > [22mreturns 7 lifetime services in fixed priority order[32m 9[2mms[22m[39m
 [32m??[39m src/test/serviceCatalog.test.ts[2m > [22mserviceCatalog[2m > [22mkeeps landing data aligned with lifetime service card IDs[32m 4[2mms[22m[39m
 [32m??[39m src/test/serviceCatalog.test.ts[2m > [22mserviceCatalog[2m > [22massigns dedicated analysisServiceId per lifetime service[32m 2[2mms[22m[39m
 [32m??[39m src/test/serviceCatalog.test.ts[2m > [22mserviceCatalog[2m > [22mresolves legacy service aliases to canonical IDs[32m 1[2mms[22m[39m
 [32m??[39m src/test/serviceCatalog.test.ts[2m > [22mserviceCatalog[2m > [22mreturns top 3 fallback services from the same category[32m 1[2mms[22m[39m
 [32m??[39m src/test/serviceCatalog.test.ts[2m > [22mserviceCatalog[2m > [22mkeeps only 3 visible astrology services and preserves stable routes[32m 1[2mms[22m[39m
 [32m??[39m src/test/serviceCatalog.test.ts[2m > [22mserviceCatalog[2m > [22mkeeps palm service IDs while routing to canonical main sections[32m 1[2mms[22m[39m
 [32m??[39m src/test/serviceCatalog.test.ts[2m > [22mserviceCatalog[2m > [22mkeeps 2026 tile analysis services disjoint from lifetime services[32m 4[2mms[22m[39m
 [32m??[39m src/test/serviceCatalog.test.ts[2m > [22mserviceCatalog[2m > [22mkeeps yearly-outlook landing resolvable for legacy links[32m 1[2mms[22m[39m
 [32m??[39m src/test/serviceCatalog.test.ts[2m > [22mserviceCatalog filtering[2m > [22mfilters out items with hideFromGrid: true from category cards[32m 1[2mms[22m[39m
 [32m??[39m src/test/serviceCatalog.test.ts[2m > [22mserviceCatalog filtering[2m > [22mstill allows resolving hidden services by ID for landing data[32m 0[2mms[22m[39m
 [32m??[39m src/test/loveFeatureEngine.test.ts[2m > [22mloveFeatureEngine[2m > [22mextracts love feature set with spouse star and timing confidence[32m 15[2mms[22m[39m
 [32m??[39m src/test/loveFeatureEngine.test.ts[2m > [22mloveFeatureEngine[2m > [22mbuilds bounded 6-axis score set[32m 2[2mms[22m[39m
 [32m??[39m src/test/loveFeatureEngine.test.ts[2m > [22mloveFeatureEngine[2m > [22mapplies context bonus correctly for couple-report[32m 1[2mms[22m[39m
 [32m??[39m src/test/useChatStore.profile-key-v2.test.ts[2m > [22museChatStore profileKey v2[2m > [22mseparates sessions by owner key even with same profile[32m 9[2mms[22m[39m
 [32m??[39m src/test/useChatStore.profile-key-v2.test.ts[2m > [22museChatStore profileKey v2[2m > [22mseparates sessions by calendarType[32m 1[2mms[22m[39m
 [32m??[39m src/test/useChatStore.profile-key-v2.test.ts[2m > [22museChatStore profileKey v2[2m > [22mseparates sessions when timeBlock changes without hour/minute[32m 2[2mms[22m[39m
 [32m??[39m src/test/useChatStore.profile-key-v2.test.ts[2m > [22museChatStore profileKey v2[2m > [22mblocks switching to a session from another active profile[32m 1[2mms[22m[39m
 [32m??[39m src/test/useChatStore.profile-key-v2.test.ts[2m > [22museChatStore profileKey v2[2m > [22mblocks deleting a session from another active profile[32m 1[2mms[22m[39m
 [32m??[39m src/test/usePaymentStore.test.ts[2m > [22musePaymentStore[2m > [22misolates remaining questions per owner+profile scope[32m 6[2mms[22m[39m
 [32m??[39m src/test/usePaymentStore.test.ts[2m > [22musePaymentStore[2m > [22madds 10 more questions when paid pack is purchased[32m 1[2mms[22m[39m
 [32m??[39m src/test/usePaymentStore.test.ts[2m > [22musePaymentStore[2m > [22mrestores access with 10 remaining questions after free quota is exhausted[32m 1[2mms[22m[39m
 [32m??[39m src/test/astrologyReport.normalize.test.ts[2m > [22mnormalizeAstrologyBirthReport[2m > [22mcreates v2 exclusiveInsights fallback from v1 payload[32m 13[2mms[22m[39m
 [32m??[39m src/test/astrologyReport.normalize.test.ts[2m > [22mnormalizeAstrologyBirthReport[2m > [22mdoes not include broken mojibake patterns in exclusive fallback strings[32m 2[2mms[22m[39m
 [32m??[39m src/test/secureResultsOwner.test.ts[2m > [22msecureResultsOwner[2m > [22mextracts bearer tokens without preserving the prefix[32m 3[2mms[22m[39m
 [32m??[39m src/test/secureResultsOwner.test.ts[2m > [22msecureResultsOwner[2m > [22mextracts sub claim only when the jwt payload contains it[32m 2[2mms[22m[39m
 [32m??[39m src/test/secureResultsOwner.test.ts[2m > [22msecureResultsOwner[2m > [22mkeeps guest ownership when there is no resolved user[32m 2[2mms[22m[39m
 [32m??[39m src/test/secureResultsOwner.test.ts[2m > [22msecureResultsOwner[2m > [22muses user ownership over guest ownership when a user exists[32m 1[2mms[22m[39m
 [32m??[39m src/test/secureResultsOwner.test.ts[2m > [22msecureResultsOwner[2m > [22mdoes not forward authorization headers to the admin client[32m 1[2mms[22m[39m
 [32m??[39m src/test/sajuPromptTemplates.test.ts[2m > [22mgetSajuReportStrategy[2m > [22madds demerit guard rules and analysisBlocks requirements for lifetime roadmap[32m 3[2mms[22m[39m
 [32m??[39m src/test/sajuPromptTemplates.test.ts[2m > [22mgetSajuReportStrategy[2m > [22mreturns dedicated 2026 strategy schemas and focused constraints[32m 1[2mms[22m[39m
 [32m??[39m src/test/sajuPromptTemplates.test.ts[2m > [22mgetSajuReportStrategy[2m > [22mdefines differentiated fields and hardening rules per lifetime service[32m 1[2mms[22m[39m
 [32m??[39m src/test/example.test.ts[2m > [22mexample[2m > [22mshould pass[32m 2[2mms[22m[39m
 [32m??[39m src/lib/__tests__/region.test.ts[2m > [22mRegion Logic[2m > [22mshould resolve correct longitudes for separated regions[32m 4[2mms[22m[39m
 [32m??[39m src/lib/__tests__/region.test.ts[2m > [22mRegion Logic[2m > [22mshould normalize separated region names to correct Sido[32m 1[2mms[22m[39m
 [32m??[39m src/lib/__tests__/region.test.ts[2m > [22mRegion Logic[2m > [22mshould still handle legacy grouped names for backward compatibility[32m 1[2mms[22m[39m

[31m??렞??렞??렞[39m[1m[41m Failed Suites 2
0 [49m[22m[31m??렞??렞??렞[39m

[41m[1m FAIL [22m[49m src/test/astrology
Client.calendar.test.ts[2m [ src/test/astro
logyClient.calendar.test.ts ][22m
[31m[1mError[22m:   x Unterminated string
 constant
    ,-[C:/Users/dbcdk/Desktop/?ъ＜?ъ씠?몄갹??src
/test/astrologyClient.calendar.test.ts:46:1]
 43 |   avoidList: ["d1", "d2", "d3"],
 44 |   expertNotes: [{ label: "Mercury Rx",
 plainMeaning: "verify schedule", sourceType
: "transit" }],
 45 |   userContext: {
 46 |     sunSign: "?占쎌옄占?,
    :              ^^^^^^^^
 47 |     moonSign: "臾쇰퀝?占쎈━",
 48 |     risingSign: "?占쎌옄?占쎈━",
 48 |     dominantElement: "占?Fire)",
    `----
  x Expected ',', got 'moonSign'
    ,-[C:/Users/dbcdk/Desktop/?ъ＜?ъ씠?몄갹??src
/test/astrologyClient.calendar.test.ts:47:1]
 44 |   expertNotes: [{ label: "Mercury Rx",
 plainMeaning: "verify schedule", sourceType
: "transit" }],
 45 |   userContext: {
 46 |     sunSign: "?占쎌옄占?,
 47 |     moonSign: "臾쇰퀝?占쎈━",
    :     ^^^^^^^^
 48 |     risingSign: "?占쎌옄?占쎈━",
 49 |     dominantElement: "占?Fire)",
 49 |     dominantQuality: "?占쎈룞(Cardinal)",
    `----


Caused by:
    Syntax Error[39m
  Plugin: [35mvite:react-swc[39m
  File: [36mC:/Users/dbcdk/Desktop/?ъ＜?ъ씠?몄
갹??src/test/astrologyClient.calendar.test.ts
[39m
[31m[2m??렞??렞??렞??렞??렞??렞??렞??렞??렞??렞??렞??
1/33]??[22m[39m

[41m[1m FAIL [22m[49m src/test/auth.onbo
arding-routing.test.tsx[2m [ src/test/auth.
onboarding-routing.test.tsx ][22m
[31m[1mError[22m:   x Expected ',', got '
user'
    ,-[C:/Users/dbcdk/Desktop/?ъ＜?ъ씠?몄갹??src
/test/auth.onboarding-routing.test.tsx:96:1]
 93 |       </MemoryRouter>,
 94 |     );
 95 | 
 96 |     fireEvent.change(screen.getByLabel
Text("?占쎈찓??), { target: { value: "user@exam
ple.com" } });
    :                                       
                                   ^^^^
 97 |     fireEvent.change(screen.getByLabel
Text("鍮꾬옙?踰덊샇"), { target: { value: "passwor
d123!" } });
 98 |     fireEvent.click(screen.getByRole("
button", { name: "?占쎌썝媛???占쎌옉?占쎄린" }));
 98 | 
    `----


Caused by:
    Syntax Error[39m
  Plugin: [35mvite:react-swc[39m
  File: [36mC:/Users/dbcdk/Desktop/?ъ＜?ъ씠?몄
갹??src/test/auth.onboarding-routing.test.tsx
[39m
[31m[2m??렞??렞??렞??렞??렞??렞??렞??렞??렞??렞??렞??
2/33]??[22m[39m

[41m[1m FAIL [22m[49m src/test/chatProfi
leKey.test.ts[2m [ src/test/chatProfileKey.
test.ts ][22m
[31m[1mError[22m:   x Expression expected
   ,-[C:/Users/dbcdk/Desktop/?ъ＜?ъ씠?몄갹??src/
test/chatProfileKey.test.ts:7:1]
 4 | 
 5 | const BASE_CONTEXT: SajuChatContext = {
 6 |   palja: {
 7 |     year: { gan: "占?, ji: "??, ohengGan
: "占?, ohengJi: "?? },
   :                              ^
 8 |     month: { gan: "??, ji: "占?, ohengGa
n: "占?, ohengJi: "?? },
 9 |     day: { gan: "占?, ji: "??, ohengGan:
 "??, ohengJi: "占? },
 9 |     time: { gan: "??, ji: "占?, ohengGan
: "??, ohengJi: "占? },
   `----


Caused by:
    Syntax Error[39m
  Plugin: [35mvite:react-swc[39m
  File: [36mC:/Users/dbcdk/Desktop/?ъ＜?ъ씠?몄
갹??src/test/chatProfileKey.test.ts[39m
[31m[2m??렞??렞??렞??렞??렞??렞??렞??렞??렞??렞??렞??
3/33]??[22m[39m

[41m[1m FAIL [22m[49m src/test/daily.ast
rology.auto-sign.test.tsx[2m [ src/test/dai
ly.astrology.auto-sign.test.tsx ][22m
[31m[1mSyntaxError[22m: Invalid regular e
xpression: /?占쎈줈???占쎌씪 湲곕컲 ?占쎈룞 ?占쏀깮/i: Noth
ing to repeat[39m
[90m [2m??[22m literalRegExp ../%EC%82%AC%
EC%A3%BC%EC%82%AC%EC%9D%B4%ED%8A%B8%EC%B0%BD
%EC%9E%AC/node_modules/rollup/dist/es/shared
/parseAst.js:[2m1705:20[22m[39m
[90m [2m??[22m convertNode ../%EC%82%AC%EC
%A3%BC%EC%82%AC%EC%9D%B4%ED%8A%B8%EC%B0%BD%E
C%9E%AC/node_modules/rollup/dist/es/shared/p
arseAst.js:[2m2033:12[22m[39m
[90m [2m??[22m convertNodeList ../%EC%82%A
C%EC%A3%BC%EC%82%AC%EC%9D%B4%ED%8A%B8%EC%B0%
BD%EC%9E%AC/node_modules/rollup/dist/es/shar
ed/parseAst.js:[2m2042:34[22m[39m
[90m [2m??[22m callExpression ../%EC%82%AC
%EC%A3%BC%EC%82%AC%EC%9D%B4%ED%8A%B8%EC%B0%B
D%EC%9E%AC/node_modules/rollup/dist/es/share
d/parseAst.js:[2m1204:24[22m[39m
[90m [2m??[22m convertNode ../%EC%82%AC%EC
%A3%BC%EC%82%AC%EC%9D%B4%ED%8A%B8%EC%B0%BD%E
C%9E%AC/node_modules/rollup/dist/es/shared/p
arseAst.js:[2m2033:12[22m[39m
[90m [2m??[22m awaitExpression ../%EC%82%A
C%EC%A3%BC%EC%82%AC%EC%9D%B4%ED%8A%B8%EC%B0%
BD%EC%9E%AC/node_modules/rollup/dist/es/shar
ed/parseAst.js:[2m1164:23[22m[39m
[90m [2m??[22m convertNode ../%EC%82%AC%EC
%A3%BC%EC%82%AC%EC%9D%B4%ED%8A%B8%EC%B0%BD%E
C%9E%AC/node_modules/rollup/dist/es/shared/p
arseAst.js:[2m2033:12[22m[39m
[90m [2m??[22m expressionStatement ../%EC%
82%AC%EC%A3%BC%EC%82%AC%EC%9D%B4%ED%8A%B8%EC
%B0%BD%EC%9E%AC/node_modules/rollup/dist/es/
shared/parseAst.js:[2m1366:25[22m[39m
[90m [2m??[22m convertNode ../%EC%82%AC%EC
%A3%BC%EC%82%AC%EC%9D%B4%ED%8A%B8%EC%B0%BD%E
C%9E%AC/node_modules/rollup/dist/es/shared/p
arseAst.js:[2m2033:12[22m[39m

[31m[2m??렞??렞??렞??렞??렞??렞??렞??렞??렞??렞??렞??
4/33]??[22m[39m

[41m[1m FAIL [22m[49m src/test/daily.ast
rology.page.test.tsx[2m [ src/test/daily.as
trology.page.test.tsx ][22m
[31m[1mError[22m:   x Unterminated string
 constant
    ,-[C:/Users/dbcdk/Desktop/?ъ＜?ъ씠?몄갹??src
/test/daily.astrology.page.test.tsx:30:1]
 27 |           "### ?占쎈뒛 ??占?寃곕줎",
 28 |           "?占쎈쫫??紐몄쓣 留↔린占? ?占쎌옉?占??占쎌쟾
?占쎄껐, 留덈Т由щ뒗 瑗쇨세?占쎄쾶.",
 29 |           "",
 30 |           "### 吏占?????1占?,
    :           ^^^^^^^^^^^^^^^^^
 31 |           "?占쎌쟾 11?占쎄퉴吏, ?占쎈뒛 泥섎━????
3媛吏 紐⑸줉占??占쎈즺 湲곤옙????占쎌꽦?占쎌꽭??",
 32 |           "",
 32 |           "### ?占쎈뒛 ?占쏀븷 ??1占?,
    `----
  x Expected ',', got 'string literal (?占쎌쟾 
11?占쎄퉴吏, ?占쎈뒛 泥섎━????3媛吏 紐⑸줉占??占쎈즺 湲곤옙???
?占쎌꽦?占쎌꽭??, "?占쎌쟾 11?占쎄퉴吏, ?占쎈뒛 泥섎━????3媛吏
 紐⑸줉占??占쎈즺 湲곤옙????占쎌꽦?占쎌꽭??")'
    ,-[C:/Users/dbcdk/Desktop/?ъ＜?ъ씠?몄갹??src
/test/daily.astrology.page.test.tsx:31:1]
 28 |           "?占쎈쫫??紐몄쓣 留↔린占? ?占쎌옉?占??占쎌쟾
?占쎄껐, 留덈Т由щ뒗 瑗쇨세?占쎄쾶.",
 29 |           "",
 30 |           "### 吏占?????1占?,
 31 |           "?占쎌쟾 11?占쎄퉴吏, ?占쎈뒛 泥섎━????
3媛吏 紐⑸줉占??占쎈즺 湲곤옙????占쎌꽦?占쎌꽭??",
    :           ^^^^^^^^^^^^^^^^^^^^^^^^^^^^
^^^^^^^^^^^^^^^^^^^^^^^^^^^^^^^^^^^
 32 |           "",
 33 |           "### ?占쎈뒛 ?占쏀븷 ??1占?,
 33 |           "媛먯젙 諛섏쓳 利됱떆 硫붿떆吏 ?占쎌넚???占쏀
븯占??占쎌떎 ?占쎌씤 吏덈Ц??癒쇽옙? ?占쎌꽭??",
    `----


Caused by:
    Syntax Error[39m
  Plugin: [35mvite:react-swc[39m
  File: [36mC:/Users/dbcdk/Desktop/?ъ＜?ъ씠?몄
갹??src/test/daily.astrology.page.test.tsx[3
9m
[31m[2m??렞??렞??렞??렞??렞??렞??렞??렞??렞??렞??렞??
5/33]??[22m[39m

[41m[1m FAIL [22m[49m src/test/fortune.q
uick.page.test.tsx[2m [ src/test/fortune.qu
ick.page.test.tsx ][22m
[31m[1mError[22m:   x Unterminated string
 constant
    ,-[C:/Users/dbcdk/Desktop/?ъ＜?ъ씠?몄갹??src
/test/fortune.quick.page.test.tsx:34:1]
 31 |       summary: "蹂꾩옄占??占쎌빟",
 32 |       details: "蹂꾩옄占??占쏙옙? ?占쎈챸",
 33 |       luckyColor: "珥덈줉",
 34 |       luckyItem: "??,
    :                  ^^^^
 35 |       sourceKind: "starSign",
 36 |     });
 36 | 
    `----
  x Expected ',', got 'sourceKind'
    ,-[C:/Users/dbcdk/Desktop/?ъ＜?ъ씠?몄갹??src
/test/fortune.quick.page.test.tsx:35:1]
 32 |       details: "蹂꾩옄占??占쏙옙? ?占쎈챸",
 33 |       luckyColor: "珥덈줉",
 34 |       luckyItem: "??,
 35 |       sourceKind: "starSign",
    :       ^^^^^^^^^^
 36 |     });
 37 | 
 37 |     render(
    `----


Caused by:
    Syntax Error[39m
  Plugin: [35mvite:react-swc[39m
  File: [36mC:/Users/dbcdk/Desktop/?ъ＜?ъ씠?몄
갹??src/test/fortune.quick.page.test.tsx[39m
[31m[2m??렞??렞??렞??렞??렞??렞??렞??렞??렞??렞??렞??
6/33]??[22m[39m

[41m[1m FAIL [22m[49m src/test/geminiCli
ent.chat.test.ts[2m [ src/test/geminiClient
.chat.test.ts ][22m
[31m[1mError[22m:   x Unexpected characte
r '占?
    ,-[C:/Users/dbcdk/Desktop/?ъ＜?ъ씠?몄갹??src
/test/geminiClient.chat.test.ts:22:1]
 19 |   conversationHistory: [],
 20 |   sajuContext: {
 21 |     palja: {
 22 |       year: { gan: "占?, ji: "占?, oheng
Gan: "占?, ohengJi: "?? },
    :                              ^
 23 |       month: { gan: "占?, ji: "??, ohen
gGan: "??, ohengJi: "?? },
 24 |       day: { gan: "占?, ji: "??, ohengG
an: "占?, ohengJi: "占? },
 24 |       time: { gan: "占?, ji: "占?, oheng
Gan: "占?, ohengJi: "占? },
    `----
  x Expected ',', got '<lexing error: Error 
{ error: (524..524, UnexpectedChar { c: '占? 
}) }>'
    ,-[C:/Users/dbcdk/Desktop/?ъ＜?ъ씠?몄갹??src
/test/geminiClient.chat.test.ts:22:1]
 19 |   conversationHistory: [],
 20 |   sajuContext: {
 21 |     palja: {
 22 |       year: { gan: "占?, ji: "占?, oheng
Gan: "占?, ohengJi: "?? },
    :                              ^
 23 |       month: { gan: "占?, ji: "??, ohen
gGan: "??, ohengJi: "?? },
 24 |       day: { gan: "占?, ji: "??, ohengG
an: "占?, ohengJi: "占? },
 24 |       time: { gan: "占?, ji: "占?, oheng
Gan: "占?, ohengJi: "占? },
    `----


Caused by:
    Syntax Error[39m
  Plugin: [35mvite:react-swc[39m
  File: [36mC:/Users/dbcdk/Desktop/?ъ＜?ъ씠?몄
갹??src/test/geminiClient.chat.test.ts[39m
[31m[2m??렞??렞??렞??렞??렞??렞??렞??렞??렞??렞??렞??
7/33]??[22m[39m

[41m[1m FAIL [22m[49m src/test/love.inpu
t-stepper.test.tsx[2m [ src/test/love.input
-stepper.test.tsx ][22m
[31m[1mError[22m:   x Unterminated string
 constant
    ,-[C:/Users/dbcdk/Desktop/?ъ＜?ъ씠?몄갹??src
/test/love.input-stepper.test.tsx:34:1]
 31 |   it("shows detail question after sele
cting scenario in step 1", () => {
 32 |     render(<LoveInputStepper serviceTy
pe="future-partner" onSubmit={vi.fn()} />);
 33 | 
 34 |     fireEvent.click(screen.getByRole("
button", { name: "?占쎈줈 ?占쎈옒?? }));
    :                                       
                 ^^^^^^^^^^^^^^^^^
 35 | 
 36 |     expect(screen.getByText("?占쏀븯??愿占
??占쏙옙??占쏙옙? 臾댁뾿?占쏙옙???")).toBeInTheDocument(
);
 36 |   });
    `----
  x Expected ',', got 'expect'
    ,-[C:/Users/dbcdk/Desktop/?ъ＜?ъ씠?몄갹??src
/test/love.input-stepper.test.tsx:36:1]
 33 | 
 34 |     fireEvent.click(screen.getByRole("
button", { name: "?占쎈줈 ?占쎈옒?? }));
 35 | 
 36 |     expect(screen.getByText("?占쏀븯??愿占
??占쏙옙??占쏙옙? 臾댁뾿?占쏙옙???")).toBeInTheDocument(
);
    :     ^^^^^^
 37 |   });
 38 | 
 38 |   it("shows breakup branch questions f
or crush-reunion", () => {
    `----


Caused by:
    Syntax Error[39m
  Plugin: [35mvite:react-swc[39m
  File: [36mC:/Users/dbcdk/Desktop/?ъ＜?ъ씠?몄
갹??src/test/love.input-stepper.test.tsx[39m
[31m[2m??렞??렞??렞??렞??렞??렞??렞??렞??렞??렞??렞??
8/33]??[22m[39m

[41m[1m FAIL [22m[49m src/test/love.matc
h-score-panel.test.tsx[2m [ src/test/love.m
atch-score-panel.test.tsx ][22m
[31m[1mError[22m:   x Unterminated string
 constant
    ,-[C:/Users/dbcdk/Desktop/?ъ＜?ъ씠?몄갹??src
/test/love.match-score-panel.test.tsx:20:1]
 17 |       />,
 18 |     );
 19 | 
 20 |     expect(screen.getByText("?占쎈떞 吏꾨떒 
吏??)).toBeInTheDocument();
    :                             ^^^^^^^^^^
^^^^^^^^^^^^^^^^^^^^^^^^^^^^
 21 |     expect(screen.getByText("?占쎈┝")).t
oBeInTheDocument();
 22 |     expect(screen.getByText("媛먯젙 ?占쎈룄"
)).toBeInTheDocument();
 22 |     expect(screen.getByText("?占쏀솢 ?占쎌쓽
??)).toBeInTheDocument();
    `----
  x Expected ',', got 'expect'
    ,-[C:/Users/dbcdk/Desktop/?ъ＜?ъ씠?몄갹??src
/test/love.match-score-panel.test.tsx:21:1]
 18 |     );
 19 | 
 20 |     expect(screen.getByText("?占쎈떞 吏꾨떒 
吏??)).toBeInTheDocument();
 21 |     expect(screen.getByText("?占쎈┝")).t
oBeInTheDocument();
    :     ^^^^^^
 22 |     expect(screen.getByText("媛먯젙 ?占쎈룄"
)).toBeInTheDocument();
 23 |     expect(screen.getByText("?占쏀솢 ?占쎌쓽
??)).toBeInTheDocument();
 23 |     expect(screen.getByText("?占쎈났 ?占쎈젰
??)).toBeInTheDocument();
    `----


Caused by:
    Syntax Error[39m
  Plugin: [35mvite:react-swc[39m
  File: [36mC:/Users/dbcdk/Desktop/?ъ＜?ъ씠?몄
갹??src/test/love.match-score-panel.test.tsx
[39m
[31m[2m??렞??렞??렞??렞??렞??렞??렞??렞??렞??렞??렞??
9/33]??[22m[39m

[41m[1m FAIL [22m[49m src/test/loveRepor
tAdapters.test.ts[2m [ src/test/loveReportA
dapters.test.ts ][22m
[31m[1mError[22m:   x Unterminated string
 constant
    ,-[C:/Users/dbcdk/Desktop/?ъ＜?ъ씠?몄갹??src
/test/loveReportAdapters.test.ts:29:1]
 26 |     expect(
 27 |       inferLoveReportVersion({
 28 |         preview: {
 29 |           headline: "湲곗〈 由ы룷??,
    :                     ^^^^^^^^^^^^^
 30 |           summary: "?占쎄굅??誘몃━蹂닿린",
 31 |           serviceType: "couple-report"
,
 31 |           scoreSet: {
    `----
  x Expected ',', got 'summary'
    ,-[C:/Users/dbcdk/Desktop/?ъ＜?ъ씠?몄갹??src
/test/loveReportAdapters.test.ts:30:1]
 27 |       inferLoveReportVersion({
 28 |         preview: {
 29 |           headline: "湲곗〈 由ы룷??,
 30 |           summary: "?占쎄굅??誘몃━蹂닿린",
    :           ^^^^^^^
 31 |           serviceType: "couple-report"
,
 32 |           scoreSet: {
 32 |             overall: 70,
    `----


Caused by:
    Syntax Error[39m
  Plugin: [35mvite:react-swc[39m
  File: [36mC:/Users/dbcdk/Desktop/?ъ＜?ъ씠?몄
갹??src/test/loveReportAdapters.test.ts[39m
[31m[2m??렞??렞??렞??렞??렞??렞??렞??렞??렞??렞??렞[1
0/33]??[22m[39m

[41m[1m FAIL [22m[49m src/test/loveRepor
tV3.contract.test.ts[2m [ src/test/loveRepo
rtV3.contract.test.ts ][22m
[31m[1mError[22m:   x Unterminated string
 constant
    ,-[C:/Users/dbcdk/Desktop/?ъ＜?ъ씠?몄갹??src
/test/loveReportV3.contract.test.ts:46:1]
 43 | 
 44 |   it("returns service-specific prompt/
schema guidance rather than a single shared 
template", () => {
 45 |     const future = getLoveReportStrate
gy("future-partner");
 46 |     expect(future.systemInstruction).t
oContain("?占쎌옱 ?占쏙옙?占??占쎌젣?占쏙옙? ?占쎈뒗??);
    :                                       
         ^^^^^^^^^^^^^^^^^^^^^^^^^^^^^
 47 |     expect(future.responseSchema).toCo
ntain("\"meetingChannels\"");
 48 |     expect(future.responseSchema).toCo
ntain("\"selfCheckCriteria\"");
 48 | 
    `----
  x Expected ',', got 'expect'
    ,-[C:/Users/dbcdk/Desktop/?ъ＜?ъ씠?몄갹??src
/test/loveReportV3.contract.test.ts:47:1]
 44 |   it("returns service-specific prompt/
schema guidance rather than a single shared 
template", () => {
 45 |     const future = getLoveReportStrate
gy("future-partner");
 46 |     expect(future.systemInstruction).t
oContain("?占쎌옱 ?占쏙옙?占??占쎌젣?占쏙옙? ?占쎈뒗??);
 47 |     expect(future.responseSchema).toCo
ntain("\"meetingChannels\"");
    :     ^^^^^^
 48 |     expect(future.responseSchema).toCo
ntain("\"selfCheckCriteria\"");
 49 | 
 49 |     const couple = getLoveReportStrate
gy("couple-report");
    `----


Caused by:
    Syntax Error[39m
  Plugin: [35mvite:react-swc[39m
  File: [36mC:/Users/dbcdk/Desktop/?ъ＜?ъ씠?몄
갹??src/test/loveReportV3.contract.test.ts[3
9m
[31m[2m??렞??렞??렞??렞??렞??렞??렞??렞??렞??렞??렞[1
1/33]??[22m[39m

[41m[1m FAIL [22m[49m src/test/palmistry
Report.test.ts[2m [ src/test/palmistryRepor
t.test.ts ][22m
[31m[1mError[22m:   x Unterminated string
 constant
    ,-[C:/Users/dbcdk/Desktop/?ъ＜?ъ씠?몄갹??src
/test/palmistryReport.test.ts:11:1]
  8 | 
  9 | const sampleResult: PalmistryLikeResul
t = {
 10 |   classification: {
 11 |     palm_type: "遺꾩꽍??,
    :                ^^^^^^^^
 12 |     dominant_line: "Head",
 13 |     confidence: 0.61,
 13 |   },
    `----
  x Expected ',', got 'dominant_line'
    ,-[C:/Users/dbcdk/Desktop/?ъ＜?ъ씠?몄갹??src
/test/palmistryReport.test.ts:12:1]
  9 | const sampleResult: PalmistryLikeResul
t = {
 10 |   classification: {
 11 |     palm_type: "遺꾩꽍??,
 12 |     dominant_line: "Head",
    :     ^^^^^^^^^^^^^
 13 |     confidence: 0.61,
 14 |   },
 14 |   interpretation: "湲곕낯 ?占쎌꽍",
    `----


Caused by:
    Syntax Error[39m
  Plugin: [35mvite:react-swc[39m
  File: [36mC:/Users/dbcdk/Desktop/?ъ＜?ъ씠?몄
갹??src/test/palmistryReport.test.ts[39m
[31m[2m??렞??렞??렞??렞??렞??렞??렞??렞??렞??렞??렞[1
2/33]??[22m[39m

[41m[1m FAIL [22m[49m src/test/resultSto
re.test.ts[2m [ src/test/resultStore.test.t
s ][22m
[31m[1mError[22m:   x Expression expected
    ,-[C:/Users/dbcdk/Desktop/?ъ＜?ъ씠?몄갹??src
/test/resultStore.test.ts:38:1]
 35 |       sourceServiceId: "saju-2026-over
view",
 36 |       profileData,
 37 |       palja: {
 38 |         year: { gan: "??, ji: "??, ohe
ngGan: "占?, ohengJi: "?? },
    :                                  ^
 39 |         month: { gan: "??, ji: "??, oh
engGan: "??, ohengJi: "?? },
 40 |         day: { gan: "??, ji: "占?, ohen
gGan: "占?, ohengJi: "占? },
 40 |         time: { gan: "占?, ji: "??, ohe
ngGan: "占?, ohengJi: "占? },
    `----


Caused by:
    Syntax Error[39m
  Plugin: [35mvite:react-swc[39m
  File: [36mC:/Users/dbcdk/Desktop/?ъ＜?ъ씠?몄
갹??src/test/resultStore.test.ts[39m
[31m[2m??렞??렞??렞??렞??렞??렞??렞??렞??렞??렞??렞[1
3/33]??[22m[39m

[41m[1m FAIL [22m[49m src/test/saju.coll
ection-tabs.single-view.test.tsx[2m [ src/t
est/saju.collection-tabs.single-view.test.ts
x ][22m
[31m[1mError[22m:   x Expression expected
    ,-[C:/Users/dbcdk/Desktop/?ъ＜?ъ씠?몄갹??src
/test/saju.collection-tabs.single-view.test.
tsx:20:1]
 17 |     gender: "male",
 18 |   },
 19 |   palja: {
 20 |     year: { gan: "占?, ji: "??, ohengGa
n: "占?, ohengJi: "?? },
    :                              ^
 21 |     month: { gan: "??, ji: "??, ohengG
an: "占?, ohengJi: "占? },
 22 |     day: { gan: "占?, ji: "??, ohengGan
: "占?, ohengJi: "?? },
 22 |     time: { gan: "??, ji: "??, ohengGa
n: "占?, ohengJi: "?? },
    `----


Caused by:
    Syntax Error[39m
  Plugin: [35mvite:react-swc[39m
  File: [36mC:/Users/dbcdk/Desktop/?ъ＜?ъ씠?몄
갹??src/test/saju.collection-tabs.single-view
.test.tsx[39m
[31m[2m??렞??렞??렞??렞??렞??렞??렞??렞??렞??렞??렞[1
4/33]??[22m[39m

[41m[1m FAIL [22m[49m src/test/saju.coll
ection-tabs.supplement.test.tsx[2m [ src/te
st/saju.collection-tabs.supplement.test.tsx 
][22m
[31m[1mError[22m:   x Expression expected
    ,-[C:/Users/dbcdk/Desktop/?ъ＜?ъ씠?몄갹??src
/test/saju.collection-tabs.supplement.test.t
sx:16:1]
 13 |     gender: "male",
 14 |   },
 15 |   palja: {
 16 |     year: { gan: "占?, ji: "??, ohengGa
n: "占?, ohengJi: "?? },
    :                              ^
 17 |     month: { gan: "??, ji: "占?, ohengG
an: "占?, ohengJi: "?? },
 18 |     day: { gan: "占?, ji: "??, ohengGan
: "??, ohengJi: "占? },
 18 |     time: { gan: "??, ji: "占?, ohengGa
n: "??, ohengJi: "占? },
    `----


Caused by:
    Syntax Error[39m
  Plugin: [35mvite:react-swc[39m
  File: [36mC:/Users/dbcdk/Desktop/?ъ＜?ъ씠?몄
갹??src/test/saju.collection-tabs.supplement.
test.tsx[39m
[31m[2m??렞??렞??렞??렞??렞??렞??렞??렞??렞??렞??렞[1
5/33]??[22m[39m

[41m[1m FAIL [22m[49m src/test/sajuTrend
Chart.test.tsx[2m [ src/test/sajuTrendChart
.test.tsx ][22m
[31m[1mError[22m:   x Unexpected characte
r '占?
    ,-[C:/Users/dbcdk/Desktop/?ъ＜?ъ씠?몄갹??src
/test/sajuTrendChart.test.tsx:27:1]
 24 |       targetDate: "2026-06-15",
 25 |       targetYear: 2026,
 26 |     },
 27 |     ohengDistribution: { 占? 38, ?? 13,
 ?? 0, 占? 25, ?? 25 },
    :                          ^
 28 |     yongsin: ["??],
 29 |     seun: { year: 2026, pillar: "蹂묒삤",
 element: "?? },
 29 |     factorScores: {
    `----
  x Unexpected token `<lexing error: Error {
 error: (759..759, UnexpectedChar { c: '占? }
) }>`. Expected identifier, string literal, 
numeric literal or [ for the computed key
    ,-[C:/Users/dbcdk/Desktop/?ъ＜?ъ씠?몄갹??src
/test/sajuTrendChart.test.tsx:27:1]
 24 |       targetDate: "2026-06-15",
 25 |       targetYear: 2026,
 26 |     },
 27 |     ohengDistribution: { 占? 38, ?? 13,
 ?? 0, 占? 25, ?? 25 },
    :                          ^
 28 |     yongsin: ["??],
 29 |     seun: { year: 2026, pillar: "蹂묒삤",
 element: "?? },
 29 |     factorScores: {
    `----


Caused by:
    Syntax Error[39m
  Plugin: [35mvite:react-swc[39m
  File: [36mC:/Users/dbcdk/Desktop/?ъ＜?ъ씠?몄
갹??src/test/sajuTrendChart.test.tsx[39m
[31m[2m??렞??렞??렞??렞??렞??렞??렞??렞??렞??렞??렞[1
6/33]??[22m[39m

[41m[1m FAIL [22m[49m src/test/sajuTrend
Engine.test.ts[2m [ src/test/sajuTrendEngin
e.test.ts ][22m
[31m[1mError[22m:   x Unterminated string
 constant
   ,-[C:/Users/dbcdk/Desktop/?ъ＜?ъ씠?몄갹??src/
test/sajuTrendEngine.test.ts:5:1]
 2 | import { buildDeterministicEnergyTrend,
 buildDeterministicWealthTrend } from "@/lib
/sajuTrendEngine";
 3 | 
 4 | const sampleOheng = [
 5 |   { element: "占? as const, count: 3, pe
rcentage: 38 },
   :              ^^^^^^^^^^^^^^^^^^^^^^^^^^
^^^^^^^^^^^^^^^
 6 |   { element: "?? as const, count: 1, pe
rcentage: 13 },
 7 |   { element: "?? as const, count: 0, pe
rcentage: 0 },
 7 |   { element: "占? as const, count: 2, pe
rcentage: 25 },
   `----
  x Expected ',', got '{'
   ,-[C:/Users/dbcdk/Desktop/?ъ＜?ъ씠?몄갹??src/
test/sajuTrendEngine.test.ts:6:1]
 3 | 
 4 | const sampleOheng = [
 5 |   { element: "占? as const, count: 3, pe
rcentage: 38 },
 6 |   { element: "?? as const, count: 1, pe
rcentage: 13 },
   :   ^
 7 |   { element: "?? as const, count: 0, pe
rcentage: 0 },
 8 |   { element: "占? as const, count: 2, pe
rcentage: 25 },
 8 |   { element: "?? as const, count: 2, pe
rcentage: 25 },
   `----


Caused by:
    Syntax Error[39m
  Plugin: [35mvite:react-swc[39m
  File: [36mC:/Users/dbcdk/Desktop/?ъ＜?ъ씠?몄
갹??src/test/sajuTrendEngine.test.ts[39m
[31m[2m??렞??렞??렞??렞??렞??렞??렞??렞??렞??렞??렞[1
7/33]??[22m[39m

[41m[1m FAIL [22m[49m src/test/serviceLa
nding.saju.launch.test.tsx[2m [ src/test/se
rviceLanding.saju.launch.test.tsx ][22m
[31m[1mSyntaxError[22m: Invalid regular e
xpression: /?占쎌옉/i: Nothing to repeat[39m
[90m [2m??[22m literalRegExp ../%EC%82%AC%
EC%A3%BC%EC%82%AC%EC%9D%B4%ED%8A%B8%EC%B0%BD
%EC%9E%AC/node_modules/rollup/dist/es/shared
/parseAst.js:[2m1705:20[22m[39m
[90m [2m??[22m convertNode ../%EC%82%AC%EC
%A3%BC%EC%82%AC%EC%9D%B4%ED%8A%B8%EC%B0%BD%E
C%9E%AC/node_modules/rollup/dist/es/shared/p
arseAst.js:[2m2033:12[22m[39m
[90m [2m??[22m property ../%EC%82%AC%EC%A3
%BC%EC%82%AC%EC%9D%B4%ED%8A%B8%EC%B0%BD%EC%9
E%AC/node_modules/rollup/dist/es/shared/pars
eAst.js:[2m1812:23[22m[39m
[90m [2m??[22m convertNode ../%EC%82%AC%EC
%A3%BC%EC%82%AC%EC%9D%B4%ED%8A%B8%EC%B0%BD%E
C%9E%AC/node_modules/rollup/dist/es/shared/p
arseAst.js:[2m2033:12[22m[39m
[90m [2m??[22m convertNodeList ../%EC%82%A
C%EC%A3%BC%EC%82%AC%EC%9D%B4%ED%8A%B8%EC%B0%
BD%EC%9E%AC/node_modules/rollup/dist/es/shar
ed/parseAst.js:[2m2042:34[22m[39m
[90m [2m??[22m objectExpression ../%EC%82%
AC%EC%A3%BC%EC%82%AC%EC%9D%B4%ED%8A%B8%EC%B0
%BD%EC%9E%AC/node_modules/rollup/dist/es/sha
red/parseAst.js:[2m1779:25[22m[39m
[90m [2m??[22m convertNode ../%EC%82%AC%EC
%A3%BC%EC%82%AC%EC%9D%B4%ED%8A%B8%EC%B0%BD%E
C%9E%AC/node_modules/rollup/dist/es/shared/p
arseAst.js:[2m2033:12[22m[39m
[90m [2m??[22m convertNodeList ../%EC%82%A
C%EC%A3%BC%EC%82%AC%EC%9D%B4%ED%8A%B8%EC%B0%
BD%EC%9E%AC/node_modules/rollup/dist/es/shar
ed/parseAst.js:[2m2042:34[22m[39m
[90m [2m??[22m callExpression ../%EC%82%AC
%EC%A3%BC%EC%82%AC%EC%9D%B4%ED%8A%B8%EC%B0%B
D%EC%9E%AC/node_modules/rollup/dist/es/share
d/parseAst.js:[2m1204:24[22m[39m

[31m[2m??렞??렞??렞??렞??렞??렞??렞??렞??렞??렞??렞[1
8/33]??[22m[39m

[41m[1m FAIL [22m[49m src/test/useResult
PageFlow.single-service.test.tsx[2m [ src/t
est/useResultPageFlow.single-service.test.ts
x ][22m
[31m[1mError[22m:   x Expression expected
    ,-[C:/Users/dbcdk/Desktop/?ъ＜?ъ씠?몄갹??src
/test/useResultPageFlow.single-service.test.
tsx:41:1]
 38 |     gender: "male",
 39 |   },
 40 |   palja: {
 41 |     year: { gan: "占?, ji: "??, ohengGa
n: "占?, ohengJi: "?? },
    :                              ^
 42 |     month: { gan: "??, ji: "占?, ohengG
an: "占?, ohengJi: "?? },
 43 |     day: { gan: "占?, ji: "??, ohengGan
: "??, ohengJi: "占? },
 43 |     time: { gan: "??, ji: "占?, ohengGa
n: "??, ohengJi: "占? },
    `----


Caused by:
    Syntax Error[39m
  Plugin: [35mvite:react-swc[39m
  File: [36mC:/Users/dbcdk/Desktop/?ъ＜?ъ씠?몄
갹??src/test/useResultPageFlow.single-service
.test.tsx[39m
[31m[2m??렞??렞??렞??렞??렞??렞??렞??렞??렞??렞??렞[1
9/33]??[22m[39m

[41m[1m FAIL [22m[49m src/test/useSajuAn
alysisFlow.single-service.test.tsx[2m [ src
/test/useSajuAnalysisFlow.single-service.tes
t.tsx ][22m
[31m[1mError[22m:   x Unterminated string
 constant
    ,-[C:/Users/dbcdk/Desktop/?ъ＜?ъ씠?몄갹??src
/test/useSajuAnalysisFlow.single-service.tes
t.tsx:39:1]
 36 | import { useSajuAnalysisFlow } from "@
/hooks/saju/useSajuAnalysisFlow";
 37 | 
 38 | const BASE_BIRTH_DATA: UserBirthData =
 {
 39 |   name: "?占쎄만??,
    :         ^^^^^^^^
 40 |   calendarType: "solar",
 41 |   year: 1995,
 41 |   month: 6,
    `----
  x Expected ',', got 'calendarType'
    ,-[C:/Users/dbcdk/Desktop/?ъ＜?ъ씠?몄갹??src
/test/useSajuAnalysisFlow.single-service.tes
t.tsx:40:1]
 37 | 
 38 | const BASE_BIRTH_DATA: UserBirthData =
 {
 39 |   name: "?占쎄만??,
 40 |   calendarType: "solar",
    :   ^^^^^^^^^^^^
 41 |   year: 1995,
 42 |   month: 6,
 42 |   day: 29,
    `----


Caused by:
    Syntax Error[39m
  Plugin: [35mvite:react-swc[39m
  File: [36mC:/Users/dbcdk/Desktop/?ъ＜?ъ씠?몄
갹??src/test/useSajuAnalysisFlow.single-servi
ce.test.tsx[39m
[31m[2m??렞??렞??렞??렞??렞??렞??렞??렞??렞??렞??렞[2
0/33]??[22m[39m


[31m??렞??렞??렞[39m[1m[41m Failed Tests 13
 [49m[22m[31m??렞??렞??렞??[39m

[41m[1m FAIL [22m[49m src/test/astrology
Client.birth-report-timeout.test.ts[2m > [
22mastrologyClient birth_report action[2m >
 [22mfails fast when birth_report request d
oes not resolve
[31m[1mAssertionError[22m: expected [Func
tion] to throw error including '由ы룷???\ufffd
???吏?\ufffd??ufffd??\ufffd?? but got '由ы룷??
?앹꽦??吏?곕릺怨??덉뒿?덈떎. ?좎떆 ???ㅼ떆 ?쒕룄??二쇱꽭??'[3
9m

Expected: [32m"由ы룷[7m???占쎌꽦??吏?占쎈릺占??占쎌뒿?
占쎈떎[27m."[39m
Received: [31m"由ы룷[7m???앹꽦??吏?곕릺怨??덉뒿?덈떎.
 ?좎떆 ???ㅼ떆 ?쒕룄??二쇱꽭??[27m."[39m

[31m[2m??렞??렞??렞??렞??렞??렞??렞??렞??렞??렞??렞[2
1/33]??[22m[39m

[41m[1m FAIL [22m[49m src/test/astrology
Client.today.test.ts[2m > [22mastrologyCli
ent today action[2m > [22mthrows when all 
attempts time out
[31m[1mAssertionError[22m: expected [Func
tion] to throw error including '?\ufffd??uff
fd??\ufffd?? but got '?ㅼ떆媛??댁꽭瑜??꾩쭅 ?앹꽦?섏? 紐
삵뻽?듬땲?? ?좎떆 ???ㅼ떆 ?쒕룄??二쇱꽭??[39m

Expected: [32m"?占쎌떆占??占쎌꽭"[39m
Received: [31m"?ㅼ떆媛??댁꽭瑜??꾩쭅 ?앹꽦?섏? 紐삵뻽?듬땲?
? ?좎떆 ???ㅼ떆 ?쒕룄??二쇱꽭??"[39m

[31m[2m??렞??렞??렞??렞??렞??렞??렞??렞??렞??렞??렞[2
2/33]??[22m[39m

[41m[1m FAIL [22m[49m src/test/astrology
Client.today.test.ts[2m > [22mastrologyCli
ent today action[2m > [22mthrows when serv
er payload is empty
[31m[1mAssertionError[22m: expected [Func
tion] to throw error including '?\ufffd??uff
fd??\ufffd?? but got '?ㅼ떆媛??댁꽭瑜??꾩쭅 ?앹꽦?섏? 紐
삵뻽?듬땲?? ?좎떆 ???ㅼ떆 ?쒕룄??二쇱꽭??[39m

Expected: [32m"?占쎌떆占??占쎌꽭"[39m
Received: [31m"?ㅼ떆媛??댁꽭瑜??꾩쭅 ?앹꽦?섏? 紐삵뻽?듬땲?
? ?좎떆 ???ㅼ떆 ?쒕룄??二쇱꽭??"[39m

[36m [2m??[22m src/test/astrologyClient.to
day.test.ts:[2m75:5[22m[39m
    [90m 73| [39m    })[33m;[39m
    [90m 74| [39m
    [90m 75| [39m    await expect(getSunSi
gnHoroscope("Cancer")).rejects.toThrow("?占쎌떆
占???    [90m   | [39m    [31m^[39m
    [90m 76| [39m    [34mexpect[39m(invo
keMock)[33m.[39m[34mtoHaveBeenCalledTimes
[39m([34m1[39m)[33m;[39m
    [90m 77| [39m  })[33m;[39m

[31m[2m??렞??렞??렞??렞??렞??렞??렞??렞??렞??렞??렞[2
3/33]??[22m[39m

[41m[1m FAIL [22m[49m src/test/fortune.p
ersonal.page.test.tsx[2m > [22mFortunePers
onalPage[2m > [22mshows empty state when b
ase saju data does not exist and skips daily
 fortune call
[31m[1mTestingLibraryElementError[22m[39
m: Unable to find an element with the text: 
湲곤옙? ?占쎌＜ ?占쎌씠?占쏙옙? ?占쎌뒿?占쎈떎. This could be 
because the text is broken up by multiple el
ements. In this case, you can provide a func
tion for your text matcher to make your matc
her more flexible.

Ignored nodes: comments, script, style
[36m<body>[39m
  [36m<div>[39m
    [36m<div[39m
      [33mclass[39m=[32m"relative min-h-s
creen bg-background"[39m
    [36m>[39m
      [36m<div[39m
        [33mclass[39m=[32m"relative z-10"
[39m
      [36m>[39m
        [36m<header[39m
          [33mclass[39m=[32m"sticky top-0
 z-gnb border-b border-border bg-background/
95 backdrop-blur"[39m
        [36m>[39m
          [36m<div[39m
            [33mclass[39m=[32m"container 
mx-auto flex h-16 items-center justify-betwe
en px-sp-4"[39m
          [36m>[39m
            [36m<a[39m
              [33mclass[39m=[32m"flex ite
ms-center gap-sp-3"[39m
              [33mhref[39m=[32m"/category
/saju"[39m
            [36m>[39m
              [36m<div[39m
                [33mclass[39m=[32m"flex h
-10 w-10 items-center justify-center rounded
-full border border-[#C9A86A]/30 bg-[#FAF7F2
] text-[#24303F]"[39m
              [36m>[39m
                [36m<svg[39m
                  [33maria-hidden[39m=[32
m"true"[39m
                  [33mclass[39m=[32m"luci
de lucide-sparkles h-4 w-4"[39m
                  [33mfill[39m=[32m"none"
[39m
                  [33mheight[39m=[32m"24"
[39m
                  [33mstroke[39m=[32m"cur
rentColor"[39m
                  [33mstroke-linecap[39m=
[32m"round"[39m
                  [33mstroke-linejoin[39m=
[32m"round"[39m
                  [33mstroke-width[39m=[3
2m"2"[39m
                  [33mviewBox[39m=[32m"0 
0 24 24"[39m
                  [33mwidth[39m=[32m"24"
[39m
                  [33mxmlns[39m=[32m"http
://www.w3.org/2000/svg"[39m
                [36m>[39m
                  [36m<path[39m
                    [33md[39m=[32m"M11.01
7 2.814a1 1 0 0 1 1.966 0l1.051 5.558a2 2 0 
0 0 1.594 1.594l5.558 1.051a1 1 0 0 1 0 1.96
6l-5.558 1.051a2 2 0 0 0-1.594 1.594l-1.051 
5.558a1 1 0 0 1-1.966 0l-1.051-5.558a2 2 0 0
 0-1.594-1.594l-5.558-1.051a1 1 0 0 1 0-1.96
6l5.558-1.051a2 2 0 0 0 1.594-1.594z"[39m
                  [36m/>[39m
                  [36m<path[39m
                    [33md[39m=[32m"M20 2v
4"[39m
                  [36m/>[39m
                  [36m<path[39m
                    [33md[39m=[32m"M22 4h
-4"[39m
                  [36m/>[39m
                  [36m<circle[39m
                    [33mcx[39m=[32m"4"[3
9m
                    [33mcy[39m=[32m"20"[
39m
                    [33mr[39m=[32m"2"[39
m
                  [36m/>[39m
                [36m</svg>[39m
              [36m</div>[39m
              [36m<div[39m
                [33mclass[39m=[32m"min-w-
0"[39m
              [36m>[39m
                [36m<span[39m
                  [33mclass[39m=[32m"bloc
k text-title font-editorial text-foreground"
[39m
                [36m>[39m
                  [0m李쎌옱 由ы룷??[0m
                [36m</span>[39m
                [36m<span[39m
                  [33mclass[39m=[32m"bloc
k text-[11px] font-semibold text-text-second
ary"[39m
                [36m>[39m
                  [0mPremium Wellness Edito
rial[0m
                [36m</span>[39m
              [36m</div>[39m
            [36m</a>[39m
            [36m<nav[39m
              [33mclass[39m=[32m"hidden i
tems-center gap-sp-6 md:flex"[39m
            [36m>[39m
              [36m<a[39m
                [33mclass[39m=[32m"transi
tion-fast hover:text-foreground text-text-se
condary"[39m
                [33mhref[39m=[32m"/catego
ry/saju"[39m
              [36m>[39m
                [0m??[0m
              [36m</a>[39m
              [36m<a[39m
                [33mclass[39m=[32m"transi
tion-fast hover:text-foreground text-text-se
condary"[39m
                [33mhref[39m=[32m"/saju"
[39m
              [36m>[39m
                [0m???ъ＜[0m
              [36m</a>[39m
              [36m<a[39m
                [33mclass[39m=[32m"transi
tion-fast hover:text-foreground text-primary
"[39m
                [33mhref[39m=[32m"/fortun
e"[39m
              [36m>[39m
                [0m?댁꽭[0m
              [36m</a>[39m
              [36m<a[39m
                [33mclass[39m=[32m"transi
tion-fast hover:text-foreground text-text-se
condary"[39m
                [33mhref[39m=[32m"/love/c
ouple-report"[39m
              [36m>[39m
                [0m沅곹빀[0m
              [36m</a>[39m
              [36m<a[39m
                [33mclass[39m=[32m"transi
tion-fast hover:text-foreground text-text-se
condary"[39m
                [33mhref[39m=[32m"/mypage
"[39m
              [36m>[39m
                [0m蹂닿???[0m
              [36m</a>[39m
            [36m</nav>[39m
            [36m<div[39m
              [33mclass[39m=[32m"hidden i
tems-center gap-2 md:flex"[39m
            [36m>[39m
              [36m<a[39m
                [33mclass[39m=[32m"inline
-flex h-10 items-center justify-center round
ed-full border border-border bg-white px-4 t
ext-[13px] font-semibold text-text-secondary
 transition-fast hover:bg-bg-subtle hover:te
xt-foreground"[39m
                [33mhref[39m=[32m"/help"
[39m
              [36m>[39m
                [0m?꾩?留?[0m
              [36m</a>[39m
              [36m<a[39m
                [33mclass[39m=[32m"inline
-flex h-10 items-center justify-center round
ed-full bg-primary px-4 text-[13px] font-bol
d text-primary-foreground transition-fast ho
ver:bg-primary-hover"[39m
                [33mhref[39m=[32m"/result
"[39m
              [36m>[39m
                [0m理쒓렐 寃곌낵[0m
              [36m</a>[39m
            [36m</div>[39m
            [36m<button[39m
              [33maria-label[39m=[32m"硫붾돱
 ?닿린"[39m
              [33mclass[39m=[32m"flex h-1
1 w-11 items-center justify-center rounded-m
d border border-border bg-white md:hidden"[
39m
            [36m>[39m
              [36m<svg[39m
                [33maria-hidden[39m=[32m"
true"[39m
                [33mclass[39m=[32m"lucide
 lucide-menu"[39m
                [33mfill[39m=[32m"none"[
39m
                [33mheight[39m=[32m"20"[
39m
                [33mstroke[39m=[32m"curre
ntColor"[39m
                [33mstroke-linecap[39m=[3
2m"round"[39m
                [33mstroke-linejoin[39m=[
32m"round"[39m
                [33mstroke-width[39m=[32m
"2"[39m
                [33mviewBox[39m=[32m"0 0 
24 24"[39m
                [33mwidth[39m=[32m"20"[3
9m
                [33mxmlns[39m=[32m"http:/
/www.w3.org/2000/svg"[39m
              [36m>[39m
                [36m<path[39m
                  [33md[39m=[32m"M4 5h16"
[39m
                [36m/>[39m
                [36m<path[39m
                  [33md[39m=[32m"M4 12h16
"[39m
                [36m/>[39m
                [36m<path[39m
                  [33md[39m=[32m"M4 19h16
"[39m
                [36m/>[39m
              [36m</svg>[39m
            [36m</button>[39m
          [36m</div>[39m
        [36m</header>[39m
        [36m<main[39m
          [33mclass[39m=[32m"pb-[88px] md
:pb-0"[39m
     ...

Ignored nodes: comments, script, style
[36m<body>[39m
  [36m<div>[39m
    [36m<div[39m
      [33mclass[39m=[32m"relative min-h-s
creen bg-background"[39m
    [36m>[39m
      [36m<div[39m
        [33mclass[39m=[32m"relative z-10"
[39m
      [36m>[39m
        [36m<header[39m
          [33mclass[39m=[32m"sticky top-0
 z-gnb border-b border-border bg-background/
95 backdrop-blur"[39m
        [36m>[39m
          [36m<div[39m
            [33mclass[39m=[32m"container 
mx-auto flex h-16 items-center justify-betwe
en px-sp-4"[39m
          [36m>[39m
            [36m<a[39m
              [33mclass[39m=[32m"flex ite
ms-center gap-sp-3"[39m
              [33mhref[39m=[32m"/category
/saju"[39m
            [36m>[39m
              [36m<div[39m
                [33mclass[39m=[32m"flex h
-10 w-10 items-center justify-center rounded
-full border border-[#C9A86A]/30 bg-[#FAF7F2
] text-[#24303F]"[39m
              [36m>[39m
                [36m<svg[39m
                  [33maria-hidden[39m=[32
m"true"[39m
                  [33mclass[39m=[32m"luci
de lucide-sparkles h-4 w-4"[39m
                  [33mfill[39m=[32m"none"
[39m
                  [33mheight[39m=[32m"24"
[39m
                  [33mstroke[39m=[32m"cur
rentColor"[39m
                  [33mstroke-linecap[39m=
[32m"round"[39m
                  [33mstroke-linejoin[39m=
[32m"round"[39m
                  [33mstroke-width[39m=[3
2m"2"[39m
                  [33mviewBox[39m=[32m"0 
0 24 24"[39m
                  [33mwidth[39m=[32m"24"
[39m
                  [33mxmlns[39m=[32m"http
://www.w3.org/2000/svg"[39m
                [36m>[39m
                  [36m<path[39m
                    [33md[39m=[32m"M11.01
7 2.814a1 1 0 0 1 1.966 0l1.051 5.558a2 2 0 
0 0 1.594 1.594l5.558 1.051a1 1 0 0 1 0 1.96
6l-5.558 1.051a2 2 0 0 0-1.594 1.594l-1.051 
5.558a1 1 0 0 1-1.966 0l-1.051-5.558a2 2 0 0
 0-1.594-1.594l-5.558-1.051a1 1 0 0 1 0-1.96
6l5.558-1.051a2 2 0 0 0 1.594-1.594z"[39m
                  [36m/>[39m
                  [36m<path[39m
                    [33md[39m=[32m"M20 2v
4"[39m
                  [36m/>[39m
                  [36m<path[39m
                    [33md[39m=[32m"M22 4h
-4"[39m
                  [36m/>[39m
                  [36m<circle[39m
                    [33mcx[39m=[32m"4"[3
9m
                    [33mcy[39m=[32m"20"[
39m
                    [33mr[39m=[32m"2"[39
m
                  [36m/>[39m
                [36m</svg>[39m
              [36m</div>[39m
              [36m<div[39m
                [33mclass[39m=[32m"min-w-
0"[39m
              [36m>[39m
                [36m<span[39m
                  [33mclass[39m=[32m"bloc
k text-title font-editorial text-foreground"
[39m
                [36m>[39m
                  [0m李쎌옱 由ы룷??[0m
                [36m</span>[39m
                [36m<span[39m
                  [33mclass[39m=[32m"bloc
k text-[11px] font-semibold text-text-second
ary"[39m
                [36m>[39m
                  [0mPremium Wellness Edito
rial[0m
                [36m</span>[39m
              [36m</div>[39m
            [36m</a>[39m
            [36m<nav[39m
              [33mclass[39m=[32m"hidden i
tems-center gap-sp-6 md:flex"[39m
            [36m>[39m
              [36m<a[39m
                [33mclass[39m=[32m"transi
tion-fast hover:text-foreground text-text-se
condary"[39m
                [33mhref[39m=[32m"/catego
ry/saju"[39m
              [36m>[39m
                [0m??[0m
              [36m</a>[39m
              [36m<a[39m
                [33mclass[39m=[32m"transi
tion-fast hover:text-foreground text-text-se
condary"[39m
                [33mhref[39m=[32m"/saju"
[39m
              [36m>[39m
                [0m???ъ＜[0m
              [36m</a>[39m
              [36m<a[39m
                [33mclass[39m=[32m"transi
tion-fast hover:text-foreground text-primary
"[39m
                [33mhref[39m=[32m"/fortun
e"[39m
              [36m>[39m
                [0m?댁꽭[0m
              [36m</a>[39m
              [36m<a[39m
                [33mclass[39m=[32m"transi
tion-fast hover:text-foreground text-text-se
condary"[39m
                [33mhref[39m=[32m"/love/c
ouple-report"[39m
              [36m>[39m
                [0m沅곹빀[0m
              [36m</a>[39m
              [36m<a[39m
                [33mclass[39m=[32m"transi
tion-fast hover:text-foreground text-text-se
condary"[39m
                [33mhref[39m=[32m"/mypage
"[39m
              [36m>[39m
                [0m蹂닿???[0m
              [36m</a>[39m
            [36m</nav>[39m
            [36m<div[39m
              [33mclass[39m=[32m"hidden i
tems-center gap-2 md:flex"[39m
            [36m>[39m
              [36m<a[39m
                [33mclass[39m=[32m"inline
-flex h-10 items-center justify-center round
ed-full border border-border bg-white px-4 t
ext-[13px] font-semibold text-text-secondary
 transition-fast hover:bg-bg-subtle hover:te
xt-foreground"[39m
                [33mhref[39m=[32m"/help"
[39m
              [36m>[39m
                [0m?꾩?留?[0m
              [36m</a>[39m
              [36m<a[39m
                [33mclass[39m=[32m"inline
-flex h-10 items-center justify-center round
ed-full bg-primary px-4 text-[13px] font-bol
d text-primary-foreground transition-fast ho
ver:bg-primary-hover"[39m
                [33mhref[39m=[32m"/result
"[39m
              [36m>[39m
                [0m理쒓렐 寃곌낵[0m
              [36m</a>[39m
            [36m</div>[39m
            [36m<button[39m
              [33maria-label[39m=[32m"硫붾돱
 ?닿린"[39m
              [33mclass[39m=[32m"flex h-1
1 w-11 items-center justify-center rounded-m
d border border-border bg-white md:hidden"[
39m
            [36m>[39m
              [36m<svg[39m
                [33maria-hidden[39m=[32m"
true"[39m
                [33mclass[39m=[32m"lucide
 lucide-menu"[39m
                [33mfill[39m=[32m"none"[
39m
                [33mheight[39m=[32m"20"[
39m
                [33mstroke[39m=[32m"curre
ntColor"[39m
                [33mstroke-linecap[39m=[3
2m"round"[39m
                [33mstroke-linejoin[39m=[
32m"round"[39m
                [33mstroke-width[39m=[32m
"2"[39m
                [33mviewBox[39m=[32m"0 0 
24 24"[39m
                [33mwidth[39m=[32m"20"[3
9m
                [33mxmlns[39m=[32m"http:/
/www.w3.org/2000/svg"[39m
              [36m>[39m
                [36m<path[39m
                  [33md[39m=[32m"M4 5h16"
[39m
                [36m/>[39m
                [36m<path[39m
                  [33md[39m=[32m"M4 12h16
"[39m
                [36m/>[39m
                [36m<path[39m
                  [33md[39m=[32m"M4 19h16
"[39m
                [36m/>[39m
              [36m</svg>[39m
            [36m</button>[39m
          [36m</div>[39m
        [36m</header>[39m
        [36m<main[39m
          [33mclass[39m=[32m"pb-[88px] md
:pb-0"[39m
     ...
[90m [2m??[22m waitForWrapper node_modules
/@testing-library/dom/dist/wait-for.js:[2m1
63:27[22m[39m
[90m [2m??[22m findByText node_modules/@te
sting-library/dom/dist/query-helpers.js:[2m
86:33[22m[39m
[36m [2m??[22m src/test/fortune.personal.p
age.test.tsx:[2m32:18[22m[39m
    [90m 30| [39m    )[33m;[39m
    [90m 31| [39m
    [90m 32| [39m    [35mawait[39m scree
n[33m.[39m[34mfindByText[39m([32m"湲곤옙? 
?占쎌＜ ?占쎌씠?占쏙옙? ?占쎌뒿?占쎈떎"[39m)[33m;[39m
    [90m   | [39m                 [31m^[
39m
    [90m 33| [39m
    [90m 34| [39m    [35mawait[39m [34m
waitFor[39m(() [33m=>[39m {

[31m[2m??렞??렞??렞??렞??렞??렞??렞??렞??렞??렞??렞[2
4/33]??[22m[39m

[41m[1m FAIL [22m[49m src/test/index.pag
e.test.tsx[2m > [22mIndex page[2m > [22m
renders the portal hero and primary entry po
ints
[31m[1mTestingLibraryElementError[22m[39
m: Unable to find an element with the text: 
???占쎌＜占?3占??占쎌뿉 ?占쏀빐?占쎈뒗 ?占쏀솢???占쎌꽍. This co
uld be because the text is broken up by mult
iple elements. In this case, you can provide
 a function for your text matcher to make yo
ur matcher more flexible.

Ignored nodes: comments, script, style
[36m<body>[39m
  [36m<div>[39m
    [36m<div[39m
      [33mclass[39m=[32m"relative min-h-s
creen bg-background"[39m
    [36m>[39m
      [36m<div[39m
        [33mclass[39m=[32m"relative z-10"
[39m
      [36m>[39m
        [36m<header[39m
          [33mclass[39m=[32m"sticky top-0
 z-gnb border-b border-border bg-background/
95 backdrop-blur"[39m
        [36m>[39m
          [36m<div[39m
            [33mclass[39m=[32m"container 
mx-auto flex h-16 items-center justify-betwe
en px-sp-4"[39m
          [36m>[39m
            [36m<a[39m
              [33mclass[39m=[32m"flex ite
ms-center gap-sp-3"[39m
              [33mhref[39m=[32m"/category
/saju"[39m
            [36m>[39m
              [36m<div[39m
                [33mclass[39m=[32m"flex h
-10 w-10 items-center justify-center rounded
-full border border-[#C9A86A]/30 bg-[#FAF7F2
] text-[#24303F]"[39m
              [36m>[39m
                [36m<svg[39m
                  [33maria-hidden[39m=[32
m"true"[39m
                  [33mclass[39m=[32m"luci
de lucide-sparkles h-4 w-4"[39m
                  [33mfill[39m=[32m"none"
[39m
                  [33mheight[39m=[32m"24"
[39m
                  [33mstroke[39m=[32m"cur
rentColor"[39m
                  [33mstroke-linecap[39m=
[32m"round"[39m
                  [33mstroke-linejoin[39m=
[32m"round"[39m
                  [33mstroke-width[39m=[3
2m"2"[39m
                  [33mviewBox[39m=[32m"0 
0 24 24"[39m
                  [33mwidth[39m=[32m"24"
[39m
                  [33mxmlns[39m=[32m"http
://www.w3.org/2000/svg"[39m
                [36m>[39m
                  [36m<path[39m
                    [33md[39m=[32m"M11.01
7 2.814a1 1 0 0 1 1.966 0l1.051 5.558a2 2 0 
0 0 1.594 1.594l5.558 1.051a1 1 0 0 1 0 1.96
6l-5.558 1.051a2 2 0 0 0-1.594 1.594l-1.051 
5.558a1 1 0 0 1-1.966 0l-1.051-5.558a2 2 0 0
 0-1.594-1.594l-5.558-1.051a1 1 0 0 1 0-1.96
6l5.558-1.051a2 2 0 0 0 1.594-1.594z"[39m
                  [36m/>[39m
                  [36m<path[39m
                    [33md[39m=[32m"M20 2v
4"[39m
                  [36m/>[39m
                  [36m<path[39m
                    [33md[39m=[32m"M22 4h
-4"[39m
                  [36m/>[39m
                  [36m<circle[39m
                    [33mcx[39m=[32m"4"[3
9m
                    [33mcy[39m=[32m"20"[
39m
                    [33mr[39m=[32m"2"[39
m
                  [36m/>[39m
                [36m</svg>[39m
              [36m</div>[39m
              [36m<div[39m
                [33mclass[39m=[32m"min-w-
0"[39m
              [36m>[39m
                [36m<span[39m
                  [33mclass[39m=[32m"bloc
k text-title font-editorial text-foreground"
[39m
                [36m>[39m
                  [0m李쎌옱 由ы룷??[0m
                [36m</span>[39m
                [36m<span[39m
                  [33mclass[39m=[32m"bloc
k text-[11px] font-semibold text-text-second
ary"[39m
                [36m>[39m
                  [0mPremium Wellness Edito
rial[0m
                [36m</span>[39m
              [36m</div>[39m
            [36m</a>[39m
            [36m<nav[39m
              [33mclass[39m=[32m"hidden i
tems-center gap-sp-6 md:flex"[39m
            [36m>[39m
              [36m<a[39m
                [33mclass[39m=[32m"transi
tion-fast hover:text-foreground text-text-se
condary"[39m
                [33mhref[39m=[32m"/catego
ry/saju"[39m
              [36m>[39m
                [0m??[0m
              [36m</a>[39m
              [36m<a[39m
                [33mclass[39m=[32m"transi
tion-fast hover:text-foreground text-text-se
condary"[39m
                [33mhref[39m=[32m"/saju"
[39m
              [36m>[39m
                [0m???ъ＜[0m
              [36m</a>[39m
              [36m<a[39m
                [33mclass[39m=[32m"transi
tion-fast hover:text-foreground text-text-se
condary"[39m
                [33mhref[39m=[32m"/fortun
e"[39m
              [36m>[39m
                [0m?댁꽭[0m
              [36m</a>[39m
              [36m<a[39m
                [33mclass[39m=[32m"transi
tion-fast hover:text-foreground text-text-se
condary"[39m
                [33mhref[39m=[32m"/love/c
ouple-report"[39m
              [36m>[39m
                [0m沅곹빀[0m
              [36m</a>[39m
              [36m<a[39m
                [33mclass[39m=[32m"transi
tion-fast hover:text-foreground text-text-se
condary"[39m
                [33mhref[39m=[32m"/mypage
"[39m
              [36m>[39m
                [0m蹂닿???[0m
              [36m</a>[39m
            [36m</nav>[39m
            [36m<div[39m
              [33mclass[39m=[32m"hidden i
tems-center gap-2 md:flex"[39m
            [36m>[39m
              [36m<a[39m
                [33mclass[39m=[32m"inline
-flex h-10 items-center justify-center round
ed-full border border-border bg-white px-4 t
ext-[13px] font-semibold text-text-secondary
 transition-fast hover:bg-bg-subtle hover:te
xt-foreground"[39m
                [33mhref[39m=[32m"/help"
[39m
              [36m>[39m
                [0m?꾩?留?[0m
              [36m</a>[39m
              [36m<a[39m
                [33mclass[39m=[32m"inline
-flex h-10 items-center justify-center round
ed-full bg-primary px-4 text-[13px] font-bol
d text-primary-foreground transition-fast ho
ver:bg-primary-hover"[39m
                [33mhref[39m=[32m"/result
"[39m
              [36m>[39m
                [0m理쒓렐 寃곌낵[0m
              [36m</a>[39m
            [36m</div>[39m
            [36m<button[39m
              [33maria-label[39m=[32m"硫붾돱
 ?닿린"[39m
              [33mclass[39m=[32m"flex h-1
1 w-11 items-center justify-center rounded-m
d border border-border bg-white md:hidden"[
39m
            [36m>[39m
              [36m<svg[39m
                [33maria-hidden[39m=[32m"
true"[39m
                [33mclass[39m=[32m"lucide
 lucide-menu"[39m
                [33mfill[39m=[32m"none"[
39m
                [33mheight[39m=[32m"20"[
39m
                [33mstroke[39m=[32m"curre
ntColor"[39m
                [33mstroke-linecap[39m=[3
2m"round"[39m
                [33mstroke-linejoin[39m=[
32m"round"[39m
                [33mstroke-width[39m=[32m
"2"[39m
                [33mviewBox[39m=[32m"0 0 
24 24"[39m
                [33mwidth[39m=[32m"20"[3
9m
                [33mxmlns[39m=[32m"http:/
/www.w3.org/2000/svg"[39m
              [36m>[39m
                [36m<path[39m
                  [33md[39m=[32m"M4 5h16"
[39m
                [36m/>[39m
                [36m<path[39m
                  [33md[39m=[32m"M4 12h16
"[39m
                [36m/>[39m
                [36m<path[39m
                  [33md[39m=[32m"M4 19h16
"[39m
                [36m/>[39m
              [36m</svg>[39m
            [36m</button>[39m
          [36m</div>[39m
          [36m<div[39m
            [33mclass[39m=[32m"border-t b
order-border bg-background"[39m
    ...
[90m [2m??[22m Object.getElementError node
_modules/@testing-library/dom/dist/config.js
:[2m37:19[22m[39m
[90m [2m??[22m node_modules/@testing-libra
ry/dom/dist/query-helpers.js:[2m76:38[22m
[39m
[90m [2m??[22m node_modules/@testing-libra
ry/dom/dist/query-helpers.js:[2m52:17[22m
[39m
[90m [2m??[22m getByText node_modules/@tes
ting-library/dom/dist/query-helpers.js:[2m9
5:19[22m[39m
[36m [2m??[22m src/test/index.page.test.ts
x:[2m14:19[22m[39m
    [90m 12| [39m    )[33m;[39m
    [90m 13| [39m
    [90m 14| [39m    expect(screen.getByTe
xt("???占쎌＜占?3占??占쎌뿉 ?占쏀빐?占쎈뒗 ?占쏀솢???占쎌꽍")).t
oBeInTh??    [90m   | [39m                
  [31m^[39m
    [90m 15| [39m    expect(screen.getByRo
le("link", { name: "???占쎌＜ ?占쎌옉" })).toBeInT
heD??    [90m 16| [39m    expect(screen.ge
tByRole("link", { name: "?占쎈뒛???占쎌꽭 蹂닿린" }))
.toBeInTh??
[31m[2m??렞??렞??렞??렞??렞??렞??렞??렞??렞??렞??렞[2
5/33]??[22m[39m

[41m[1m FAIL [22m[49m src/test/ohengCalc
ulator.test.ts[2m > [22mohengCalculator[2
m > [22mbuilds palja from hanja pillars
[31m[1mError[22m: 吏?먰븯吏 ?딅뒗 泥쒓컙?낅땲?? 甲
[39m
[36m [2m??[22m resolveGanOheng src/lib/ohe
ngCalculator.ts:[2m118:11[22m[39m
    [90m116| [39m  [35mconst[39m element
 [33m=[39m [33mGAN_OHENG_MAP[39m[gan][3
3m;[39m
    [90m117| [39m  [35mif[39m ([33m![3
9melement) {
    [90m118| [39m    [35mthrow[39m [35m
new[39m [33mError[39m([32m`吏?먰븯吏 ?딅뒗 泥
쒓컙?낅땲?? [39m[36m${[39mgan[36m}[39m[32m
`[39m)[33m;[39m
    [90m   | [39m          [31m^[39m
    [90m119| [39m  }
    [90m120| [39m  [35mreturn[39m elemen
t[33m;[39m
[90m [2m??[22m parseUnit src/lib/ohengCalc
ulator.ts:[2m149:15[22m[39m
[90m [2m??[22m Module.buildPaljaFromPillar
s src/lib/ohengCalculator.ts:[2m155:9[22m
[39m
[90m [2m??[22m src/test/ohengCalculator.te
st.ts:[2m6:19[22m[39m

[31m[2m??렞??렞??렞??렞??렞??렞??렞??렞??렞??렞??렞[2
6/33]??[22m[39m

[41m[1m FAIL [22m[49m src/test/ohengCalc
ulator.test.ts[2m > [22mohengCalculator[2
m > [22msupports hangul ganji mapping
[31m[1mError[22m: 吏?먰븯吏 ?딅뒗 泥쒓컙?낅땲?? 占쏙
옙[39m
[36m [2m??[22m resolveGanOheng src/lib/ohe
ngCalculator.ts:[2m118:11[22m[39m
    [90m116| [39m  [35mconst[39m element
 [33m=[39m [33mGAN_OHENG_MAP[39m[gan][3
3m;[39m
    [90m117| [39m  [35mif[39m ([33m![3
9melement) {
    [90m118| [39m    [35mthrow[39m [35m
new[39m [33mError[39m([32m`吏?먰븯吏 ?딅뒗 泥
쒓컙?낅땲?? [39m[36m${[39mgan[36m}[39m[32m
`[39m)[33m;[39m
    [90m   | [39m          [31m^[39m
    [90m119| [39m  }
    [90m120| [39m  [35mreturn[39m elemen
t[33m;[39m
[90m [2m??[22m Module.getGanOheng src/lib/
ohengCalculator.ts:[2m192:45[22m[39m
[90m [2m??[22m src/test/ohengCalculator.te
st.ts:[2m23:12[22m[39m

[31m[2m??렞??렞??렞??렞??렞??렞??렞??렞??렞??렞??렞[2
7/33]??[22m[39m

[41m[1m FAIL [22m[49m src/test/ohengCalc
ulator.test.ts[2m > [22mohengCalculator[2
m > [22mcalculates distribution and include
s zero percentage entries
[31m[1mError[22m: 吏?먰븯吏 ?딅뒗 泥쒓컙?낅땲?? 占?
[39m
[36m [2m??[22m resolveGanOheng src/lib/ohe
ngCalculator.ts:[2m118:11[22m[39m
    [90m116| [39m  [35mconst[39m element
 [33m=[39m [33mGAN_OHENG_MAP[39m[gan][3
3m;[39m
    [90m117| [39m  [35mif[39m ([33m![3
9melement) {
    [90m118| [39m    [35mthrow[39m [35m
new[39m [33mError[39m([32m`吏?먰븯吏 ?딅뒗 泥
쒓컙?낅땲?? [39m[36m${[39mgan[36m}[39m[32m
`[39m)[33m;[39m
    [90m   | [39m          [31m^[39m
    [90m119| [39m  }
    [90m120| [39m  [35mreturn[39m elemen
t[33m;[39m
[90m [2m??[22m parseUnit src/lib/ohengCalc
ulator.ts:[2m149:15[22m[39m
[90m [2m??[22m Module.buildPaljaFromPillar
s src/lib/ohengCalculator.ts:[2m155:9[22m
[39m
[90m [2m??[22m src/test/ohengCalculator.te
st.ts:[2m30:19[22m[39m

[31m[2m??렞??렞??렞??렞??렞??렞??렞??렞??렞??렞??렞[2
8/33]??[22m[39m

[41m[1m FAIL [22m[49m src/test/ohengCalc
ulator.test.ts[2m > [22mohengCalculator[2
m > [22mreturns weakest elements as yongsin
[31m[1mError[22m: 吏?먰븯吏 ?딅뒗 泥쒓컙?낅땲?? 占?
[39m
[36m [2m??[22m resolveGanOheng src/lib/ohe
ngCalculator.ts:[2m118:11[22m[39m
    [90m116| [39m  [35mconst[39m element
 [33m=[39m [33mGAN_OHENG_MAP[39m[gan][3
3m;[39m
    [90m117| [39m  [35mif[39m ([33m![3
9melement) {
    [90m118| [39m    [35mthrow[39m [35m
new[39m [33mError[39m([32m`吏?먰븯吏 ?딅뒗 泥
쒓컙?낅땲?? [39m[36m${[39mgan[36m}[39m[32m
`[39m)[33m;[39m
    [90m   | [39m          [31m^[39m
    [90m119| [39m  }
    [90m120| [39m  [35mreturn[39m elemen
t[33m;[39m
[90m [2m??[22m parseUnit src/lib/ohengCalc
ulator.ts:[2m149:15[22m[39m
[90m [2m??[22m Module.buildPaljaFromPillar
s src/lib/ohengCalculator.ts:[2m155:9[22m
[39m
[90m [2m??[22m src/test/ohengCalculator.te
st.ts:[2m45:19[22m[39m

[31m[2m??렞??렞??렞??렞??렞??렞??렞??렞??렞??렞??렞[2
9/33]??[22m[39m

[41m[1m FAIL [22m[49m src/test/result.pa
ge.lifetime.test.tsx[2m > [22mResultPage l
ifetime rendering[2m > [22mrenders stored 
daeun/golden periods without synthetic year 
calculation
[31m[1mTestingLibraryElementError[22m[39
m: Unable to find an element with the text: 
占싸삼옙 占싼울옙 占쏙옙占쏙옙트. This could be because the
 text is broken up by multiple elements. In 
this case, you can provide a function for yo
ur text matcher to make your matcher more fl
exible.

Ignored nodes: comments, script, style
[36m<body>[39m
  [36m<div>[39m
    [36m<div[39m
      [33mclass[39m=[32m"relative z-20 fl
ex min-h-full flex-col"[39m
    [36m>[39m
      [36m<div[39m
        [33mclass[39m=[32m"relative z-10 
flex min-h-screen flex-col"[39m
      [36m>[39m
        [36m<header[39m
          [33mclass[39m=[32m"border-b bor
der-border bg-background/92 backdrop-blur"[
39m
        [36m>[39m
          [36m<div[39m
            [33mclass[39m=[32m"max-w-[136
0px] mx-auto w-full px-4 sm:px-6"[39m
          [36m>[39m
            [36m<div[39m
              [33mclass[39m=[32m"flex fle
x-col gap-1 py-4"[39m
            [36m>[39m
              [36m<div[39m
                [33mclass[39m=[32m"mb-1 f
lex items-center gap-1.5 text-[13px] font-me
dium text-text-secondary"[39m
              [36m>[39m
                [36m<span>[39m
                  [0m?ъ＜/留뚯꽭??[0m
                [36m</span>[39m
                [36m<svg[39m
                  [33maria-hidden[39m=[32
m"true"[39m
                  [33mclass[39m=[32m"luci
de lucide-chevron-right h-3.5 w-3.5 opacity-
50"[39m
                  [33mfill[39m=[32m"none"
[39m
                  [33mheight[39m=[32m"24"
[39m
                  [33mstroke[39m=[32m"cur
rentColor"[39m
                  [33mstroke-linecap[39m=
[32m"round"[39m
                  [33mstroke-linejoin[39m=
[32m"round"[39m
                  [33mstroke-width[39m=[3
2m"2"[39m
                  [33mviewBox[39m=[32m"0 
0 24 24"[39m
                  [33mwidth[39m=[32m"24"
[39m
                  [33mxmlns[39m=[32m"http
://www.w3.org/2000/svg"[39m
                [36m>[39m
                  [36m<path[39m
                    [33md[39m=[32m"m9 18 
6-6-6-6"[39m
                  [36m/>[39m
                [36m</svg>[39m
                [36m<span[39m
                  [33mclass[39m=[32m"text
-foreground"[39m
                [36m>[39m
                  [0m?몄깮 珥앹슫 由ы룷??[0m
                [36m</span>[39m
              [36m</div>[39m
              [36m<div[39m
                [33mclass[39m=[32m"flex i
tems-center gap-3"[39m
              [36m>[39m
                [36m<div[39m
                  [33mclass[39m=[32m"roun
ded-xl border p-2 text-foreground border-[#C
9A86A]/40 bg-[#FAF7F2]"[39m
                [36m>[39m
                  [36m<svg[39m
                    [33maria-hidden[39m=[
32m"true"[39m
                    [33mclass[39m=[32m"lu
cide lucide-file-text h-6 w-6"[39m
                    [33mfill[39m=[32m"non
e"[39m
                    [33mheight[39m=[32m"2
4"[39m
                    [33mstroke[39m=[32m"c
urrentColor"[39m
                    [33mstroke-linecap[39m
=[32m"round"[39m
                    [33mstroke-linejoin[39
m=[32m"round"[39m
                    [33mstroke-width[39m=
[32m"2"[39m
                    [33mviewBox[39m=[32m"
0 0 24 24"[39m
                    [33mwidth[39m=[32m"24
"[39m
                    [33mxmlns[39m=[32m"ht
tp://www.w3.org/2000/svg"[39m
                  [36m>[39m
                    [36m<path[39m
                      [33md[39m=[32m"M6 2
2a2 2 0 0 1-2-2V4a2 2 0 0 1 2-2h8a2.4 2.4 0 
0 1 1.704.706l3.588 3.588A2.4 2.4 0 0 1 20 8
v12a2 2 0 0 1-2 2z"[39m
                    [36m/>[39m
                    [36m<path[39m
                      [33md[39m=[32m"M14 
2v5a1 1 0 0 0 1 1h5"[39m
                    [36m/>[39m
                    [36m<path[39m
                      [33md[39m=[32m"M10 
9H8"[39m
                    [36m/>[39m
                    [36m<path[39m
                      [33md[39m=[32m"M16 
13H8"[39m
                    [36m/>[39m
                    [36m<path[39m
                      [33md[39m=[32m"M16 
17H8"[39m
                    [36m/>[39m
                  [36m</svg>[39m
                [36m</div>[39m
                [36m<div>[39m
                  [36m<h1[39m
                    [33mclass[39m=[32m"fo
nt-editorial text-xl font-bold tracking-tigh
t text-foreground sm:text-2xl"[39m
                  [36m>[39m
                    [0m?몄깮 珥앹슫 由ы룷??[0m
                  [36m</h1>[39m
                  [36m<p[39m
                    [33mclass[39m=[32m"mt
-0.5 text-[13px] text-text-secondary"[39m
                  [36m>[39m
                    [0m1995??6??29??(?묐젰)[
0m
                  [36m</p>[39m
                [36m</div>[39m
              [36m</div>[39m
            [36m</div>[39m
          [36m</div>[39m
        [36m</header>[39m
        [36m<div[39m
          [33maria-hidden[39m=[32m"true"
[39m
          [33mclass[39m=[32m"sticky top-0
 z-20 overflow-hidden border-b border-border
 bg-background/95 backdrop-blur transition-[
max-height,opacity] duration-200 pointer-eve
nts-none max-h-0 opacity-0"[39m
        [36m>[39m
          [36m<div[39m
            [33mclass[39m=[32m"max-w-[136
0px] mx-auto w-full px-4 sm:px-6"[39m
          [36m>[39m
            [36m<div[39m
              [33mclass[39m=[32m"flex h-1
4 items-center gap-2"[39m
            [36m>[39m
              [36m<svg[39m
                [33maria-hidden[39m=[32m"
true"[39m
                [33mclass[39m=[32m"lucide
 lucide-file-text h-4 w-4 text-text-secondar
y"[39m
                [33mfill[39m=[32m"none"[
39m
                [33mheight[39m=[32m"24"[
39m
                [33mstroke[39m=[32m"curre
ntColor"[39m
                [33mstroke-linecap[39m=[3
2m"round"[39m
                [33mstroke-linejoin[39m=[
32m"round"[39m
                [33mstroke-width[39m=[32m
"2"[39m
                [33mviewBox[39m=[32m"0 0 
24 24"[39m
                [33mwidth[39m=[32m"24"[3
9m
                [33mxmlns[39m=[32m"http:/
/www.w3.org/2000/svg"[39m
              [36m>[39m
                [36m<path[39m
                  [33md[39m=[32m"M6 22a2 
2 0 0 1-2-2V4a2 2 0 0 1 2-2h8a2.4 2.4 0 0 1 
1.704.706l3.588 3.588A2.4 2.4 0 0 1 20 8v12a
2 2 0 0 1-2 2z"[39m
                [36m/>[39m
                [36m<path[39m
                  [33md[39m=[32m"M14 2v5a
1 1 0 0 0 1 1h5"[39m
                [36m/>[39m
                [36m<path[39m
                  [33md[39m=[32m"M10 9H8"
[39m
                [36m/>[39m
                [36m<path[39m
                  [33md[39m=[32m"M16 13H8
"[39m
                [36m/>[39m
                [36m<path[39m
                  [33md[39m=[32m"M16 17H8
"[39m
                [36m/>[39m
              [36m</svg>[39m
              [36m<p[39m
                [33mclass[39m=[32m"min-w-
0 truncate text-[14px] font-bold text-foregr
ound"[39m
              [36m>[39m
                [0m?몄깮 珥앹슫 由ы룷??[0m
              [36m</p>[39m
              [36m<p[39m
                [33mclass[39m=[32m"hidden
 min-w-0 truncate text-[12px] text-text-seco
ndary sm:block"[39m
              [36m>[39m
                [0m쨌 [0m
                [0m1995??6??29??(?묐젰)[0m
              [36m</p>[39m
            [36m</div>...

Ignored nodes: comments, script, style
[36m<body>[39m
  [36m<div>[39m
    [36m<div[39m
      [33mclass[39m=[32m"relative z-20 fl
ex min-h-full flex-col"[39m
    [36m>[39m
      [36m<div[39m
        [33mclass[39m=[32m"relative z-10 
flex min-h-screen flex-col"[39m
      [36m>[39m
        [36m<header[39m
          [33mclass[39m=[32m"border-b bor
der-border bg-background/92 backdrop-blur"[
39m
        [36m>[39m
          [36m<div[39m
            [33mclass[39m=[32m"max-w-[136
0px] mx-auto w-full px-4 sm:px-6"[39m
          [36m>[39m
            [36m<div[39m
              [33mclass[39m=[32m"flex fle
x-col gap-1 py-4"[39m
            [36m>[39m
              [36m<div[39m
                [33mclass[39m=[32m"mb-1 f
lex items-center gap-1.5 text-[13px] font-me
dium text-text-secondary"[39m
              [36m>[39m
                [36m<span>[39m
                  [0m?ъ＜/留뚯꽭??[0m
                [36m</span>[39m
                [36m<svg[39m
                  [33maria-hidden[39m=[32
m"true"[39m
                  [33mclass[39m=[32m"luci
de lucide-chevron-right h-3.5 w-3.5 opacity-
50"[39m
                  [33mfill[39m=[32m"none"
[39m
                  [33mheight[39m=[32m"24"
[39m
                  [33mstroke[39m=[32m"cur
rentColor"[39m
                  [33mstroke-linecap[39m=
[32m"round"[39m
                  [33mstroke-linejoin[39m=
[32m"round"[39m
                  [33mstroke-width[39m=[3
2m"2"[39m
                  [33mviewBox[39m=[32m"0 
0 24 24"[39m
                  [33mwidth[39m=[32m"24"
[39m
                  [33mxmlns[39m=[32m"http
://www.w3.org/2000/svg"[39m
                [36m>[39m
                  [36m<path[39m
                    [33md[39m=[32m"m9 18 
6-6-6-6"[39m
                  [36m/>[39m
                [36m</svg>[39m
                [36m<span[39m
                  [33mclass[39m=[32m"text
-foreground"[39m
                [36m>[39m
                  [0m?몄깮 珥앹슫 由ы룷??[0m
                [36m</span>[39m
              [36m</div>[39m
              [36m<div[39m
                [33mclass[39m=[32m"flex i
tems-center gap-3"[39m
              [36m>[39m
                [36m<div[39m
                  [33mclass[39m=[32m"roun
ded-xl border p-2 text-foreground border-[#C
9A86A]/40 bg-[#FAF7F2]"[39m
                [36m>[39m
                  [36m<svg[39m
                    [33maria-hidden[39m=[
32m"true"[39m
                    [33mclass[39m=[32m"lu
cide lucide-file-text h-6 w-6"[39m
                    [33mfill[39m=[32m"non
e"[39m
                    [33mheight[39m=[32m"2
4"[39m
                    [33mstroke[39m=[32m"c
urrentColor"[39m
                    [33mstroke-linecap[39m
=[32m"round"[39m
                    [33mstroke-linejoin[39
m=[32m"round"[39m
                    [33mstroke-width[39m=
[32m"2"[39m
                    [33mviewBox[39m=[32m"
0 0 24 24"[39m
                    [33mwidth[39m=[32m"24
"[39m
                    [33mxmlns[39m=[32m"ht
tp://www.w3.org/2000/svg"[39m
                  [36m>[39m
                    [36m<path[39m
                      [33md[39m=[32m"M6 2
2a2 2 0 0 1-2-2V4a2 2 0 0 1 2-2h8a2.4 2.4 0 
0 1 1.704.706l3.588 3.588A2.4 2.4 0 0 1 20 8
v12a2 2 0 0 1-2 2z"[39m
                    [36m/>[39m
                    [36m<path[39m
                      [33md[39m=[32m"M14 
2v5a1 1 0 0 0 1 1h5"[39m
                    [36m/>[39m
                    [36m<path[39m
                      [33md[39m=[32m"M10 
9H8"[39m
                    [36m/>[39m
                    [36m<path[39m
                      [33md[39m=[32m"M16 
13H8"[39m
                    [36m/>[39m
                    [36m<path[39m
                      [33md[39m=[32m"M16 
17H8"[39m
                    [36m/>[39m
                  [36m</svg>[39m
                [36m</div>[39m
                [36m<div>[39m
                  [36m<h1[39m
                    [33mclass[39m=[32m"fo
nt-editorial text-xl font-bold tracking-tigh
t text-foreground sm:text-2xl"[39m
                  [36m>[39m
                    [0m?몄깮 珥앹슫 由ы룷??[0m
                  [36m</h1>[39m
                  [36m<p[39m
                    [33mclass[39m=[32m"mt
-0.5 text-[13px] text-text-secondary"[39m
                  [36m>[39m
                    [0m1995??6??29??(?묐젰)[
0m
                  [36m</p>[39m
                [36m</div>[39m
              [36m</div>[39m
            [36m</div>[39m
          [36m</div>[39m
        [36m</header>[39m
        [36m<div[39m
          [33maria-hidden[39m=[32m"true"
[39m
          [33mclass[39m=[32m"sticky top-0
 z-20 overflow-hidden border-b border-border
 bg-background/95 backdrop-blur transition-[
max-height,opacity] duration-200 pointer-eve
nts-none max-h-0 opacity-0"[39m
        [36m>[39m
          [36m<div[39m
            [33mclass[39m=[32m"max-w-[136
0px] mx-auto w-full px-4 sm:px-6"[39m
          [36m>[39m
            [36m<div[39m
              [33mclass[39m=[32m"flex h-1
4 items-center gap-2"[39m
            [36m>[39m
              [36m<svg[39m
                [33maria-hidden[39m=[32m"
true"[39m
                [33mclass[39m=[32m"lucide
 lucide-file-text h-4 w-4 text-text-secondar
y"[39m
                [33mfill[39m=[32m"none"[
39m
                [33mheight[39m=[32m"24"[
39m
                [33mstroke[39m=[32m"curre
ntColor"[39m
                [33mstroke-linecap[39m=[3
2m"round"[39m
                [33mstroke-linejoin[39m=[
32m"round"[39m
                [33mstroke-width[39m=[32m
"2"[39m
                [33mviewBox[39m=[32m"0 0 
24 24"[39m
                [33mwidth[39m=[32m"24"[3
9m
                [33mxmlns[39m=[32m"http:/
/www.w3.org/2000/svg"[39m
              [36m>[39m
                [36m<path[39m
                  [33md[39m=[32m"M6 22a2 
2 0 0 1-2-2V4a2 2 0 0 1 2-2h8a2.4 2.4 0 0 1 
1.704.706l3.588 3.588A2.4 2.4 0 0 1 20 8v12a
2 2 0 0 1-2 2z"[39m
                [36m/>[39m
                [36m<path[39m
                  [33md[39m=[32m"M14 2v5a
1 1 0 0 0 1 1h5"[39m
                [36m/>[39m
                [36m<path[39m
                  [33md[39m=[32m"M10 9H8"
[39m
                [36m/>[39m
                [36m<path[39m
                  [33md[39m=[32m"M16 13H8
"[39m
                [36m/>[39m
                [36m<path[39m
                  [33md[39m=[32m"M16 17H8
"[39m
                [36m/>[39m
              [36m</svg>[39m
              [36m<p[39m
                [33mclass[39m=[32m"min-w-
0 truncate text-[14px] font-bold text-foregr
ound"[39m
              [36m>[39m
                [0m?몄깮 珥앹슫 由ы룷??[0m
              [36m</p>[39m
              [36m<p[39m
                [33mclass[39m=[32m"hidden
 min-w-0 truncate text-[12px] text-text-seco
ndary sm:block"[39m
              [36m>[39m
                [0m쨌 [0m
                [0m1995??6??29??(?묐젰)[0m
              [36m</p>[39m
            [36m</div>...
[90m [2m??[22m waitForWrapper node_modules
/@testing-library/dom/dist/wait-for.js:[2m1
63:27[22m[39m
[90m [2m??[22m findAllByText node_modules/
@testing-library/dom/dist/query-helpers.js:
[2m86:33[22m[39m
[36m [2m??[22m src/test/result.page.lifeti
me.test.tsx:[2m94:26[22m[39m
    [90m 92| [39m    )[33m;[39m
    [90m 93| [39m
    [90m 94| [39m    expect((await screen.
findAllByText("占싸삼옙 占싼울옙 占쏙옙占쏙옙트")).length).
toBeG??    [90m   | [39m                  
       [31m^[39m
    [90m 95| [39m    [34mexpect[39m(scre
en[33m.[39m[34mgetByText[39m([32m"占싸삼옙 
占쏙옙占쏙옙"[39m))[33m.[39m[34mtoBeInTheDocum
ent[39m()[33m;[39m
    [90m 96| [39m    [34mexpect[39m(scre
en[33m.[39m[34mgetByText[39m([32m"91占쏙옙
"[39m))[33m.[39m[34mtoBeInTheDocument[3
9m()[33m;[39m

[31m[2m??렞??렞??렞??렞??렞??렞??렞??렞??렞??렞??렞[3
0/33]??[22m[39m

[41m[1m FAIL [22m[49m src/test/sajuEngin
e.test.ts[2m > [22msajuEngine[2m > [22mr
esolves time from block when exact time is m
issing
[31m[1mAssertionError[22m: expected { hou
r: 12, minute: +0 } to deeply equal { hour: 
+0, minute: 30 }[39m

[32m- Expected[39m
[31m+ Received[39m


[2m Test Files [22m [1m[31m27 failed[39m[22m[2m | [22m[1m[32m26 passed[39m[22m[90m (53)[39m
[2m      Tests [22m [1m[31m13 failed[39m[22m[2m | [22m[1m[32m116 passed[39m[22m[90m (129)[39m
[2m     Errors [22m [1m[31m2 errors[39m[22m
[2m   Start at [22m 17:43:09
[2m   Duration [22m 57.48s[2m (transform 6.47s, setup 54.96s, collect 79.73s, tests 9.00s, environment 337.62s, prepare 60.71s)[22m

[2m  {[22m
[32m-   "hour": 0,[39m
[32m-   "minute": 30,[39m
[31m+   "hour": 12,[39m
[31m+   "minute": 0,[39m
[2m  }[22m

[36m [2m??[22m src/test/sajuEngine.test.ts
:[2m27:52[22m[39m
    [90m 25| [39m
    [90m 26| [39m  [34mit[39m([32m"reso
lves time from block when exact time is miss
ing"[39m[33m,[39m () [33m=>[39m {
    [90m 27| [39m    expect(resolveBirthTi
me({ timeBlock: "占쌘쏙옙" })).toEqual({ hour: 0
, ??    [90m   | [39m                     
                              [31m^[39m
    [90m 28| [39m    expect(resolveBirthTi
me({ timeBlock: "占쏙옙" })).toEqual({ hour: 12
, ??    [90m 29| [39m  })[33m;[39m

[31m[2m??렞??렞??렞??렞??렞??렞??렞??렞??렞??렞??렞[3
1/33]??[22m[39m

[41m[1m FAIL [22m[49m src/test/sajuEngin
e.test.ts[2m > [22msajuEngine[2m > [22mr
esolves longitude for standardized region fo
rmat
[31m[1mAssertionError[22m: expected 127 t
o be 126.978 // Object.is equality[39m

[32m- Expected[39m
[31m+ Received[39m

[32m- 126.978[39m
[31m+ 127[39m

[36m [2m??[22m src/test/sajuEngine.test.ts
:[2m32:50[22m[39m
    [90m 30| [39m
    [90m 31| [39m  [34mit[39m([32m"reso
lves longitude for standardized region forma
t"[39m[33m,[39m () [33m=>[39m {
    [90m 32| [39m    [34mexpect[39m([34
mresolveLongitude[39m([32m"占쏙옙占쏙옙특占쏙옙占쏙옙 占
쏙옙占쏙옙占쏙옙"[39m))[33m.[39m[34mtoBe[39m([
34m126.978[39m)[33m;[39m
    [90m   | [39m                         
                        [31m^[39m
    [90m 33| [39m    [34mexpect[39m([34
mresolveLongitude[39m([32m"占쏙옙車껨占?창占쏙옙占쏙옙"
[39m))[33m.[39m[34mtoBe[39m([34m129.1
[39m)[33m;[39m
    [90m 34| [39m  })[33m;[39m

[31m[2m??렞??렞??렞??렞??렞??렞??렞??렞??렞??렞??렞[3
2/33]??[22m[39m

[41m[1m FAIL [22m[49m src/test/sajuEngin
e.test.ts[2m > [22msajuEngine[2m > [22mk
eeps expected pillars for 1995-06-29 04:30 i
n Seoul
[31m[1mAssertionError[22m: expected '阿쇾벤'
 to be '\ufffd\ufffd\ufffd\ufffd' // Object.
is equality[39m

Expected: [32m"占쏙옙占쏙옙"[39m
Received: [31m"阿쇾벤"[39m

[36m [2m??[22m src/test/sajuEngine.test.ts
:[2m67:63[22m[39m
    [90m 65| [39m
    [90m 66| [39m    [35mconst[39m resul
t [33m=[39m [34mcalculateSaju[39m(input)
[33m;[39m
    [90m 67| [39m    expect(`${result.palj
a.year.gan}${result.palja.year.ji}`).toBe("占
쏙옙??    [90m   | [39m                     
                                         [3
1m^[39m
    [90m 68| [39m    expect(`${result.palj
a.month.gan}${result.palja.month.ji}`).toBe(
"??    [90m 69| [39m    expect(`${result.p
alja.day.gan}${result.palja.day.ji}`).toBe("
占쏙옙占쏙옙??
[31m[2m??렞??렞??렞??렞??렞??렞??렞??렞??렞??렞??렞[3
3/33]??[22m[39m

[31m??렞??렞??렞[39m[1m[41m Unhandled Error
s [49m[22m[31m??렞??렞??렞[39m
[31m[1m
Vitest caught 2 unhandled errors during the 
test run.
This might cause false positive tests. Resol
ve unhandled errors to make sure your tests 
are not affected.[22m[39m

[31m??렞??렞[39m[1m[41m Unhandled Rejectio
n [49m[22m[31m??렞??렞??[39m
[31m[1mAssertionError[22m: expected [Func
tion] to throw error including '由ы룷???\ufffd
???吏?\ufffd??ufffd??\ufffd?? but got '由ы룷??
?앹꽦??吏?곕릺怨??덉뒿?덈떎. ?좎떆 ???ㅼ떆 ?쒕룄??二쇱꽭??'[3
9m

Expected: [32m"由ы룷[7m???占쎌꽦??吏?占쎈릺占??占쎌뒿?
占쎈떎[27m."[39m
Received: [31m"由ы룷[7m???앹꽦??吏?곕릺怨??덉뒿?덈떎.
 ?좎떆 ???ㅼ떆 ?쒕룄??二쇱꽭??[27m."[39m

[90m [2m??[22m _Assertion.<anonymous> ../%
EC%82%AC%EC%A3%BC%EC%82%AC%EC%9D%B4%ED%8A%B8
%EC%B0%BD%EC%9E%AC/node_modules/@vitest/expe
ct/dist/index.js:[2m1420:16[22m[39m
[90m [2m??[22m _Assertion.<anonymous> ../%
EC%82%AC%EC%A3%BC%EC%82%AC%EC%9D%B4%ED%8A%B8
%EC%B0%BD%EC%9E%AC/node_modules/@vitest/expe
ct/dist/index.js:[2m1029:14[22m[39m
[90m [2m??[22m _Assertion.methodWrapper ..
/%EC%82%AC%EC%A3%BC%EC%82%AC%EC%9D%B4%ED%8A%
B8%EC%B0%BD%EC%9E%AC/node_modules/chai/index
.js:[2m1686:25[22m[39m
[90m [2m??[22m ../%EC%82%AC%EC%A3%BC%EC%82
%AC%EC%9D%B4%ED%8A%B8%EC%B0%BD%EC%9E%AC/node
_modules/@vitest/expect/dist/index.js:[2m16
39:20[22m[39m

[31mThis error originated in "[1msrc/test/
astrologyClient.birth-report-timeout.test.ts
[22m" test file. It doesn't mean the error 
was thrown inside the file itself, but while
 it was running.[39m
[31mThe latest test that might've caused th
e error is "[1mfails fast when birth_report
 request does not resolve[22m". It might me
an one of the following:
- The error was thrown, while Vitest was run
ning this test.
- If the error occurred after the test had b
een completed, this was the last documented 
test before it was thrown.[39m

[31m??렞??렞[39m[1m[41m Unhandled Rejectio
n [49m[22m[31m??렞??렞??[39m
[31m[1mAssertionError[22m: expected [Func
tion] to throw error including '?\ufffd??uff
fd??\ufffd?? but got '?ㅼ떆媛??댁꽭瑜??꾩쭅 ?앹꽦?섏? 紐
삵뻽?듬땲?? ?좎떆 ???ㅼ떆 ?쒕룄??二쇱꽭??[39m

Expected: [32m"?占쎌떆占??占쎌꽭"[39m
Received: [31m"?ㅼ떆媛??댁꽭瑜??꾩쭅 ?앹꽦?섏? 紐삵뻽?듬땲?
? ?좎떆 ???ㅼ떆 ?쒕룄??二쇱꽭??"[39m

[90m [2m??[22m _Assertion.<anonymous> ../%
EC%82%AC%EC%A3%BC%EC%82%AC%EC%9D%B4%ED%8A%B8
%EC%B0%BD%EC%9E%AC/node_modules/@vitest/expe
ct/dist/index.js:[2m1420:16[22m[39m
[90m [2m??[22m _Assertion.<anonymous> ../%
EC%82%AC%EC%A3%BC%EC%82%AC%EC%9D%B4%ED%8A%B8
%EC%B0%BD%EC%9E%AC/node_modules/@vitest/expe
ct/dist/index.js:[2m1029:14[22m[39m
[90m [2m??[22m _Assertion.methodWrapper ..
/%EC%82%AC%EC%A3%BC%EC%82%AC%EC%9D%B4%ED%8A%
B8%EC%B0%BD%EC%9E%AC/node_modules/chai/index
.js:[2m1686:25[22m[39m
[90m [2m??[22m ../%EC%82%AC%EC%A3%BC%EC%82
%AC%EC%9D%B4%ED%8A%B8%EC%B0%BD%EC%9E%AC/node
_modules/@vitest/expect/dist/index.js:[2m16
39:20[22m[39m

[31mThis error originated in "[1msrc/test/
astrologyClient.today.test.ts[22m" test fil
e. It doesn't mean the error was thrown insi
de the file itself, but while it was running
.[39m
[31mThe latest test that might've caused th
e error is "[1mthrows when all attempts tim
e out[22m". It might mean one of the follow
ing:
- The error was thrown, while Vitest was run
ning this test.
- If the error occurred after the test had b
een completed, this was the last documented 
test before it was thrown.[39m
[31m??렞??렞??렞??렞??렞??렞??렞??렞??렞??렞??렞??렞??렞
??렞??렞[39m

